[0.184s] DEBUG:colcon:Command line arguments: ['/usr/bin/colcon', 'build']
[0.184s] DEBUG:colcon:Parsed command line arguments: Namespace(log_base=None, log_level=None, verb_name='build', build_base='build', install_base='install', merge_install=False, symlink_install=False, test_result_base=None, continue_on_error=False, executor='parallel', parallel_workers=16, event_handlers=None, ignore_user_meta=False, metas=['./colcon.meta'], base_paths=['.'], packages_ignore=None, packages_ignore_regex=None, paths=None, packages_up_to=None, packages_up_to_regex=None, packages_above=None, packages_above_and_dependencies=None, packages_above_depth=None, packages_select_by_dep=None, packages_skip_by_dep=None, packages_skip_up_to=None, packages_select_build_failed=False, packages_skip_build_finished=False, packages_select_test_failures=False, packages_skip_test_passed=False, packages_select=None, packages_skip=None, packages_select_regex=None, packages_skip_regex=None, packages_start=None, packages_end=None, allow_overriding=[], cmake_args=None, cmake_target=None, cmake_target_skip_unavailable=False, cmake_clean_cache=False, cmake_clean_first=False, cmake_force_configure=False, ament_cmake_args=None, catkin_cmake_args=None, catkin_skip_building_tests=False, verb_parser=<colcon_defaults.argument_parser.defaults.DefaultArgumentsDecorator object at 0x71f501800820>, verb_extension=<colcon_core.verb.build.BuildVerb object at 0x71f5019d0f10>, main=<bound method BuildVerb.main of <colcon_core.verb.build.BuildVerb object at 0x71f5019d0f10>>)
[0.349s] Level 1:colcon.colcon_core.package_discovery:discover_packages(colcon_meta) check parameters
[0.349s] Level 1:colcon.colcon_core.package_discovery:discover_packages(recursive) check parameters
[0.349s] Level 1:colcon.colcon_core.package_discovery:discover_packages(ignore) check parameters
[0.349s] Level 1:colcon.colcon_core.package_discovery:discover_packages(path) check parameters
[0.349s] Level 1:colcon.colcon_core.package_discovery:discover_packages(colcon_meta) discover
[0.349s] Level 1:colcon.colcon_core.package_discovery:discover_packages(recursive) discover
[0.349s] INFO:colcon.colcon_core.package_discovery:Crawling recursively for packages in '/home/fog/rob_ws'
[0.349s] Level 1:colcon.colcon_core.package_identification:_identify(.) by extensions ['ignore', 'ignore_ament_install']
[0.349s] Level 1:colcon.colcon_core.package_identification:_identify(.) by extension 'ignore'
[0.349s] Level 1:colcon.colcon_core.package_identification:_identify(.) by extension 'ignore_ament_install'
[0.349s] Level 1:colcon.colcon_core.package_identification:_identify(.) by extensions ['colcon_pkg']
[0.349s] Level 1:colcon.colcon_core.package_identification:_identify(.) by extension 'colcon_pkg'
[0.349s] Level 1:colcon.colcon_core.package_identification:_identify(.) by extensions ['colcon_meta']
[0.349s] Level 1:colcon.colcon_core.package_identification:_identify(.) by extension 'colcon_meta'
[0.349s] Level 1:colcon.colcon_core.package_identification:_identify(.) by extensions ['ros']
[0.349s] Level 1:colcon.colcon_core.package_identification:_identify(.) by extension 'ros'
[0.362s] Level 1:colcon.colcon_core.package_identification:_identify(.) by extensions ['cmake', 'python']
[0.362s] Level 1:colcon.colcon_core.package_identification:_identify(.) by extension 'cmake'
[0.362s] Level 1:colcon.colcon_core.package_identification:_identify(.) by extension 'python'
[0.362s] Level 1:colcon.colcon_core.package_identification:_identify(.) by extensions ['python_setup_py']
[0.362s] Level 1:colcon.colcon_core.package_identification:_identify(.) by extension 'python_setup_py'
[0.363s] Level 1:colcon.colcon_core.package_identification:_identify(build) by extensions ['ignore', 'ignore_ament_install']
[0.363s] Level 1:colcon.colcon_core.package_identification:_identify(build) by extension 'ignore'
[0.363s] Level 1:colcon.colcon_core.package_identification:_identify(build) ignored
[0.363s] Level 1:colcon.colcon_core.package_identification:_identify(install) by extensions ['ignore', 'ignore_ament_install']
[0.363s] Level 1:colcon.colcon_core.package_identification:_identify(install) by extension 'ignore'
[0.363s] Level 1:colcon.colcon_core.package_identification:_identify(install) ignored
[0.363s] Level 1:colcon.colcon_core.package_identification:_identify(log) by extensions ['ignore', 'ignore_ament_install']
[0.363s] Level 1:colcon.colcon_core.package_identification:_identify(log) by extension 'ignore'
[0.363s] Level 1:colcon.colcon_core.package_identification:_identify(log) ignored
[0.363s] Level 1:colcon.colcon_core.package_identification:_identify(src) by extensions ['ignore', 'ignore_ament_install']
[0.363s] Level 1:colcon.colcon_core.package_identification:_identify(src) by extension 'ignore'
[0.363s] Level 1:colcon.colcon_core.package_identification:_identify(src) by extension 'ignore_ament_install'
[0.364s] Level 1:colcon.colcon_core.package_identification:_identify(src) by extensions ['colcon_pkg']
[0.364s] Level 1:colcon.colcon_core.package_identification:_identify(src) by extension 'colcon_pkg'
[0.364s] Level 1:colcon.colcon_core.package_identification:_identify(src) by extensions ['colcon_meta']
[0.364s] Level 1:colcon.colcon_core.package_identification:_identify(src) by extension 'colcon_meta'
[0.364s] Level 1:colcon.colcon_core.package_identification:_identify(src) by extensions ['ros']
[0.364s] Level 1:colcon.colcon_core.package_identification:_identify(src) by extension 'ros'
[0.364s] Level 1:colcon.colcon_core.package_identification:_identify(src) by extensions ['cmake', 'python']
[0.364s] Level 1:colcon.colcon_core.package_identification:_identify(src) by extension 'cmake'
[0.364s] Level 1:colcon.colcon_core.package_identification:_identify(src) by extension 'python'
[0.364s] Level 1:colcon.colcon_core.package_identification:_identify(src) by extensions ['python_setup_py']
[0.364s] Level 1:colcon.colcon_core.package_identification:_identify(src) by extension 'python_setup_py'
[0.364s] Level 1:colcon.colcon_core.package_identification:_identify(src/three_car_bringup) by extensions ['ignore', 'ignore_ament_install']
[0.364s] Level 1:colcon.colcon_core.package_identification:_identify(src/three_car_bringup) by extension 'ignore'
[0.364s] Level 1:colcon.colcon_core.package_identification:_identify(src/three_car_bringup) by extension 'ignore_ament_install'
[0.364s] Level 1:colcon.colcon_core.package_identification:_identify(src/three_car_bringup) by extensions ['colcon_pkg']
[0.364s] Level 1:colcon.colcon_core.package_identification:_identify(src/three_car_bringup) by extension 'colcon_pkg'
[0.364s] Level 1:colcon.colcon_core.package_identification:_identify(src/three_car_bringup) by extensions ['colcon_meta']
[0.364s] Level 1:colcon.colcon_core.package_identification:_identify(src/three_car_bringup) by extension 'colcon_meta'
[0.364s] Level 1:colcon.colcon_core.package_identification:_identify(src/three_car_bringup) by extensions ['ros']
[0.364s] Level 1:colcon.colcon_core.package_identification:_identify(src/three_car_bringup) by extension 'ros'
[0.367s] DEBUG:colcon.colcon_core.package_identification:Package 'src/three_car_bringup' with type 'ros.ament_cmake' and name 'three_car_bringup'
[0.367s] Level 1:colcon.colcon_core.package_identification:_identify(src/three_car_description) by extensions ['ignore', 'ignore_ament_install']
[0.367s] Level 1:colcon.colcon_core.package_identification:_identify(src/three_car_description) by extension 'ignore'
[0.367s] Level 1:colcon.colcon_core.package_identification:_identify(src/three_car_description) by extension 'ignore_ament_install'
[0.367s] Level 1:colcon.colcon_core.package_identification:_identify(src/three_car_description) by extensions ['colcon_pkg']
[0.367s] Level 1:colcon.colcon_core.package_identification:_identify(src/three_car_description) by extension 'colcon_pkg'
[0.367s] Level 1:colcon.colcon_core.package_identification:_identify(src/three_car_description) by extensions ['colcon_meta']
[0.367s] Level 1:colcon.colcon_core.package_identification:_identify(src/three_car_description) by extension 'colcon_meta'
[0.367s] Level 1:colcon.colcon_core.package_identification:_identify(src/three_car_description) by extensions ['ros']
[0.367s] Level 1:colcon.colcon_core.package_identification:_identify(src/three_car_description) by extension 'ros'
[0.368s] DEBUG:colcon.colcon_core.package_identification:Package 'src/three_car_description' with type 'ros.ament_cmake' and name 'three_car_description'
[0.368s] Level 1:colcon.colcon_core.package_discovery:discover_packages(recursive) using defaults
[0.368s] Level 1:colcon.colcon_core.package_discovery:discover_packages(ignore) discover
[0.368s] Level 1:colcon.colcon_core.package_discovery:discover_packages(ignore) using defaults
[0.368s] Level 1:colcon.colcon_core.package_discovery:discover_packages(path) discover
[0.368s] Level 1:colcon.colcon_core.package_discovery:discover_packages(path) using defaults
[0.391s] Level 1:colcon.colcon_core.package_discovery:discover_packages(prefix_path) check parameters
[0.391s] Level 1:colcon.colcon_core.package_discovery:discover_packages(prefix_path) discover
[0.408s] DEBUG:colcon.colcon_installed_package_information.package_discovery:Found 1 installed packages in /home/fog/rob_ws/install
[0.410s] DEBUG:colcon.colcon_installed_package_information.package_discovery:Found 457 installed packages in /opt/ros/humble
[0.413s] Level 1:colcon.colcon_core.package_discovery:discover_packages(prefix_path) using defaults
[0.474s] Level 5:colcon.colcon_core.verb:set package 'three_car_bringup' build argument 'cmake_args' from command line to 'None'
[0.474s] Level 5:colcon.colcon_core.verb:set package 'three_car_bringup' build argument 'cmake_target' from command line to 'None'
[0.474s] Level 5:colcon.colcon_core.verb:set package 'three_car_bringup' build argument 'cmake_target_skip_unavailable' from command line to 'False'
[0.474s] Level 5:colcon.colcon_core.verb:set package 'three_car_bringup' build argument 'cmake_clean_cache' from command line to 'False'
[0.474s] Level 5:colcon.colcon_core.verb:set package 'three_car_bringup' build argument 'cmake_clean_first' from command line to 'False'
[0.474s] Level 5:colcon.colcon_core.verb:set package 'three_car_bringup' build argument 'cmake_force_configure' from command line to 'False'
[0.474s] Level 5:colcon.colcon_core.verb:set package 'three_car_bringup' build argument 'ament_cmake_args' from command line to 'None'
[0.474s] Level 5:colcon.colcon_core.verb:set package 'three_car_bringup' build argument 'catkin_cmake_args' from command line to 'None'
[0.474s] Level 5:colcon.colcon_core.verb:set package 'three_car_bringup' build argument 'catkin_skip_building_tests' from command line to 'False'
[0.474s] DEBUG:colcon.colcon_core.verb:Building package 'three_car_bringup' with the following arguments: {'ament_cmake_args': None, 'build_base': '/home/fog/rob_ws/build/three_car_bringup', 'catkin_cmake_args': None, 'catkin_skip_building_tests': False, 'cmake_args': None, 'cmake_clean_cache': False, 'cmake_clean_first': False, 'cmake_force_configure': False, 'cmake_target': None, 'cmake_target_skip_unavailable': False, 'install_base': '/home/fog/rob_ws/install/three_car_bringup', 'merge_install': False, 'path': '/home/fog/rob_ws/src/three_car_bringup', 'symlink_install': False, 'test_result_base': None}
[0.475s] Level 5:colcon.colcon_core.verb:set package 'three_car_description' build argument 'cmake_args' from command line to 'None'
[0.475s] Level 5:colcon.colcon_core.verb:set package 'three_car_description' build argument 'cmake_target' from command line to 'None'
[0.475s] Level 5:colcon.colcon_core.verb:set package 'three_car_description' build argument 'cmake_target_skip_unavailable' from command line to 'False'
[0.475s] Level 5:colcon.colcon_core.verb:set package 'three_car_description' build argument 'cmake_clean_cache' from command line to 'False'
[0.475s] Level 5:colcon.colcon_core.verb:set package 'three_car_description' build argument 'cmake_clean_first' from command line to 'False'
[0.475s] Level 5:colcon.colcon_core.verb:set package 'three_car_description' build argument 'cmake_force_configure' from command line to 'False'
[0.475s] Level 5:colcon.colcon_core.verb:set package 'three_car_description' build argument 'ament_cmake_args' from command line to 'None'
[0.475s] Level 5:colcon.colcon_core.verb:set package 'three_car_description' build argument 'catkin_cmake_args' from command line to 'None'
[0.475s] Level 5:colcon.colcon_core.verb:set package 'three_car_description' build argument 'catkin_skip_building_tests' from command line to 'False'
[0.475s] DEBUG:colcon.colcon_core.verb:Building package 'three_car_description' with the following arguments: {'ament_cmake_args': None, 'build_base': '/home/fog/rob_ws/build/three_car_description', 'catkin_cmake_args': None, 'catkin_skip_building_tests': False, 'cmake_args': None, 'cmake_clean_cache': False, 'cmake_clean_first': False, 'cmake_force_configure': False, 'cmake_target': None, 'cmake_target_skip_unavailable': False, 'install_base': '/home/fog/rob_ws/install/three_car_description', 'merge_install': False, 'path': '/home/fog/rob_ws/src/three_car_description', 'symlink_install': False, 'test_result_base': None}
[0.475s] INFO:colcon.colcon_core.executor:Executing jobs using 'parallel' executor
[0.477s] DEBUG:colcon.colcon_parallel_executor.executor.parallel:run_until_complete
[0.477s] INFO:colcon.colcon_ros.task.ament_cmake.build:Building ROS package in '/home/fog/rob_ws/src/three_car_bringup' with build type 'ament_cmake'
[0.477s] INFO:colcon.colcon_cmake.task.cmake.build:Building CMake package in '/home/fog/rob_ws/src/three_car_bringup'
[0.496s] INFO:colcon.colcon_core.plugin_system:Skipping extension 'colcon_core.shell.bat': Not used on non-Windows systems
[0.496s] INFO:colcon.colcon_core.shell:Skip shell extension 'powershell' for command environment: Not usable outside of PowerShell
[0.496s] DEBUG:colcon.colcon_core.shell:Skip shell extension 'dsv' for command environment
[0.501s] INFO:colcon.colcon_ros.task.ament_cmake.build:Building ROS package in '/home/fog/rob_ws/src/three_car_description' with build type 'ament_cmake'
[0.501s] INFO:colcon.colcon_cmake.task.cmake.build:Building CMake package in '/home/fog/rob_ws/src/three_car_description'
[0.502s] INFO:colcon.colcon_core.shell:Skip shell extension 'powershell' for command environment: Not usable outside of PowerShell
[0.502s] DEBUG:colcon.colcon_core.shell:Skip shell extension 'dsv' for command environment
[0.509s] DEBUG:colcon.colcon_core.event_handler.log_command:Invoking command in '/home/fog/rob_ws/build/three_car_bringup': CMAKE_PREFIX_PATH=${CMAKE_PREFIX_PATH}:/opt/ros/humble /usr/bin/cmake /home/fog/rob_ws/src/three_car_bringup -DCMAKE_INSTALL_PREFIX=/home/fog/rob_ws/install/three_car_bringup
[0.520s] DEBUG:colcon.colcon_core.event_handler.log_command:Invoking command in '/home/fog/rob_ws/build/three_car_description': CMAKE_PREFIX_PATH=${CMAKE_PREFIX_PATH}:/opt/ros/humble /usr/bin/cmake /home/fog/rob_ws/src/three_car_description -DCMAKE_INSTALL_PREFIX=/home/fog/rob_ws/install/three_car_description
[0.763s] DEBUG:colcon.colcon_core.event_handler.log_command:Invoked command in '/home/fog/rob_ws/build/three_car_description' returned '0': CMAKE_PREFIX_PATH=${CMAKE_PREFIX_PATH}:/opt/ros/humble /usr/bin/cmake /home/fog/rob_ws/src/three_car_description -DCMAKE_INSTALL_PREFIX=/home/fog/rob_ws/install/three_car_description
[0.764s] DEBUG:colcon.colcon_core.event_handler.log_command:Invoking command in '/home/fog/rob_ws/build/three_car_description': CMAKE_PREFIX_PATH=${CMAKE_PREFIX_PATH}:/opt/ros/humble /usr/bin/cmake --build /home/fog/rob_ws/build/three_car_description -- -j16 -l16
[0.832s] DEBUG:colcon.colcon_core.event_handler.log_command:Invoked command in '/home/fog/rob_ws/build/three_car_description' returned '0': CMAKE_PREFIX_PATH=${CMAKE_PREFIX_PATH}:/opt/ros/humble /usr/bin/cmake --build /home/fog/rob_ws/build/three_car_description -- -j16 -l16
[0.846s] DEBUG:colcon.colcon_core.event_handler.log_command:Invoking command in '/home/fog/rob_ws/build/three_car_description': CMAKE_PREFIX_PATH=${CMAKE_PREFIX_PATH}:/opt/ros/humble /usr/bin/cmake --install /home/fog/rob_ws/build/three_car_description
[0.876s] Level 1:colcon.colcon_core.environment:create_environment_scripts_only(three_car_description)
[0.876s] DEBUG:colcon.colcon_core.event_handler.log_command:Invoked command in '/home/fog/rob_ws/build/three_car_description' returned '0': CMAKE_PREFIX_PATH=${CMAKE_PREFIX_PATH}:/opt/ros/humble /usr/bin/cmake --install /home/fog/rob_ws/build/three_car_description
[0.891s] Level 1:colcon.colcon_core.environment:checking '/home/fog/rob_ws/install/three_car_description' for CMake module files
[0.891s] Level 1:colcon.colcon_core.environment:checking '/home/fog/rob_ws/install/three_car_description' for CMake config files
[0.892s] Level 1:colcon.colcon_core.shell:create_environment_hook('three_car_description', 'cmake_prefix_path')
[0.892s] INFO:colcon.colcon_core.shell:Creating environment hook '/home/fog/rob_ws/install/three_car_description/share/three_car_description/hook/cmake_prefix_path.ps1'
[0.893s] INFO:colcon.colcon_core.shell:Creating environment descriptor '/home/fog/rob_ws/install/three_car_description/share/three_car_description/hook/cmake_prefix_path.dsv'
[0.894s] INFO:colcon.colcon_core.shell:Creating environment hook '/home/fog/rob_ws/install/three_car_description/share/three_car_description/hook/cmake_prefix_path.sh'
[0.896s] Level 1:colcon.colcon_core.environment:checking '/home/fog/rob_ws/install/three_car_description/bin'
[0.896s] Level 1:colcon.colcon_core.environment:checking '/home/fog/rob_ws/install/three_car_description/lib/pkgconfig/three_car_description.pc'
[0.896s] Level 1:colcon.colcon_core.environment:checking '/home/fog/rob_ws/install/three_car_description/lib/python3.10/site-packages'
[0.896s] Level 1:colcon.colcon_core.environment:checking '/home/fog/rob_ws/install/three_car_description/bin'
[0.897s] INFO:colcon.colcon_core.shell:Creating package script '/home/fog/rob_ws/install/three_car_description/share/three_car_description/package.ps1'
[0.898s] INFO:colcon.colcon_core.shell:Creating package descriptor '/home/fog/rob_ws/install/three_car_description/share/three_car_description/package.dsv'
[0.900s] INFO:colcon.colcon_core.shell:Creating package script '/home/fog/rob_ws/install/three_car_description/share/three_car_description/package.sh'
[0.901s] INFO:colcon.colcon_core.shell:Creating package script '/home/fog/rob_ws/install/three_car_description/share/three_car_description/package.bash'
[0.904s] INFO:colcon.colcon_core.shell:Creating package script '/home/fog/rob_ws/install/three_car_description/share/three_car_description/package.zsh'
[0.905s] Level 1:colcon.colcon_core.environment:create_file_with_runtime_dependencies(/home/fog/rob_ws/install/three_car_description/share/colcon-core/packages/three_car_description)
[0.906s] Level 1:colcon.colcon_core.environment:create_environment_scripts_only(three_car_description)
[0.906s] Level 1:colcon.colcon_core.environment:checking '/home/fog/rob_ws/install/three_car_description' for CMake module files
[0.906s] Level 1:colcon.colcon_core.environment:checking '/home/fog/rob_ws/install/three_car_description' for CMake config files
[0.906s] Level 1:colcon.colcon_core.shell:create_environment_hook('three_car_description', 'cmake_prefix_path')
[0.907s] INFO:colcon.colcon_core.shell:Creating environment hook '/home/fog/rob_ws/install/three_car_description/share/three_car_description/hook/cmake_prefix_path.ps1'
[0.907s] INFO:colcon.colcon_core.shell:Creating environment descriptor '/home/fog/rob_ws/install/three_car_description/share/three_car_description/hook/cmake_prefix_path.dsv'
[0.908s] INFO:colcon.colcon_core.shell:Creating environment hook '/home/fog/rob_ws/install/three_car_description/share/three_car_description/hook/cmake_prefix_path.sh'
[0.908s] Level 1:colcon.colcon_core.environment:checking '/home/fog/rob_ws/install/three_car_description/bin'
[0.908s] Level 1:colcon.colcon_core.environment:checking '/home/fog/rob_ws/install/three_car_description/lib/pkgconfig/three_car_description.pc'
[0.909s] Level 1:colcon.colcon_core.environment:checking '/home/fog/rob_ws/install/three_car_description/lib/python3.10/site-packages'
[0.909s] Level 1:colcon.colcon_core.environment:checking '/home/fog/rob_ws/install/three_car_description/bin'
[0.909s] INFO:colcon.colcon_core.shell:Creating package script '/home/fog/rob_ws/install/three_car_description/share/three_car_description/package.ps1'
[0.910s] INFO:colcon.colcon_core.shell:Creating package descriptor '/home/fog/rob_ws/install/three_car_description/share/three_car_description/package.dsv'
[0.910s] INFO:colcon.colcon_core.shell:Creating package script '/home/fog/rob_ws/install/three_car_description/share/three_car_description/package.sh'
[0.911s] INFO:colcon.colcon_core.shell:Creating package script '/home/fog/rob_ws/install/three_car_description/share/three_car_description/package.bash'
[0.911s] INFO:colcon.colcon_core.shell:Creating package script '/home/fog/rob_ws/install/three_car_description/share/three_car_description/package.zsh'
[0.912s] Level 1:colcon.colcon_core.environment:create_file_with_runtime_dependencies(/home/fog/rob_ws/install/three_car_description/share/colcon-core/packages/three_car_description)
[1.522s] DEBUG:colcon.colcon_core.event_handler.log_command:Invoked command in '/home/fog/rob_ws/build/three_car_bringup' returned '0': CMAKE_PREFIX_PATH=${CMAKE_PREFIX_PATH}:/opt/ros/humble /usr/bin/cmake /home/fog/rob_ws/src/three_car_bringup -DCMAKE_INSTALL_PREFIX=/home/fog/rob_ws/install/three_car_bringup
[1.524s] DEBUG:colcon.colcon_core.event_handler.log_command:Invoking command in '/home/fog/rob_ws/build/three_car_bringup': CMAKE_PREFIX_PATH=${CMAKE_PREFIX_PATH}:/opt/ros/humble /usr/bin/cmake --build /home/fog/rob_ws/build/three_car_bringup -- -j16 -l16
[1.579s] DEBUG:colcon.colcon_core.event_handler.log_command:Invoked command in '/home/fog/rob_ws/build/three_car_bringup' returned '0': CMAKE_PREFIX_PATH=${CMAKE_PREFIX_PATH}:/opt/ros/humble /usr/bin/cmake --build /home/fog/rob_ws/build/three_car_bringup -- -j16 -l16
[1.580s] DEBUG:colcon.colcon_core.event_handler.log_command:Invoking command in '/home/fog/rob_ws/build/three_car_bringup': CMAKE_PREFIX_PATH=${CMAKE_PREFIX_PATH}:/opt/ros/humble /usr/bin/cmake --install /home/fog/rob_ws/build/three_car_bringup
[1.593s] Level 1:colcon.colcon_core.environment:create_environment_scripts_only(three_car_bringup)
[1.593s] Level 1:colcon.colcon_core.environment:checking '/home/fog/rob_ws/install/three_car_bringup' for CMake module files
[1.594s] DEBUG:colcon.colcon_core.event_handler.log_command:Invoked command in '/home/fog/rob_ws/build/three_car_bringup' returned '0': CMAKE_PREFIX_PATH=${CMAKE_PREFIX_PATH}:/opt/ros/humble /usr/bin/cmake --install /home/fog/rob_ws/build/three_car_bringup
[1.595s] Level 1:colcon.colcon_core.environment:checking '/home/fog/rob_ws/install/three_car_bringup' for CMake config files
[1.595s] Level 1:colcon.colcon_core.shell:create_environment_hook('three_car_bringup', 'cmake_prefix_path')
[1.595s] INFO:colcon.colcon_core.shell:Creating environment hook '/home/fog/rob_ws/install/three_car_bringup/share/three_car_bringup/hook/cmake_prefix_path.ps1'
[1.595s] INFO:colcon.colcon_core.shell:Creating environment descriptor '/home/fog/rob_ws/install/three_car_bringup/share/three_car_bringup/hook/cmake_prefix_path.dsv'
[1.596s] INFO:colcon.colcon_core.shell:Creating environment hook '/home/fog/rob_ws/install/three_car_bringup/share/three_car_bringup/hook/cmake_prefix_path.sh'
[1.596s] Level 1:colcon.colcon_core.environment:checking '/home/fog/rob_ws/install/three_car_bringup/bin'
[1.596s] Level 1:colcon.colcon_core.environment:checking '/home/fog/rob_ws/install/three_car_bringup/lib/pkgconfig/three_car_bringup.pc'
[1.597s] Level 1:colcon.colcon_core.environment:checking '/home/fog/rob_ws/install/three_car_bringup/lib/python3.10/site-packages'
[1.597s] Level 1:colcon.colcon_core.environment:checking '/home/fog/rob_ws/install/three_car_bringup/bin'
[1.597s] INFO:colcon.colcon_core.shell:Creating package script '/home/fog/rob_ws/install/three_car_bringup/share/three_car_bringup/package.ps1'
[1.598s] INFO:colcon.colcon_core.shell:Creating package descriptor '/home/fog/rob_ws/install/three_car_bringup/share/three_car_bringup/package.dsv'
[1.598s] INFO:colcon.colcon_core.shell:Creating package script '/home/fog/rob_ws/install/three_car_bringup/share/three_car_bringup/package.sh'
[1.599s] INFO:colcon.colcon_core.shell:Creating package script '/home/fog/rob_ws/install/three_car_bringup/share/three_car_bringup/package.bash'
[1.599s] INFO:colcon.colcon_core.shell:Creating package script '/home/fog/rob_ws/install/three_car_bringup/share/three_car_bringup/package.zsh'
[1.599s] Level 1:colcon.colcon_core.environment:create_file_with_runtime_dependencies(/home/fog/rob_ws/install/three_car_bringup/share/colcon-core/packages/three_car_bringup)
[1.600s] Level 1:colcon.colcon_core.environment:create_environment_scripts_only(three_car_bringup)
[1.600s] Level 1:colcon.colcon_core.environment:checking '/home/fog/rob_ws/install/three_car_bringup' for CMake module files
[1.600s] Level 1:colcon.colcon_core.environment:checking '/home/fog/rob_ws/install/three_car_bringup' for CMake config files
[1.600s] Level 1:colcon.colcon_core.shell:create_environment_hook('three_car_bringup', 'cmake_prefix_path')
[1.601s] INFO:colcon.colcon_core.shell:Creating environment hook '/home/fog/rob_ws/install/three_car_bringup/share/three_car_bringup/hook/cmake_prefix_path.ps1'
[1.601s] INFO:colcon.colcon_core.shell:Creating environment descriptor '/home/fog/rob_ws/install/three_car_bringup/share/three_car_bringup/hook/cmake_prefix_path.dsv'
[1.601s] INFO:colcon.colcon_core.shell:Creating environment hook '/home/fog/rob_ws/install/three_car_bringup/share/three_car_bringup/hook/cmake_prefix_path.sh'
[1.602s] Level 1:colcon.colcon_core.environment:checking '/home/fog/rob_ws/install/three_car_bringup/bin'
[1.602s] Level 1:colcon.colcon_core.environment:checking '/home/fog/rob_ws/install/three_car_bringup/lib/pkgconfig/three_car_bringup.pc'
[1.602s] Level 1:colcon.colcon_core.environment:checking '/home/fog/rob_ws/install/three_car_bringup/lib/python3.10/site-packages'
[1.603s] Level 1:colcon.colcon_core.environment:checking '/home/fog/rob_ws/install/three_car_bringup/bin'
[1.603s] INFO:colcon.colcon_core.shell:Creating package script '/home/fog/rob_ws/install/three_car_bringup/share/three_car_bringup/package.ps1'
[1.603s] INFO:colcon.colcon_core.shell:Creating package descriptor '/home/fog/rob_ws/install/three_car_bringup/share/three_car_bringup/package.dsv'
[1.604s] INFO:colcon.colcon_core.shell:Creating package script '/home/fog/rob_ws/install/three_car_bringup/share/three_car_bringup/package.sh'
[1.604s] INFO:colcon.colcon_core.shell:Creating package script '/home/fog/rob_ws/install/three_car_bringup/share/three_car_bringup/package.bash'
[1.605s] INFO:colcon.colcon_core.shell:Creating package script '/home/fog/rob_ws/install/three_car_bringup/share/three_car_bringup/package.zsh'
[1.605s] Level 1:colcon.colcon_core.environment:create_file_with_runtime_dependencies(/home/fog/rob_ws/install/three_car_bringup/share/colcon-core/packages/three_car_bringup)
[1.606s] DEBUG:colcon.colcon_parallel_executor.executor.parallel:closing loop
[1.606s] DEBUG:colcon.colcon_parallel_executor.executor.parallel:loop closed
[1.606s] DEBUG:colcon.colcon_parallel_executor.executor.parallel:run_until_complete finished with '0'
[1.607s] DEBUG:colcon.colcon_core.event_reactor:joining thread
[1.619s] INFO:colcon.colcon_core.plugin_system:Skipping extension 'colcon_notification.desktop_notification.terminal_notifier': Not used on non-Darwin systems
[1.619s] INFO:colcon.colcon_core.plugin_system:Skipping extension 'colcon_notification.desktop_notification.win32': Not used on non-Windows systems
[1.620s] INFO:colcon.colcon_notification.desktop_notification:Sending desktop notification using 'notify2'
[1.645s] DEBUG:colcon.colcon_core.event_reactor:joined thread
[1.646s] INFO:colcon.colcon_core.shell:Creating prefix script '/home/fog/rob_ws/install/local_setup.ps1'
[1.647s] INFO:colcon.colcon_core.shell:Creating prefix util module '/home/fog/rob_ws/install/_local_setup_util_ps1.py'
[1.650s] INFO:colcon.colcon_core.shell:Creating prefix chain script '/home/fog/rob_ws/install/setup.ps1'
[1.652s] INFO:colcon.colcon_core.shell:Creating prefix script '/home/fog/rob_ws/install/local_setup.sh'
[1.653s] INFO:colcon.colcon_core.shell:Creating prefix util module '/home/fog/rob_ws/install/_local_setup_util_sh.py'
[1.653s] INFO:colcon.colcon_core.shell:Creating prefix chain script '/home/fog/rob_ws/install/setup.sh'
[1.655s] INFO:colcon.colcon_core.shell:Creating prefix script '/home/fog/rob_ws/install/local_setup.bash'
[1.656s] INFO:colcon.colcon_core.shell:Creating prefix chain script '/home/fog/rob_ws/install/setup.bash'
[1.658s] INFO:colcon.colcon_core.shell:Creating prefix script '/home/fog/rob_ws/install/local_setup.zsh'
[1.659s] INFO:colcon.colcon_core.shell:Creating prefix chain script '/home/fog/rob_ws/install/setup.zsh'
