[0.097s] DEBUG:colcon:Command line arguments: ['/usr/bin/colcon', 'build', '--symlink-install']
[0.097s] DEBUG:colcon:Parsed command line arguments: Namespace(log_base=None, log_level=None, verb_name='build', build_base='build', install_base='install', merge_install=False, symlink_install=True, test_result_base=None, continue_on_error=False, executor='parallel', parallel_workers=16, event_handlers=None, ignore_user_meta=False, metas=['./colcon.meta'], base_paths=['.'], packages_ignore=None, packages_ignore_regex=None, paths=None, packages_up_to=None, packages_up_to_regex=None, packages_above=None, packages_above_and_dependencies=None, packages_above_depth=None, packages_select_by_dep=None, packages_skip_by_dep=None, packages_skip_up_to=None, packages_select_build_failed=False, packages_skip_build_finished=False, packages_select_test_failures=False, packages_skip_test_passed=False, packages_select=None, packages_skip=None, packages_select_regex=None, packages_skip_regex=None, packages_start=None, packages_end=None, allow_overriding=[], cmake_args=None, cmake_target=None, cmake_target_skip_unavailable=False, cmake_clean_cache=False, cmake_clean_first=False, cmake_force_configure=False, ament_cmake_args=None, catkin_cmake_args=None, catkin_skip_building_tests=False, verb_parser=<colcon_defaults.argument_parser.defaults.DefaultArgumentsDecorator object at 0x7ef396df47c0>, verb_extension=<colcon_core.verb.build.BuildVerb object at 0x7ef396fc0eb0>, main=<bound method BuildVerb.main of <colcon_core.verb.build.BuildVerb object at 0x7ef396fc0eb0>>)
[0.260s] Level 1:colcon.colcon_core.package_discovery:discover_packages(colcon_meta) check parameters
[0.261s] Level 1:colcon.colcon_core.package_discovery:discover_packages(recursive) check parameters
[0.261s] Level 1:colcon.colcon_core.package_discovery:discover_packages(ignore) check parameters
[0.261s] Level 1:colcon.colcon_core.package_discovery:discover_packages(path) check parameters
[0.261s] Level 1:colcon.colcon_core.package_discovery:discover_packages(colcon_meta) discover
[0.261s] Level 1:colcon.colcon_core.package_discovery:discover_packages(recursive) discover
[0.261s] INFO:colcon.colcon_core.package_discovery:Crawling recursively for packages in '/home/fog/ros2_ws'
[0.261s] Level 1:colcon.colcon_core.package_identification:_identify(.) by extensions ['ignore', 'ignore_ament_install']
[0.261s] Level 1:colcon.colcon_core.package_identification:_identify(.) by extension 'ignore'
[0.261s] Level 1:colcon.colcon_core.package_identification:_identify(.) by extension 'ignore_ament_install'
[0.261s] Level 1:colcon.colcon_core.package_identification:_identify(.) by extensions ['colcon_pkg']
[0.261s] Level 1:colcon.colcon_core.package_identification:_identify(.) by extension 'colcon_pkg'
[0.261s] Level 1:colcon.colcon_core.package_identification:_identify(.) by extensions ['colcon_meta']
[0.261s] Level 1:colcon.colcon_core.package_identification:_identify(.) by extension 'colcon_meta'
[0.261s] Level 1:colcon.colcon_core.package_identification:_identify(.) by extensions ['ros']
[0.261s] Level 1:colcon.colcon_core.package_identification:_identify(.) by extension 'ros'
[0.273s] Level 1:colcon.colcon_core.package_identification:_identify(.) by extensions ['cmake', 'python']
[0.273s] Level 1:colcon.colcon_core.package_identification:_identify(.) by extension 'cmake'
[0.273s] Level 1:colcon.colcon_core.package_identification:_identify(.) by extension 'python'
[0.273s] Level 1:colcon.colcon_core.package_identification:_identify(.) by extensions ['python_setup_py']
[0.273s] Level 1:colcon.colcon_core.package_identification:_identify(.) by extension 'python_setup_py'
[0.274s] Level 1:colcon.colcon_core.package_identification:_identify(build) by extensions ['ignore', 'ignore_ament_install']
[0.274s] Level 1:colcon.colcon_core.package_identification:_identify(build) by extension 'ignore'
[0.274s] Level 1:colcon.colcon_core.package_identification:_identify(build) ignored
[0.274s] Level 1:colcon.colcon_core.package_identification:_identify(install) by extensions ['ignore', 'ignore_ament_install']
[0.274s] Level 1:colcon.colcon_core.package_identification:_identify(install) by extension 'ignore'
[0.274s] Level 1:colcon.colcon_core.package_identification:_identify(install) ignored
[0.274s] Level 1:colcon.colcon_core.package_identification:_identify(log) by extensions ['ignore', 'ignore_ament_install']
[0.274s] Level 1:colcon.colcon_core.package_identification:_identify(log) by extension 'ignore'
[0.274s] Level 1:colcon.colcon_core.package_identification:_identify(log) ignored
[0.274s] Level 1:colcon.colcon_core.package_identification:_identify(src) by extensions ['ignore', 'ignore_ament_install']
[0.274s] Level 1:colcon.colcon_core.package_identification:_identify(src) by extension 'ignore'
[0.274s] Level 1:colcon.colcon_core.package_identification:_identify(src) by extension 'ignore_ament_install'
[0.274s] Level 1:colcon.colcon_core.package_identification:_identify(src) by extensions ['colcon_pkg']
[0.274s] Level 1:colcon.colcon_core.package_identification:_identify(src) by extension 'colcon_pkg'
[0.274s] Level 1:colcon.colcon_core.package_identification:_identify(src) by extensions ['colcon_meta']
[0.274s] Level 1:colcon.colcon_core.package_identification:_identify(src) by extension 'colcon_meta'
[0.274s] Level 1:colcon.colcon_core.package_identification:_identify(src) by extensions ['ros']
[0.275s] Level 1:colcon.colcon_core.package_identification:_identify(src) by extension 'ros'
[0.275s] Level 1:colcon.colcon_core.package_identification:_identify(src) by extensions ['cmake', 'python']
[0.275s] Level 1:colcon.colcon_core.package_identification:_identify(src) by extension 'cmake'
[0.275s] Level 1:colcon.colcon_core.package_identification:_identify(src) by extension 'python'
[0.275s] Level 1:colcon.colcon_core.package_identification:_identify(src) by extensions ['python_setup_py']
[0.275s] Level 1:colcon.colcon_core.package_identification:_identify(src) by extension 'python_setup_py'
[0.275s] Level 1:colcon.colcon_core.package_identification:_identify(src/my_py_pkg) by extensions ['ignore', 'ignore_ament_install']
[0.275s] Level 1:colcon.colcon_core.package_identification:_identify(src/my_py_pkg) by extension 'ignore'
[0.275s] Level 1:colcon.colcon_core.package_identification:_identify(src/my_py_pkg) by extension 'ignore_ament_install'
[0.275s] Level 1:colcon.colcon_core.package_identification:_identify(src/my_py_pkg) by extensions ['colcon_pkg']
[0.275s] Level 1:colcon.colcon_core.package_identification:_identify(src/my_py_pkg) by extension 'colcon_pkg'
[0.275s] Level 1:colcon.colcon_core.package_identification:_identify(src/my_py_pkg) by extensions ['colcon_meta']
[0.275s] Level 1:colcon.colcon_core.package_identification:_identify(src/my_py_pkg) by extension 'colcon_meta'
[0.275s] Level 1:colcon.colcon_core.package_identification:_identify(src/my_py_pkg) by extensions ['ros']
[0.275s] Level 1:colcon.colcon_core.package_identification:_identify(src/my_py_pkg) by extension 'ros'
[0.277s] DEBUG:colcon.colcon_core.package_identification:Package 'src/my_py_pkg' with type 'ros.ament_python' and name 'my_py_pkg'
[0.277s] Level 1:colcon.colcon_core.package_identification:_identify(src/my_robot_bringup) by extensions ['ignore', 'ignore_ament_install']
[0.277s] Level 1:colcon.colcon_core.package_identification:_identify(src/my_robot_bringup) by extension 'ignore'
[0.278s] Level 1:colcon.colcon_core.package_identification:_identify(src/my_robot_bringup) by extension 'ignore_ament_install'
[0.278s] Level 1:colcon.colcon_core.package_identification:_identify(src/my_robot_bringup) by extensions ['colcon_pkg']
[0.278s] Level 1:colcon.colcon_core.package_identification:_identify(src/my_robot_bringup) by extension 'colcon_pkg'
[0.278s] Level 1:colcon.colcon_core.package_identification:_identify(src/my_robot_bringup) by extensions ['colcon_meta']
[0.278s] Level 1:colcon.colcon_core.package_identification:_identify(src/my_robot_bringup) by extension 'colcon_meta'
[0.278s] Level 1:colcon.colcon_core.package_identification:_identify(src/my_robot_bringup) by extensions ['ros']
[0.278s] Level 1:colcon.colcon_core.package_identification:_identify(src/my_robot_bringup) by extension 'ros'
[0.278s] DEBUG:colcon.colcon_core.package_identification:Package 'src/my_robot_bringup' with type 'ros.ament_cmake' and name 'my_robot_bringup'
[0.278s] Level 1:colcon.colcon_core.package_identification:_identify(src/my_robot_interfaces) by extensions ['ignore', 'ignore_ament_install']
[0.278s] Level 1:colcon.colcon_core.package_identification:_identify(src/my_robot_interfaces) by extension 'ignore'
[0.279s] Level 1:colcon.colcon_core.package_identification:_identify(src/my_robot_interfaces) by extension 'ignore_ament_install'
[0.279s] Level 1:colcon.colcon_core.package_identification:_identify(src/my_robot_interfaces) by extensions ['colcon_pkg']
[0.279s] Level 1:colcon.colcon_core.package_identification:_identify(src/my_robot_interfaces) by extension 'colcon_pkg'
[0.279s] Level 1:colcon.colcon_core.package_identification:_identify(src/my_robot_interfaces) by extensions ['colcon_meta']
[0.279s] Level 1:colcon.colcon_core.package_identification:_identify(src/my_robot_interfaces) by extension 'colcon_meta'
[0.279s] Level 1:colcon.colcon_core.package_identification:_identify(src/my_robot_interfaces) by extensions ['ros']
[0.279s] Level 1:colcon.colcon_core.package_identification:_identify(src/my_robot_interfaces) by extension 'ros'
[0.279s] DEBUG:colcon.colcon_core.package_identification:Package 'src/my_robot_interfaces' with type 'ros.ament_cmake' and name 'my_robot_interfaces'
[0.279s] Level 1:colcon.colcon_core.package_identification:_identify(src/turtlesim_catch_sim) by extensions ['ignore', 'ignore_ament_install']
[0.279s] Level 1:colcon.colcon_core.package_identification:_identify(src/turtlesim_catch_sim) by extension 'ignore'
[0.280s] Level 1:colcon.colcon_core.package_identification:_identify(src/turtlesim_catch_sim) by extension 'ignore_ament_install'
[0.280s] Level 1:colcon.colcon_core.package_identification:_identify(src/turtlesim_catch_sim) by extensions ['colcon_pkg']
[0.280s] Level 1:colcon.colcon_core.package_identification:_identify(src/turtlesim_catch_sim) by extension 'colcon_pkg'
[0.280s] Level 1:colcon.colcon_core.package_identification:_identify(src/turtlesim_catch_sim) by extensions ['colcon_meta']
[0.280s] Level 1:colcon.colcon_core.package_identification:_identify(src/turtlesim_catch_sim) by extension 'colcon_meta'
[0.280s] Level 1:colcon.colcon_core.package_identification:_identify(src/turtlesim_catch_sim) by extensions ['ros']
[0.280s] Level 1:colcon.colcon_core.package_identification:_identify(src/turtlesim_catch_sim) by extension 'ros'
[0.280s] DEBUG:colcon.colcon_core.package_identification:Package 'src/turtlesim_catch_sim' with type 'ros.ament_python' and name 'turtlesim_catch_sim'
[0.280s] Level 1:colcon.colcon_core.package_discovery:discover_packages(recursive) using defaults
[0.280s] Level 1:colcon.colcon_core.package_discovery:discover_packages(ignore) discover
[0.280s] Level 1:colcon.colcon_core.package_discovery:discover_packages(ignore) using defaults
[0.280s] Level 1:colcon.colcon_core.package_discovery:discover_packages(path) discover
[0.280s] Level 1:colcon.colcon_core.package_discovery:discover_packages(path) using defaults
[0.309s] Level 1:colcon.colcon_core.package_discovery:discover_packages(prefix_path) check parameters
[0.310s] Level 1:colcon.colcon_core.package_discovery:discover_packages(prefix_path) discover
[0.312s] DEBUG:colcon.colcon_installed_package_information.package_discovery:Found 442 installed packages in /opt/ros/humble
[0.315s] Level 1:colcon.colcon_core.package_discovery:discover_packages(prefix_path) using defaults
[0.370s] Level 5:colcon.colcon_core.verb:set package 'my_py_pkg' build argument 'cmake_args' from command line to 'None'
[0.370s] Level 5:colcon.colcon_core.verb:set package 'my_py_pkg' build argument 'cmake_target' from command line to 'None'
[0.370s] Level 5:colcon.colcon_core.verb:set package 'my_py_pkg' build argument 'cmake_target_skip_unavailable' from command line to 'False'
[0.370s] Level 5:colcon.colcon_core.verb:set package 'my_py_pkg' build argument 'cmake_clean_cache' from command line to 'False'
[0.370s] Level 5:colcon.colcon_core.verb:set package 'my_py_pkg' build argument 'cmake_clean_first' from command line to 'False'
[0.370s] Level 5:colcon.colcon_core.verb:set package 'my_py_pkg' build argument 'cmake_force_configure' from command line to 'False'
[0.370s] Level 5:colcon.colcon_core.verb:set package 'my_py_pkg' build argument 'ament_cmake_args' from command line to 'None'
[0.370s] Level 5:colcon.colcon_core.verb:set package 'my_py_pkg' build argument 'catkin_cmake_args' from command line to 'None'
[0.370s] Level 5:colcon.colcon_core.verb:set package 'my_py_pkg' build argument 'catkin_skip_building_tests' from command line to 'False'
[0.370s] DEBUG:colcon.colcon_core.verb:Building package 'my_py_pkg' with the following arguments: {'ament_cmake_args': None, 'build_base': '/home/fog/ros2_ws/build/my_py_pkg', 'catkin_cmake_args': None, 'catkin_skip_building_tests': False, 'cmake_args': None, 'cmake_clean_cache': False, 'cmake_clean_first': False, 'cmake_force_configure': False, 'cmake_target': None, 'cmake_target_skip_unavailable': False, 'install_base': '/home/fog/ros2_ws/install/my_py_pkg', 'merge_install': False, 'path': '/home/fog/ros2_ws/src/my_py_pkg', 'symlink_install': True, 'test_result_base': None}
[0.370s] Level 5:colcon.colcon_core.verb:set package 'my_robot_interfaces' build argument 'cmake_args' from command line to 'None'
[0.370s] Level 5:colcon.colcon_core.verb:set package 'my_robot_interfaces' build argument 'cmake_target' from command line to 'None'
[0.370s] Level 5:colcon.colcon_core.verb:set package 'my_robot_interfaces' build argument 'cmake_target_skip_unavailable' from command line to 'False'
[0.370s] Level 5:colcon.colcon_core.verb:set package 'my_robot_interfaces' build argument 'cmake_clean_cache' from command line to 'False'
[0.370s] Level 5:colcon.colcon_core.verb:set package 'my_robot_interfaces' build argument 'cmake_clean_first' from command line to 'False'
[0.370s] Level 5:colcon.colcon_core.verb:set package 'my_robot_interfaces' build argument 'cmake_force_configure' from command line to 'False'
[0.371s] Level 5:colcon.colcon_core.verb:set package 'my_robot_interfaces' build argument 'ament_cmake_args' from command line to 'None'
[0.371s] Level 5:colcon.colcon_core.verb:set package 'my_robot_interfaces' build argument 'catkin_cmake_args' from command line to 'None'
[0.371s] Level 5:colcon.colcon_core.verb:set package 'my_robot_interfaces' build argument 'catkin_skip_building_tests' from command line to 'False'
[0.371s] DEBUG:colcon.colcon_core.verb:Building package 'my_robot_interfaces' with the following arguments: {'ament_cmake_args': None, 'build_base': '/home/fog/ros2_ws/build/my_robot_interfaces', 'catkin_cmake_args': None, 'catkin_skip_building_tests': False, 'cmake_args': None, 'cmake_clean_cache': False, 'cmake_clean_first': False, 'cmake_force_configure': False, 'cmake_target': None, 'cmake_target_skip_unavailable': False, 'install_base': '/home/fog/ros2_ws/install/my_robot_interfaces', 'merge_install': False, 'path': '/home/fog/ros2_ws/src/my_robot_interfaces', 'symlink_install': True, 'test_result_base': None}
[0.371s] Level 5:colcon.colcon_core.verb:set package 'turtlesim_catch_sim' build argument 'cmake_args' from command line to 'None'
[0.371s] Level 5:colcon.colcon_core.verb:set package 'turtlesim_catch_sim' build argument 'cmake_target' from command line to 'None'
[0.371s] Level 5:colcon.colcon_core.verb:set package 'turtlesim_catch_sim' build argument 'cmake_target_skip_unavailable' from command line to 'False'
[0.371s] Level 5:colcon.colcon_core.verb:set package 'turtlesim_catch_sim' build argument 'cmake_clean_cache' from command line to 'False'
[0.371s] Level 5:colcon.colcon_core.verb:set package 'turtlesim_catch_sim' build argument 'cmake_clean_first' from command line to 'False'
[0.371s] Level 5:colcon.colcon_core.verb:set package 'turtlesim_catch_sim' build argument 'cmake_force_configure' from command line to 'False'
[0.371s] Level 5:colcon.colcon_core.verb:set package 'turtlesim_catch_sim' build argument 'ament_cmake_args' from command line to 'None'
[0.371s] Level 5:colcon.colcon_core.verb:set package 'turtlesim_catch_sim' build argument 'catkin_cmake_args' from command line to 'None'
[0.371s] Level 5:colcon.colcon_core.verb:set package 'turtlesim_catch_sim' build argument 'catkin_skip_building_tests' from command line to 'False'
[0.371s] DEBUG:colcon.colcon_core.verb:Building package 'turtlesim_catch_sim' with the following arguments: {'ament_cmake_args': None, 'build_base': '/home/fog/ros2_ws/build/turtlesim_catch_sim', 'catkin_cmake_args': None, 'catkin_skip_building_tests': False, 'cmake_args': None, 'cmake_clean_cache': False, 'cmake_clean_first': False, 'cmake_force_configure': False, 'cmake_target': None, 'cmake_target_skip_unavailable': False, 'install_base': '/home/fog/ros2_ws/install/turtlesim_catch_sim', 'merge_install': False, 'path': '/home/fog/ros2_ws/src/turtlesim_catch_sim', 'symlink_install': True, 'test_result_base': None}
[0.371s] Level 5:colcon.colcon_core.verb:set package 'my_robot_bringup' build argument 'cmake_args' from command line to 'None'
[0.371s] Level 5:colcon.colcon_core.verb:set package 'my_robot_bringup' build argument 'cmake_target' from command line to 'None'
[0.372s] Level 5:colcon.colcon_core.verb:set package 'my_robot_bringup' build argument 'cmake_target_skip_unavailable' from command line to 'False'
[0.372s] Level 5:colcon.colcon_core.verb:set package 'my_robot_bringup' build argument 'cmake_clean_cache' from command line to 'False'
[0.372s] Level 5:colcon.colcon_core.verb:set package 'my_robot_bringup' build argument 'cmake_clean_first' from command line to 'False'
[0.372s] Level 5:colcon.colcon_core.verb:set package 'my_robot_bringup' build argument 'cmake_force_configure' from command line to 'False'
[0.372s] Level 5:colcon.colcon_core.verb:set package 'my_robot_bringup' build argument 'ament_cmake_args' from command line to 'None'
[0.372s] Level 5:colcon.colcon_core.verb:set package 'my_robot_bringup' build argument 'catkin_cmake_args' from command line to 'None'
[0.372s] Level 5:colcon.colcon_core.verb:set package 'my_robot_bringup' build argument 'catkin_skip_building_tests' from command line to 'False'
[0.372s] DEBUG:colcon.colcon_core.verb:Building package 'my_robot_bringup' with the following arguments: {'ament_cmake_args': None, 'build_base': '/home/fog/ros2_ws/build/my_robot_bringup', 'catkin_cmake_args': None, 'catkin_skip_building_tests': False, 'cmake_args': None, 'cmake_clean_cache': False, 'cmake_clean_first': False, 'cmake_force_configure': False, 'cmake_target': None, 'cmake_target_skip_unavailable': False, 'install_base': '/home/fog/ros2_ws/install/my_robot_bringup', 'merge_install': False, 'path': '/home/fog/ros2_ws/src/my_robot_bringup', 'symlink_install': True, 'test_result_base': None}
[0.372s] INFO:colcon.colcon_core.executor:Executing jobs using 'parallel' executor
[0.373s] DEBUG:colcon.colcon_parallel_executor.executor.parallel:run_until_complete
[0.373s] INFO:colcon.colcon_ros.task.ament_python.build:Building ROS package in '/home/fog/ros2_ws/src/my_py_pkg' with build type 'ament_python'
[0.373s] Level 1:colcon.colcon_core.shell:create_environment_hook('my_py_pkg', 'ament_prefix_path')
[0.376s] INFO:colcon.colcon_core.plugin_system:Skipping extension 'colcon_core.shell.bat': Not used on non-Windows systems
[0.376s] INFO:colcon.colcon_core.shell:Creating environment hook '/home/fog/ros2_ws/install/my_py_pkg/share/my_py_pkg/hook/ament_prefix_path.ps1'
[0.377s] INFO:colcon.colcon_core.shell:Creating environment descriptor '/home/fog/ros2_ws/install/my_py_pkg/share/my_py_pkg/hook/ament_prefix_path.dsv'
[0.377s] INFO:colcon.colcon_core.shell:Creating environment hook '/home/fog/ros2_ws/install/my_py_pkg/share/my_py_pkg/hook/ament_prefix_path.sh'
[0.377s] INFO:colcon.colcon_core.shell:Skip shell extension 'powershell' for command environment: Not usable outside of PowerShell
[0.378s] DEBUG:colcon.colcon_core.shell:Skip shell extension 'dsv' for command environment
[0.381s] INFO:colcon.colcon_ros.task.ament_cmake.build:Building ROS package in '/home/fog/ros2_ws/src/my_robot_interfaces' with build type 'ament_cmake'
[0.381s] INFO:colcon.colcon_cmake.task.cmake.build:Building CMake package in '/home/fog/ros2_ws/src/my_robot_interfaces'
[0.381s] INFO:colcon.colcon_core.shell:Skip shell extension 'powershell' for command environment: Not usable outside of PowerShell
[0.382s] DEBUG:colcon.colcon_core.shell:Skip shell extension 'dsv' for command environment
[0.385s] INFO:colcon.colcon_ros.task.ament_python.build:Building ROS package in '/home/fog/ros2_ws/src/turtlesim_catch_sim' with build type 'ament_python'
[0.385s] Level 1:colcon.colcon_core.shell:create_environment_hook('turtlesim_catch_sim', 'ament_prefix_path')
[0.385s] INFO:colcon.colcon_core.shell:Creating environment hook '/home/fog/ros2_ws/install/turtlesim_catch_sim/share/turtlesim_catch_sim/hook/ament_prefix_path.ps1'
[0.386s] INFO:colcon.colcon_core.shell:Creating environment descriptor '/home/fog/ros2_ws/install/turtlesim_catch_sim/share/turtlesim_catch_sim/hook/ament_prefix_path.dsv'
[0.387s] INFO:colcon.colcon_core.shell:Creating environment hook '/home/fog/ros2_ws/install/turtlesim_catch_sim/share/turtlesim_catch_sim/hook/ament_prefix_path.sh'
[0.387s] INFO:colcon.colcon_core.shell:Skip shell extension 'powershell' for command environment: Not usable outside of PowerShell
[0.387s] DEBUG:colcon.colcon_core.shell:Skip shell extension 'dsv' for command environment
[0.645s] INFO:colcon.colcon_core.task.python.build:Building Python package in '/home/fog/ros2_ws/src/my_py_pkg'
[0.645s] INFO:colcon.colcon_core.shell:Skip shell extension 'powershell' for command environment: Not usable outside of PowerShell
[0.645s] DEBUG:colcon.colcon_core.shell:Skip shell extension 'dsv' for command environment
[0.653s] DEBUG:colcon.colcon_core.event_handler.log_command:Invoking command in '/home/fog/ros2_ws/build/my_robot_interfaces': CMAKE_PREFIX_PATH=/opt/ros/humble /usr/bin/cmake /home/fog/ros2_ws/src/my_robot_interfaces -DAMENT_CMAKE_SYMLINK_INSTALL=1 -DCMAKE_INSTALL_PREFIX=/home/fog/ros2_ws/install/my_robot_interfaces
[0.904s] INFO:colcon.colcon_core.task.python.build:Building Python package in '/home/fog/ros2_ws/src/turtlesim_catch_sim'
[0.905s] INFO:colcon.colcon_core.shell:Skip shell extension 'powershell' for command environment: Not usable outside of PowerShell
[0.905s] DEBUG:colcon.colcon_core.shell:Skip shell extension 'dsv' for command environment
[1.253s] DEBUG:colcon.colcon_core.event_handler.log_command:Invoking command in '/home/fog/ros2_ws/build/turtlesim_catch_sim': PYTHONPATH=/home/fog/ros2_ws/build/turtlesim_catch_sim/prefix_override:/usr/lib/python3/dist-packages/colcon_core/task/python/colcon_distutils_commands:/home/fog/ros2_ws/install/turtlesim_catch_sim/lib/python3.10/site-packages:${PYTHONPATH} /usr/bin/python3 -W ignore:setup.py install is deprecated -W ignore:easy_install command is deprecated setup.py develop --editable --build-directory /home/fog/ros2_ws/build/turtlesim_catch_sim/build --no-deps symlink_data
[1.254s] DEBUG:colcon.colcon_core.event_handler.log_command:Invoking command in '/home/fog/ros2_ws/build/my_py_pkg': PYTHONPATH=/home/fog/ros2_ws/build/my_py_pkg/prefix_override:/usr/lib/python3/dist-packages/colcon_core/task/python/colcon_distutils_commands:/home/fog/ros2_ws/install/my_py_pkg/lib/python3.10/site-packages:${PYTHONPATH} /usr/bin/python3 -W ignore:setup.py install is deprecated -W ignore:easy_install command is deprecated setup.py develop --editable --build-directory /home/fog/ros2_ws/build/my_py_pkg/build --no-deps symlink_data
[1.681s] Level 1:colcon.colcon_core.shell:create_environment_hook('my_py_pkg', 'pythonpath_develop')
[1.681s] INFO:colcon.colcon_core.shell:Creating environment hook '/home/fog/ros2_ws/build/my_py_pkg/share/my_py_pkg/hook/pythonpath_develop.ps1'
[1.682s] INFO:colcon.colcon_core.shell:Creating environment descriptor '/home/fog/ros2_ws/build/my_py_pkg/share/my_py_pkg/hook/pythonpath_develop.dsv'
[1.683s] DEBUG:colcon.colcon_core.event_handler.log_command:Invoked command in '/home/fog/ros2_ws/build/my_py_pkg' returned '0': PYTHONPATH=/home/fog/ros2_ws/build/my_py_pkg/prefix_override:/usr/lib/python3/dist-packages/colcon_core/task/python/colcon_distutils_commands:/home/fog/ros2_ws/install/my_py_pkg/lib/python3.10/site-packages:${PYTHONPATH} /usr/bin/python3 -W ignore:setup.py install is deprecated -W ignore:easy_install command is deprecated setup.py develop --editable --build-directory /home/fog/ros2_ws/build/my_py_pkg/build --no-deps symlink_data
[1.683s] INFO:colcon.colcon_core.shell:Creating environment hook '/home/fog/ros2_ws/build/my_py_pkg/share/my_py_pkg/hook/pythonpath_develop.sh'
[1.685s] Level 1:colcon.colcon_core.environment:checking '/home/fog/ros2_ws/install/my_py_pkg' for CMake module files
[1.686s] Level 1:colcon.colcon_core.environment:checking '/home/fog/ros2_ws/install/my_py_pkg' for CMake config files
[1.686s] Level 1:colcon.colcon_core.environment:checking '/home/fog/ros2_ws/install/my_py_pkg/lib'
[1.686s] Level 1:colcon.colcon_core.environment:checking '/home/fog/ros2_ws/install/my_py_pkg/bin'
[1.686s] Level 1:colcon.colcon_core.environment:checking '/home/fog/ros2_ws/install/my_py_pkg/lib/pkgconfig/my_py_pkg.pc'
[1.687s] Level 1:colcon.colcon_core.environment:checking '/home/fog/ros2_ws/install/my_py_pkg/lib/python3.10/site-packages'
[1.687s] Level 1:colcon.colcon_core.shell:create_environment_hook('my_py_pkg', 'pythonpath')
[1.687s] INFO:colcon.colcon_core.shell:Creating environment hook '/home/fog/ros2_ws/install/my_py_pkg/share/my_py_pkg/hook/pythonpath.ps1'
[1.687s] INFO:colcon.colcon_core.shell:Creating environment descriptor '/home/fog/ros2_ws/install/my_py_pkg/share/my_py_pkg/hook/pythonpath.dsv'
[1.688s] INFO:colcon.colcon_core.shell:Creating environment hook '/home/fog/ros2_ws/install/my_py_pkg/share/my_py_pkg/hook/pythonpath.sh'
[1.688s] Level 1:colcon.colcon_core.environment:checking '/home/fog/ros2_ws/install/my_py_pkg/bin'
[1.688s] Level 1:colcon.colcon_core.environment:create_environment_scripts_only(my_py_pkg)
[1.688s] INFO:colcon.colcon_core.shell:Creating package script '/home/fog/ros2_ws/install/my_py_pkg/share/my_py_pkg/package.ps1'
[1.689s] INFO:colcon.colcon_core.shell:Creating package descriptor '/home/fog/ros2_ws/install/my_py_pkg/share/my_py_pkg/package.dsv'
[1.690s] INFO:colcon.colcon_core.shell:Creating package script '/home/fog/ros2_ws/install/my_py_pkg/share/my_py_pkg/package.sh'
[1.691s] INFO:colcon.colcon_core.shell:Creating package script '/home/fog/ros2_ws/install/my_py_pkg/share/my_py_pkg/package.bash'
[1.691s] INFO:colcon.colcon_core.shell:Creating package script '/home/fog/ros2_ws/install/my_py_pkg/share/my_py_pkg/package.zsh'
[1.692s] Level 1:colcon.colcon_core.environment:create_file_with_runtime_dependencies(/home/fog/ros2_ws/install/my_py_pkg/share/colcon-core/packages/my_py_pkg)
[1.692s] INFO:colcon.colcon_ros.task.ament_cmake.build:Building ROS package in '/home/fog/ros2_ws/src/my_robot_bringup' with build type 'ament_cmake'
[1.692s] INFO:colcon.colcon_cmake.task.cmake.build:Building CMake package in '/home/fog/ros2_ws/src/my_robot_bringup'
[1.692s] INFO:colcon.colcon_core.shell:Skip shell extension 'powershell' for command environment: Not usable outside of PowerShell
[1.692s] DEBUG:colcon.colcon_core.shell:Skip shell extension 'dsv' for command environment
[1.697s] Level 1:colcon.colcon_core.shell:create_environment_hook('turtlesim_catch_sim', 'pythonpath_develop')
[1.698s] INFO:colcon.colcon_core.shell:Creating environment hook '/home/fog/ros2_ws/build/turtlesim_catch_sim/share/turtlesim_catch_sim/hook/pythonpath_develop.ps1'
[1.698s] DEBUG:colcon.colcon_core.event_handler.log_command:Invoked command in '/home/fog/ros2_ws/build/turtlesim_catch_sim' returned '0': PYTHONPATH=/home/fog/ros2_ws/build/turtlesim_catch_sim/prefix_override:/usr/lib/python3/dist-packages/colcon_core/task/python/colcon_distutils_commands:/home/fog/ros2_ws/install/turtlesim_catch_sim/lib/python3.10/site-packages:${PYTHONPATH} /usr/bin/python3 -W ignore:setup.py install is deprecated -W ignore:easy_install command is deprecated setup.py develop --editable --build-directory /home/fog/ros2_ws/build/turtlesim_catch_sim/build --no-deps symlink_data
[1.699s] INFO:colcon.colcon_core.shell:Creating environment descriptor '/home/fog/ros2_ws/build/turtlesim_catch_sim/share/turtlesim_catch_sim/hook/pythonpath_develop.dsv'
[1.699s] INFO:colcon.colcon_core.shell:Creating environment hook '/home/fog/ros2_ws/build/turtlesim_catch_sim/share/turtlesim_catch_sim/hook/pythonpath_develop.sh'
[1.699s] Level 1:colcon.colcon_core.environment:checking '/home/fog/ros2_ws/install/turtlesim_catch_sim' for CMake module files
[1.700s] Level 1:colcon.colcon_core.environment:checking '/home/fog/ros2_ws/install/turtlesim_catch_sim' for CMake config files
[1.700s] Level 1:colcon.colcon_core.environment:checking '/home/fog/ros2_ws/install/turtlesim_catch_sim/lib'
[1.700s] Level 1:colcon.colcon_core.environment:checking '/home/fog/ros2_ws/install/turtlesim_catch_sim/bin'
[1.700s] Level 1:colcon.colcon_core.environment:checking '/home/fog/ros2_ws/install/turtlesim_catch_sim/lib/pkgconfig/turtlesim_catch_sim.pc'
[1.701s] Level 1:colcon.colcon_core.environment:checking '/home/fog/ros2_ws/install/turtlesim_catch_sim/lib/python3.10/site-packages'
[1.701s] Level 1:colcon.colcon_core.shell:create_environment_hook('turtlesim_catch_sim', 'pythonpath')
[1.701s] INFO:colcon.colcon_core.shell:Creating environment hook '/home/fog/ros2_ws/install/turtlesim_catch_sim/share/turtlesim_catch_sim/hook/pythonpath.ps1'
[1.701s] INFO:colcon.colcon_core.shell:Creating environment descriptor '/home/fog/ros2_ws/install/turtlesim_catch_sim/share/turtlesim_catch_sim/hook/pythonpath.dsv'
[1.701s] INFO:colcon.colcon_core.shell:Creating environment hook '/home/fog/ros2_ws/install/turtlesim_catch_sim/share/turtlesim_catch_sim/hook/pythonpath.sh'
[1.702s] Level 1:colcon.colcon_core.environment:checking '/home/fog/ros2_ws/install/turtlesim_catch_sim/bin'
[1.702s] Level 1:colcon.colcon_core.environment:create_environment_scripts_only(turtlesim_catch_sim)
[1.703s] INFO:colcon.colcon_core.shell:Creating package script '/home/fog/ros2_ws/install/turtlesim_catch_sim/share/turtlesim_catch_sim/package.ps1'
[1.703s] INFO:colcon.colcon_core.shell:Creating package descriptor '/home/fog/ros2_ws/install/turtlesim_catch_sim/share/turtlesim_catch_sim/package.dsv'
[1.704s] INFO:colcon.colcon_core.shell:Creating package script '/home/fog/ros2_ws/install/turtlesim_catch_sim/share/turtlesim_catch_sim/package.sh'
[1.704s] INFO:colcon.colcon_core.shell:Creating package script '/home/fog/ros2_ws/install/turtlesim_catch_sim/share/turtlesim_catch_sim/package.bash'
[1.704s] INFO:colcon.colcon_core.shell:Creating package script '/home/fog/ros2_ws/install/turtlesim_catch_sim/share/turtlesim_catch_sim/package.zsh'
[1.704s] Level 1:colcon.colcon_core.environment:create_file_with_runtime_dependencies(/home/fog/ros2_ws/install/turtlesim_catch_sim/share/colcon-core/packages/turtlesim_catch_sim)
[1.708s] DEBUG:colcon.colcon_core.event_handler.log_command:Invoking command in '/home/fog/ros2_ws/build/my_robot_bringup': AMENT_PREFIX_PATH=/home/fog/ros2_ws/install/my_py_pkg:${AMENT_PREFIX_PATH} CMAKE_PREFIX_PATH=/opt/ros/humble PYTHONPATH=/home/fog/ros2_ws/build/my_py_pkg:/home/fog/ros2_ws/install/my_py_pkg/lib/python3.10/site-packages:${PYTHONPATH} /usr/bin/cmake /home/fog/ros2_ws/src/my_robot_bringup -DAMENT_CMAKE_SYMLINK_INSTALL=1 -DCMAKE_INSTALL_PREFIX=/home/fog/ros2_ws/install/my_robot_bringup
[2.399s] DEBUG:colcon.colcon_core.event_handler.log_command:Invoked command in '/home/fog/ros2_ws/build/my_robot_interfaces' returned '0': CMAKE_PREFIX_PATH=/opt/ros/humble /usr/bin/cmake /home/fog/ros2_ws/src/my_robot_interfaces -DAMENT_CMAKE_SYMLINK_INSTALL=1 -DCMAKE_INSTALL_PREFIX=/home/fog/ros2_ws/install/my_robot_interfaces
[2.399s] DEBUG:colcon.colcon_core.event_handler.log_command:Invoking command in '/home/fog/ros2_ws/build/my_robot_interfaces': CMAKE_PREFIX_PATH=/opt/ros/humble /usr/bin/cmake --build /home/fog/ros2_ws/build/my_robot_interfaces -- -j16 -l16
[2.407s] DEBUG:colcon.colcon_core.event_handler.log_command:Invoked command in '/home/fog/ros2_ws/build/my_robot_bringup' returned '0': AMENT_PREFIX_PATH=/home/fog/ros2_ws/install/my_py_pkg:${AMENT_PREFIX_PATH} CMAKE_PREFIX_PATH=/opt/ros/humble PYTHONPATH=/home/fog/ros2_ws/build/my_py_pkg:/home/fog/ros2_ws/install/my_py_pkg/lib/python3.10/site-packages:${PYTHONPATH} /usr/bin/cmake /home/fog/ros2_ws/src/my_robot_bringup -DAMENT_CMAKE_SYMLINK_INSTALL=1 -DCMAKE_INSTALL_PREFIX=/home/fog/ros2_ws/install/my_robot_bringup
[2.409s] DEBUG:colcon.colcon_core.event_handler.log_command:Invoking command in '/home/fog/ros2_ws/build/my_robot_bringup': AMENT_PREFIX_PATH=/home/fog/ros2_ws/install/my_py_pkg:${AMENT_PREFIX_PATH} CMAKE_PREFIX_PATH=/opt/ros/humble PYTHONPATH=/home/fog/ros2_ws/build/my_py_pkg:/home/fog/ros2_ws/install/my_py_pkg/lib/python3.10/site-packages:${PYTHONPATH} /usr/bin/cmake --build /home/fog/ros2_ws/build/my_robot_bringup -- -j16 -l16
[2.460s] DEBUG:colcon.colcon_core.event_handler.log_command:Invoked command in '/home/fog/ros2_ws/build/my_robot_bringup' returned '0': AMENT_PREFIX_PATH=/home/fog/ros2_ws/install/my_py_pkg:${AMENT_PREFIX_PATH} CMAKE_PREFIX_PATH=/opt/ros/humble PYTHONPATH=/home/fog/ros2_ws/build/my_py_pkg:/home/fog/ros2_ws/install/my_py_pkg/lib/python3.10/site-packages:${PYTHONPATH} /usr/bin/cmake --build /home/fog/ros2_ws/build/my_robot_bringup -- -j16 -l16
[2.473s] DEBUG:colcon.colcon_core.event_handler.log_command:Invoking command in '/home/fog/ros2_ws/build/my_robot_bringup': AMENT_PREFIX_PATH=/home/fog/ros2_ws/install/my_py_pkg:${AMENT_PREFIX_PATH} CMAKE_PREFIX_PATH=/opt/ros/humble PYTHONPATH=/home/fog/ros2_ws/build/my_py_pkg:/home/fog/ros2_ws/install/my_py_pkg/lib/python3.10/site-packages:${PYTHONPATH} /usr/bin/cmake --install /home/fog/ros2_ws/build/my_robot_bringup
[2.703s] Level 1:colcon.colcon_core.environment:create_environment_scripts_only(my_robot_bringup)
[2.703s] Level 1:colcon.colcon_core.environment:checking '/home/fog/ros2_ws/install/my_robot_bringup' for CMake module files
[2.704s] Level 1:colcon.colcon_core.environment:checking '/home/fog/ros2_ws/install/my_robot_bringup' for CMake config files
[2.704s] Level 1:colcon.colcon_core.shell:create_environment_hook('my_robot_bringup', 'cmake_prefix_path')
[2.704s] INFO:colcon.colcon_core.shell:Creating environment hook '/home/fog/ros2_ws/install/my_robot_bringup/share/my_robot_bringup/hook/cmake_prefix_path.ps1'
[2.704s] DEBUG:colcon.colcon_core.event_handler.log_command:Invoked command in '/home/fog/ros2_ws/build/my_robot_bringup' returned '0': AMENT_PREFIX_PATH=/home/fog/ros2_ws/install/my_py_pkg:${AMENT_PREFIX_PATH} CMAKE_PREFIX_PATH=/opt/ros/humble PYTHONPATH=/home/fog/ros2_ws/build/my_py_pkg:/home/fog/ros2_ws/install/my_py_pkg/lib/python3.10/site-packages:${PYTHONPATH} /usr/bin/cmake --install /home/fog/ros2_ws/build/my_robot_bringup
[2.705s] INFO:colcon.colcon_core.shell:Creating environment descriptor '/home/fog/ros2_ws/install/my_robot_bringup/share/my_robot_bringup/hook/cmake_prefix_path.dsv'
[2.705s] INFO:colcon.colcon_core.shell:Creating environment hook '/home/fog/ros2_ws/install/my_robot_bringup/share/my_robot_bringup/hook/cmake_prefix_path.sh'
[2.706s] Level 1:colcon.colcon_core.environment:checking '/home/fog/ros2_ws/install/my_robot_bringup/bin'
[2.706s] Level 1:colcon.colcon_core.environment:checking '/home/fog/ros2_ws/install/my_robot_bringup/lib/pkgconfig/my_robot_bringup.pc'
[2.706s] Level 1:colcon.colcon_core.environment:checking '/home/fog/ros2_ws/install/my_robot_bringup/lib/python3.10/site-packages'
[2.706s] Level 1:colcon.colcon_core.environment:checking '/home/fog/ros2_ws/install/my_robot_bringup/bin'
[2.707s] INFO:colcon.colcon_core.shell:Creating package script '/home/fog/ros2_ws/install/my_robot_bringup/share/my_robot_bringup/package.ps1'
[2.707s] INFO:colcon.colcon_core.shell:Creating package descriptor '/home/fog/ros2_ws/install/my_robot_bringup/share/my_robot_bringup/package.dsv'
[2.707s] INFO:colcon.colcon_core.shell:Creating package script '/home/fog/ros2_ws/install/my_robot_bringup/share/my_robot_bringup/package.sh'
[2.708s] INFO:colcon.colcon_core.shell:Creating package script '/home/fog/ros2_ws/install/my_robot_bringup/share/my_robot_bringup/package.bash'
[2.708s] INFO:colcon.colcon_core.shell:Creating package script '/home/fog/ros2_ws/install/my_robot_bringup/share/my_robot_bringup/package.zsh'
[2.708s] Level 1:colcon.colcon_core.environment:create_file_with_runtime_dependencies(/home/fog/ros2_ws/install/my_robot_bringup/share/colcon-core/packages/my_robot_bringup)
[2.709s] Level 1:colcon.colcon_core.environment:create_environment_scripts_only(my_robot_bringup)
[2.709s] Level 1:colcon.colcon_core.environment:checking '/home/fog/ros2_ws/install/my_robot_bringup' for CMake module files
[2.709s] Level 1:colcon.colcon_core.environment:checking '/home/fog/ros2_ws/install/my_robot_bringup' for CMake config files
[2.709s] Level 1:colcon.colcon_core.shell:create_environment_hook('my_robot_bringup', 'cmake_prefix_path')
[2.710s] INFO:colcon.colcon_core.shell:Creating environment hook '/home/fog/ros2_ws/install/my_robot_bringup/share/my_robot_bringup/hook/cmake_prefix_path.ps1'
[2.710s] INFO:colcon.colcon_core.shell:Creating environment descriptor '/home/fog/ros2_ws/install/my_robot_bringup/share/my_robot_bringup/hook/cmake_prefix_path.dsv'
[2.710s] INFO:colcon.colcon_core.shell:Creating environment hook '/home/fog/ros2_ws/install/my_robot_bringup/share/my_robot_bringup/hook/cmake_prefix_path.sh'
[2.711s] Level 1:colcon.colcon_core.environment:checking '/home/fog/ros2_ws/install/my_robot_bringup/bin'
[2.711s] Level 1:colcon.colcon_core.environment:checking '/home/fog/ros2_ws/install/my_robot_bringup/lib/pkgconfig/my_robot_bringup.pc'
[2.711s] Level 1:colcon.colcon_core.environment:checking '/home/fog/ros2_ws/install/my_robot_bringup/lib/python3.10/site-packages'
[2.711s] Level 1:colcon.colcon_core.environment:checking '/home/fog/ros2_ws/install/my_robot_bringup/bin'
[2.712s] INFO:colcon.colcon_core.shell:Creating package script '/home/fog/ros2_ws/install/my_robot_bringup/share/my_robot_bringup/package.ps1'
[2.712s] INFO:colcon.colcon_core.shell:Creating package descriptor '/home/fog/ros2_ws/install/my_robot_bringup/share/my_robot_bringup/package.dsv'
[2.713s] INFO:colcon.colcon_core.shell:Creating package script '/home/fog/ros2_ws/install/my_robot_bringup/share/my_robot_bringup/package.sh'
[2.714s] INFO:colcon.colcon_core.shell:Creating package script '/home/fog/ros2_ws/install/my_robot_bringup/share/my_robot_bringup/package.bash'
[2.714s] INFO:colcon.colcon_core.shell:Creating package script '/home/fog/ros2_ws/install/my_robot_bringup/share/my_robot_bringup/package.zsh'
[2.715s] Level 1:colcon.colcon_core.environment:create_file_with_runtime_dependencies(/home/fog/ros2_ws/install/my_robot_bringup/share/colcon-core/packages/my_robot_bringup)
[4.984s] DEBUG:colcon.colcon_core.event_handler.log_command:Invoked command in '/home/fog/ros2_ws/build/my_robot_interfaces' returned '0': CMAKE_PREFIX_PATH=/opt/ros/humble /usr/bin/cmake --build /home/fog/ros2_ws/build/my_robot_interfaces -- -j16 -l16
[4.984s] DEBUG:colcon.colcon_core.event_handler.log_command:Invoking command in '/home/fog/ros2_ws/build/my_robot_interfaces': CMAKE_PREFIX_PATH=/opt/ros/humble /usr/bin/cmake --install /home/fog/ros2_ws/build/my_robot_interfaces
[6.465s] Level 1:colcon.colcon_core.environment:create_environment_scripts_only(my_robot_interfaces)
[6.466s] Level 1:colcon.colcon_core.environment:checking '/home/fog/ros2_ws/install/my_robot_interfaces' for CMake module files
[6.466s] DEBUG:colcon.colcon_core.event_handler.log_command:Invoked command in '/home/fog/ros2_ws/build/my_robot_interfaces' returned '0': CMAKE_PREFIX_PATH=/opt/ros/humble /usr/bin/cmake --install /home/fog/ros2_ws/build/my_robot_interfaces
[6.467s] Level 1:colcon.colcon_core.environment:checking '/home/fog/ros2_ws/install/my_robot_interfaces' for CMake config files
[6.467s] Level 1:colcon.colcon_core.shell:create_environment_hook('my_robot_interfaces', 'cmake_prefix_path')
[6.467s] INFO:colcon.colcon_core.shell:Creating environment hook '/home/fog/ros2_ws/install/my_robot_interfaces/share/my_robot_interfaces/hook/cmake_prefix_path.ps1'
[6.468s] INFO:colcon.colcon_core.shell:Creating environment descriptor '/home/fog/ros2_ws/install/my_robot_interfaces/share/my_robot_interfaces/hook/cmake_prefix_path.dsv'
[6.468s] INFO:colcon.colcon_core.shell:Creating environment hook '/home/fog/ros2_ws/install/my_robot_interfaces/share/my_robot_interfaces/hook/cmake_prefix_path.sh'
[6.468s] Level 1:colcon.colcon_core.environment:checking '/home/fog/ros2_ws/install/my_robot_interfaces/lib'
[6.468s] Level 1:colcon.colcon_core.shell:create_environment_hook('my_robot_interfaces', 'ld_library_path_lib')
[6.469s] INFO:colcon.colcon_core.shell:Creating environment hook '/home/fog/ros2_ws/install/my_robot_interfaces/share/my_robot_interfaces/hook/ld_library_path_lib.ps1'
[6.469s] INFO:colcon.colcon_core.shell:Creating environment descriptor '/home/fog/ros2_ws/install/my_robot_interfaces/share/my_robot_interfaces/hook/ld_library_path_lib.dsv'
[6.469s] INFO:colcon.colcon_core.shell:Creating environment hook '/home/fog/ros2_ws/install/my_robot_interfaces/share/my_robot_interfaces/hook/ld_library_path_lib.sh'
[6.469s] Level 1:colcon.colcon_core.environment:checking '/home/fog/ros2_ws/install/my_robot_interfaces/bin'
[6.469s] Level 1:colcon.colcon_core.environment:checking '/home/fog/ros2_ws/install/my_robot_interfaces/lib/pkgconfig/my_robot_interfaces.pc'
[6.470s] Level 1:colcon.colcon_core.environment:checking '/home/fog/ros2_ws/install/my_robot_interfaces/lib/python3.10/site-packages'
[6.470s] Level 1:colcon.colcon_core.environment:checking '/home/fog/ros2_ws/install/my_robot_interfaces/bin'
[6.470s] INFO:colcon.colcon_core.shell:Creating package script '/home/fog/ros2_ws/install/my_robot_interfaces/share/my_robot_interfaces/package.ps1'
[6.471s] INFO:colcon.colcon_core.shell:Creating package descriptor '/home/fog/ros2_ws/install/my_robot_interfaces/share/my_robot_interfaces/package.dsv'
[6.471s] INFO:colcon.colcon_core.shell:Creating package script '/home/fog/ros2_ws/install/my_robot_interfaces/share/my_robot_interfaces/package.sh'
[6.471s] INFO:colcon.colcon_core.shell:Creating package script '/home/fog/ros2_ws/install/my_robot_interfaces/share/my_robot_interfaces/package.bash'
[6.472s] INFO:colcon.colcon_core.shell:Creating package script '/home/fog/ros2_ws/install/my_robot_interfaces/share/my_robot_interfaces/package.zsh'
[6.472s] Level 1:colcon.colcon_core.environment:create_file_with_runtime_dependencies(/home/fog/ros2_ws/install/my_robot_interfaces/share/colcon-core/packages/my_robot_interfaces)
[6.473s] Level 1:colcon.colcon_core.environment:create_environment_scripts_only(my_robot_interfaces)
[6.473s] Level 1:colcon.colcon_core.environment:checking '/home/fog/ros2_ws/install/my_robot_interfaces' for CMake module files
[6.473s] Level 1:colcon.colcon_core.environment:checking '/home/fog/ros2_ws/install/my_robot_interfaces' for CMake config files
[6.474s] Level 1:colcon.colcon_core.shell:create_environment_hook('my_robot_interfaces', 'cmake_prefix_path')
[6.474s] INFO:colcon.colcon_core.shell:Creating environment hook '/home/fog/ros2_ws/install/my_robot_interfaces/share/my_robot_interfaces/hook/cmake_prefix_path.ps1'
[6.474s] INFO:colcon.colcon_core.shell:Creating environment descriptor '/home/fog/ros2_ws/install/my_robot_interfaces/share/my_robot_interfaces/hook/cmake_prefix_path.dsv'
[6.475s] INFO:colcon.colcon_core.shell:Creating environment hook '/home/fog/ros2_ws/install/my_robot_interfaces/share/my_robot_interfaces/hook/cmake_prefix_path.sh'
[6.475s] Level 1:colcon.colcon_core.environment:checking '/home/fog/ros2_ws/install/my_robot_interfaces/lib'
[6.475s] Level 1:colcon.colcon_core.shell:create_environment_hook('my_robot_interfaces', 'ld_library_path_lib')
[6.476s] INFO:colcon.colcon_core.shell:Creating environment hook '/home/fog/ros2_ws/install/my_robot_interfaces/share/my_robot_interfaces/hook/ld_library_path_lib.ps1'
[6.476s] INFO:colcon.colcon_core.shell:Creating environment descriptor '/home/fog/ros2_ws/install/my_robot_interfaces/share/my_robot_interfaces/hook/ld_library_path_lib.dsv'
[6.477s] INFO:colcon.colcon_core.shell:Creating environment hook '/home/fog/ros2_ws/install/my_robot_interfaces/share/my_robot_interfaces/hook/ld_library_path_lib.sh'
[6.477s] Level 1:colcon.colcon_core.environment:checking '/home/fog/ros2_ws/install/my_robot_interfaces/bin'
[6.477s] Level 1:colcon.colcon_core.environment:checking '/home/fog/ros2_ws/install/my_robot_interfaces/lib/pkgconfig/my_robot_interfaces.pc'
[6.477s] Level 1:colcon.colcon_core.environment:checking '/home/fog/ros2_ws/install/my_robot_interfaces/lib/python3.10/site-packages'
[6.478s] Level 1:colcon.colcon_core.environment:checking '/home/fog/ros2_ws/install/my_robot_interfaces/bin'
[6.478s] INFO:colcon.colcon_core.shell:Creating package script '/home/fog/ros2_ws/install/my_robot_interfaces/share/my_robot_interfaces/package.ps1'
[6.479s] INFO:colcon.colcon_core.shell:Creating package descriptor '/home/fog/ros2_ws/install/my_robot_interfaces/share/my_robot_interfaces/package.dsv'
[6.479s] INFO:colcon.colcon_core.shell:Creating package script '/home/fog/ros2_ws/install/my_robot_interfaces/share/my_robot_interfaces/package.sh'
[6.480s] INFO:colcon.colcon_core.shell:Creating package script '/home/fog/ros2_ws/install/my_robot_interfaces/share/my_robot_interfaces/package.bash'
[6.480s] INFO:colcon.colcon_core.shell:Creating package script '/home/fog/ros2_ws/install/my_robot_interfaces/share/my_robot_interfaces/package.zsh'
[6.481s] Level 1:colcon.colcon_core.environment:create_file_with_runtime_dependencies(/home/fog/ros2_ws/install/my_robot_interfaces/share/colcon-core/packages/my_robot_interfaces)
[6.481s] DEBUG:colcon.colcon_parallel_executor.executor.parallel:closing loop
[6.481s] DEBUG:colcon.colcon_parallel_executor.executor.parallel:loop closed
[6.481s] DEBUG:colcon.colcon_parallel_executor.executor.parallel:run_until_complete finished with '0'
[6.481s] DEBUG:colcon.colcon_core.event_reactor:joining thread
[6.487s] INFO:colcon.colcon_core.plugin_system:Skipping extension 'colcon_notification.desktop_notification.terminal_notifier': Not used on non-Darwin systems
[6.487s] INFO:colcon.colcon_core.plugin_system:Skipping extension 'colcon_notification.desktop_notification.win32': Not used on non-Windows systems
[6.487s] INFO:colcon.colcon_notification.desktop_notification:Sending desktop notification using 'notify2'
[6.502s] DEBUG:colcon.colcon_core.event_reactor:joined thread
[6.502s] INFO:colcon.colcon_core.shell:Creating prefix script '/home/fog/ros2_ws/install/local_setup.ps1'
[6.503s] INFO:colcon.colcon_core.shell:Creating prefix util module '/home/fog/ros2_ws/install/_local_setup_util_ps1.py'
[6.505s] INFO:colcon.colcon_core.shell:Creating prefix chain script '/home/fog/ros2_ws/install/setup.ps1'
[6.505s] INFO:colcon.colcon_core.shell:Creating prefix script '/home/fog/ros2_ws/install/local_setup.sh'
[6.506s] INFO:colcon.colcon_core.shell:Creating prefix util module '/home/fog/ros2_ws/install/_local_setup_util_sh.py'
[6.506s] INFO:colcon.colcon_core.shell:Creating prefix chain script '/home/fog/ros2_ws/install/setup.sh'
[6.508s] INFO:colcon.colcon_core.shell:Creating prefix script '/home/fog/ros2_ws/install/local_setup.bash'
[6.508s] INFO:colcon.colcon_core.shell:Creating prefix chain script '/home/fog/ros2_ws/install/setup.bash'
[6.509s] INFO:colcon.colcon_core.shell:Creating prefix script '/home/fog/ros2_ws/install/local_setup.zsh'
[6.509s] INFO:colcon.colcon_core.shell:Creating prefix chain script '/home/fog/ros2_ws/install/setup.zsh'
