[0.031s] Invoking command in '/home/fog/rob_ws/build/three_car_bringup': CMAKE_PREFIX_PATH=${CMAKE_PREFIX_PATH}:/opt/ros/humble /usr/bin/cmake /home/fog/rob_ws/src/three_car_bringup -DCMAKE_INSTALL_PREFIX=/home/fog/rob_ws/install/three_car_bringup
[0.245s] -- The C compiler identification is GNU 11.4.0
[0.423s] -- The CXX compiler identification is GNU 11.4.0
[0.435s] -- Detecting C compiler ABI info
[0.540s] -- Detecting C compiler ABI info - done
[0.548s] -- Check for working C compiler: /usr/bin/cc - skipped
[0.549s] -- Detecting C compile features
[0.551s] -- Detecting C compile features - done
[0.554s] -- Detecting CXX compiler ABI info
[0.654s] -- Detecting CXX compiler ABI info - done
[0.661s] -- Check for working CXX compiler: /usr/bin/c++ - skipped
[0.661s] -- Detecting CXX compile features
[0.661s] -- Detecting CXX compile features - done
[0.670s] -- Found ament_cmake: 1.3.14 (/opt/ros/humble/share/ament_cmake/cmake)
[0.857s] -- Found Python3: /usr/bin/python3 (found version "3.10.12") found components: Interpreter 
[1.033s] -- Configuring done
[1.036s] -- Generating done
[1.038s] -- Build files have been written to: /home/fog/rob_ws/build/three_car_bringup
[1.044s] Invoked command in '/home/fog/rob_ws/build/three_car_bringup' returned '0': CMAKE_PREFIX_PATH=${CMAKE_PREFIX_PATH}:/opt/ros/humble /usr/bin/cmake /home/fog/rob_ws/src/three_car_bringup -DCMAKE_INSTALL_PREFIX=/home/fog/rob_ws/install/three_car_bringup
[1.046s] Invoking command in '/home/fog/rob_ws/build/three_car_bringup': CMAKE_PREFIX_PATH=${CMAKE_PREFIX_PATH}:/opt/ros/humble /usr/bin/cmake --build /home/fog/rob_ws/build/three_car_bringup -- -j16 -l16
[1.101s] Invoked command in '/home/fog/rob_ws/build/three_car_bringup' returned '0': CMAKE_PREFIX_PATH=${CMAKE_PREFIX_PATH}:/opt/ros/humble /usr/bin/cmake --build /home/fog/rob_ws/build/three_car_bringup -- -j16 -l16
[1.102s] Invoking command in '/home/fog/rob_ws/build/three_car_bringup': CMAKE_PREFIX_PATH=${CMAKE_PREFIX_PATH}:/opt/ros/humble /usr/bin/cmake --install /home/fog/rob_ws/build/three_car_bringup
[1.111s] -- Install configuration: ""
[1.111s] -- Installing: /home/fog/rob_ws/install/three_car_bringup/share/three_car_bringup//launch
[1.111s] -- Installing: /home/fog/rob_ws/install/three_car_bringup/share/three_car_bringup//launch/three_car_gazebo.launch.xml
[1.111s] -- Installing: /home/fog/rob_ws/install/three_car_bringup/share/ament_index/resource_index/package_run_dependencies/three_car_bringup
[1.112s] -- Installing: /home/fog/rob_ws/install/three_car_bringup/share/ament_index/resource_index/parent_prefix_path/three_car_bringup
[1.112s] -- Installing: /home/fog/rob_ws/install/three_car_bringup/share/three_car_bringup/environment/ament_prefix_path.sh
[1.112s] -- Installing: /home/fog/rob_ws/install/three_car_bringup/share/three_car_bringup/environment/ament_prefix_path.dsv
[1.112s] -- Installing: /home/fog/rob_ws/install/three_car_bringup/share/three_car_bringup/environment/path.sh
[1.112s] -- Installing: /home/fog/rob_ws/install/three_car_bringup/share/three_car_bringup/environment/path.dsv
[1.113s] -- Installing: /home/fog/rob_ws/install/three_car_bringup/share/three_car_bringup/local_setup.bash
[1.113s] -- Installing: /home/fog/rob_ws/install/three_car_bringup/share/three_car_bringup/local_setup.sh
[1.113s] -- Installing: /home/fog/rob_ws/install/three_car_bringup/share/three_car_bringup/local_setup.zsh
[1.113s] -- Installing: /home/fog/rob_ws/install/three_car_bringup/share/three_car_bringup/local_setup.dsv
[1.113s] -- Installing: /home/fog/rob_ws/install/three_car_bringup/share/three_car_bringup/package.dsv
[1.113s] -- Installing: /home/fog/rob_ws/install/three_car_bringup/share/ament_index/resource_index/packages/three_car_bringup
[1.113s] -- Installing: /home/fog/rob_ws/install/three_car_bringup/share/three_car_bringup/cmake/three_car_bringupConfig.cmake
[1.114s] -- Installing: /home/fog/rob_ws/install/three_car_bringup/share/three_car_bringup/cmake/three_car_bringupConfig-version.cmake
[1.114s] -- Installing: /home/fog/rob_ws/install/three_car_bringup/share/three_car_bringup/package.xml
[1.116s] Invoked command in '/home/fog/rob_ws/build/three_car_bringup' returned '0': CMAKE_PREFIX_PATH=${CMAKE_PREFIX_PATH}:/opt/ros/humble /usr/bin/cmake --install /home/fog/rob_ws/build/three_car_bringup
