[0.097s] DEBUG:colcon:Command line arguments: ['/usr/bin/colcon', 'build', '--symlink-install']
[0.097s] DEBUG:colcon:Parsed command line arguments: Namespace(log_base=None, log_level=None, verb_name='build', build_base='build', install_base='install', merge_install=False, symlink_install=True, test_result_base=None, continue_on_error=False, executor='parallel', parallel_workers=16, event_handlers=None, ignore_user_meta=False, metas=['./colcon.meta'], base_paths=['.'], packages_ignore=None, packages_ignore_regex=None, paths=None, packages_up_to=None, packages_up_to_regex=None, packages_above=None, packages_above_and_dependencies=None, packages_above_depth=None, packages_select_by_dep=None, packages_skip_by_dep=None, packages_skip_up_to=None, packages_select_build_failed=False, packages_skip_build_finished=False, packages_select_test_failures=False, packages_skip_test_passed=False, packages_select=None, packages_skip=None, packages_select_regex=None, packages_skip_regex=None, packages_start=None, packages_end=None, allow_overriding=[], cmake_args=None, cmake_target=None, cmake_target_skip_unavailable=False, cmake_clean_cache=False, cmake_clean_first=False, cmake_force_configure=False, ament_cmake_args=None, catkin_cmake_args=None, catkin_skip_building_tests=False, verb_parser=<colcon_defaults.argument_parser.defaults.DefaultArgumentsDecorator object at 0x763d888607c0>, verb_extension=<colcon_core.verb.build.BuildVerb object at 0x763d889d0eb0>, main=<bound method BuildVerb.main of <colcon_core.verb.build.BuildVerb object at 0x763d889d0eb0>>)
[0.253s] Level 1:colcon.colcon_core.package_discovery:discover_packages(colcon_meta) check parameters
[0.253s] Level 1:colcon.colcon_core.package_discovery:discover_packages(recursive) check parameters
[0.253s] Level 1:colcon.colcon_core.package_discovery:discover_packages(ignore) check parameters
[0.253s] Level 1:colcon.colcon_core.package_discovery:discover_packages(path) check parameters
[0.254s] Level 1:colcon.colcon_core.package_discovery:discover_packages(colcon_meta) discover
[0.254s] Level 1:colcon.colcon_core.package_discovery:discover_packages(recursive) discover
[0.254s] INFO:colcon.colcon_core.package_discovery:Crawling recursively for packages in '/home/fog/ros2_ws'
[0.254s] Level 1:colcon.colcon_core.package_identification:_identify(.) by extensions ['ignore', 'ignore_ament_install']
[0.254s] Level 1:colcon.colcon_core.package_identification:_identify(.) by extension 'ignore'
[0.254s] Level 1:colcon.colcon_core.package_identification:_identify(.) by extension 'ignore_ament_install'
[0.254s] Level 1:colcon.colcon_core.package_identification:_identify(.) by extensions ['colcon_pkg']
[0.254s] Level 1:colcon.colcon_core.package_identification:_identify(.) by extension 'colcon_pkg'
[0.254s] Level 1:colcon.colcon_core.package_identification:_identify(.) by extensions ['colcon_meta']
[0.254s] Level 1:colcon.colcon_core.package_identification:_identify(.) by extension 'colcon_meta'
[0.254s] Level 1:colcon.colcon_core.package_identification:_identify(.) by extensions ['ros']
[0.254s] Level 1:colcon.colcon_core.package_identification:_identify(.) by extension 'ros'
[0.266s] Level 1:colcon.colcon_core.package_identification:_identify(.) by extensions ['cmake', 'python']
[0.266s] Level 1:colcon.colcon_core.package_identification:_identify(.) by extension 'cmake'
[0.266s] Level 1:colcon.colcon_core.package_identification:_identify(.) by extension 'python'
[0.266s] Level 1:colcon.colcon_core.package_identification:_identify(.) by extensions ['python_setup_py']
[0.266s] Level 1:colcon.colcon_core.package_identification:_identify(.) by extension 'python_setup_py'
[0.266s] Level 1:colcon.colcon_core.package_identification:_identify(build) by extensions ['ignore', 'ignore_ament_install']
[0.266s] Level 1:colcon.colcon_core.package_identification:_identify(build) by extension 'ignore'
[0.266s] Level 1:colcon.colcon_core.package_identification:_identify(build) ignored
[0.266s] Level 1:colcon.colcon_core.package_identification:_identify(install) by extensions ['ignore', 'ignore_ament_install']
[0.266s] Level 1:colcon.colcon_core.package_identification:_identify(install) by extension 'ignore'
[0.266s] Level 1:colcon.colcon_core.package_identification:_identify(install) ignored
[0.267s] Level 1:colcon.colcon_core.package_identification:_identify(log) by extensions ['ignore', 'ignore_ament_install']
[0.267s] Level 1:colcon.colcon_core.package_identification:_identify(log) by extension 'ignore'
[0.267s] Level 1:colcon.colcon_core.package_identification:_identify(log) ignored
[0.267s] Level 1:colcon.colcon_core.package_identification:_identify(src) by extensions ['ignore', 'ignore_ament_install']
[0.267s] Level 1:colcon.colcon_core.package_identification:_identify(src) by extension 'ignore'
[0.267s] Level 1:colcon.colcon_core.package_identification:_identify(src) by extension 'ignore_ament_install'
[0.267s] Level 1:colcon.colcon_core.package_identification:_identify(src) by extensions ['colcon_pkg']
[0.267s] Level 1:colcon.colcon_core.package_identification:_identify(src) by extension 'colcon_pkg'
[0.267s] Level 1:colcon.colcon_core.package_identification:_identify(src) by extensions ['colcon_meta']
[0.267s] Level 1:colcon.colcon_core.package_identification:_identify(src) by extension 'colcon_meta'
[0.267s] Level 1:colcon.colcon_core.package_identification:_identify(src) by extensions ['ros']
[0.267s] Level 1:colcon.colcon_core.package_identification:_identify(src) by extension 'ros'
[0.267s] Level 1:colcon.colcon_core.package_identification:_identify(src) by extensions ['cmake', 'python']
[0.267s] Level 1:colcon.colcon_core.package_identification:_identify(src) by extension 'cmake'
[0.267s] Level 1:colcon.colcon_core.package_identification:_identify(src) by extension 'python'
[0.267s] Level 1:colcon.colcon_core.package_identification:_identify(src) by extensions ['python_setup_py']
[0.267s] Level 1:colcon.colcon_core.package_identification:_identify(src) by extension 'python_setup_py'
[0.267s] Level 1:colcon.colcon_core.package_identification:_identify(src/my_py_pkg) by extensions ['ignore', 'ignore_ament_install']
[0.268s] Level 1:colcon.colcon_core.package_identification:_identify(src/my_py_pkg) by extension 'ignore'
[0.268s] Level 1:colcon.colcon_core.package_identification:_identify(src/my_py_pkg) by extension 'ignore_ament_install'
[0.268s] Level 1:colcon.colcon_core.package_identification:_identify(src/my_py_pkg) by extensions ['colcon_pkg']
[0.268s] Level 1:colcon.colcon_core.package_identification:_identify(src/my_py_pkg) by extension 'colcon_pkg'
[0.268s] Level 1:colcon.colcon_core.package_identification:_identify(src/my_py_pkg) by extensions ['colcon_meta']
[0.268s] Level 1:colcon.colcon_core.package_identification:_identify(src/my_py_pkg) by extension 'colcon_meta'
[0.268s] Level 1:colcon.colcon_core.package_identification:_identify(src/my_py_pkg) by extensions ['ros']
[0.268s] Level 1:colcon.colcon_core.package_identification:_identify(src/my_py_pkg) by extension 'ros'
[0.270s] DEBUG:colcon.colcon_core.package_identification:Package 'src/my_py_pkg' with type 'ros.ament_python' and name 'my_py_pkg'
[0.270s] Level 1:colcon.colcon_core.package_identification:_identify(src/my_robot_bringup) by extensions ['ignore', 'ignore_ament_install']
[0.270s] Level 1:colcon.colcon_core.package_identification:_identify(src/my_robot_bringup) by extension 'ignore'
[0.270s] Level 1:colcon.colcon_core.package_identification:_identify(src/my_robot_bringup) by extension 'ignore_ament_install'
[0.270s] Level 1:colcon.colcon_core.package_identification:_identify(src/my_robot_bringup) by extensions ['colcon_pkg']
[0.271s] Level 1:colcon.colcon_core.package_identification:_identify(src/my_robot_bringup) by extension 'colcon_pkg'
[0.271s] Level 1:colcon.colcon_core.package_identification:_identify(src/my_robot_bringup) by extensions ['colcon_meta']
[0.271s] Level 1:colcon.colcon_core.package_identification:_identify(src/my_robot_bringup) by extension 'colcon_meta'
[0.271s] Level 1:colcon.colcon_core.package_identification:_identify(src/my_robot_bringup) by extensions ['ros']
[0.271s] Level 1:colcon.colcon_core.package_identification:_identify(src/my_robot_bringup) by extension 'ros'
[0.271s] DEBUG:colcon.colcon_core.package_identification:Package 'src/my_robot_bringup' with type 'ros.ament_cmake' and name 'my_robot_bringup'
[0.271s] Level 1:colcon.colcon_core.package_identification:_identify(src/my_robot_interfaces) by extensions ['ignore', 'ignore_ament_install']
[0.271s] Level 1:colcon.colcon_core.package_identification:_identify(src/my_robot_interfaces) by extension 'ignore'
[0.271s] Level 1:colcon.colcon_core.package_identification:_identify(src/my_robot_interfaces) by extension 'ignore_ament_install'
[0.272s] Level 1:colcon.colcon_core.package_identification:_identify(src/my_robot_interfaces) by extensions ['colcon_pkg']
[0.272s] Level 1:colcon.colcon_core.package_identification:_identify(src/my_robot_interfaces) by extension 'colcon_pkg'
[0.272s] Level 1:colcon.colcon_core.package_identification:_identify(src/my_robot_interfaces) by extensions ['colcon_meta']
[0.272s] Level 1:colcon.colcon_core.package_identification:_identify(src/my_robot_interfaces) by extension 'colcon_meta'
[0.272s] Level 1:colcon.colcon_core.package_identification:_identify(src/my_robot_interfaces) by extensions ['ros']
[0.272s] Level 1:colcon.colcon_core.package_identification:_identify(src/my_robot_interfaces) by extension 'ros'
[0.272s] DEBUG:colcon.colcon_core.package_identification:Package 'src/my_robot_interfaces' with type 'ros.ament_cmake' and name 'my_robot_interfaces'
[0.272s] Level 1:colcon.colcon_core.package_identification:_identify(src/turtlesim_catch_sim) by extensions ['ignore', 'ignore_ament_install']
[0.272s] Level 1:colcon.colcon_core.package_identification:_identify(src/turtlesim_catch_sim) by extension 'ignore'
[0.272s] Level 1:colcon.colcon_core.package_identification:_identify(src/turtlesim_catch_sim) by extension 'ignore_ament_install'
[0.272s] Level 1:colcon.colcon_core.package_identification:_identify(src/turtlesim_catch_sim) by extensions ['colcon_pkg']
[0.273s] Level 1:colcon.colcon_core.package_identification:_identify(src/turtlesim_catch_sim) by extension 'colcon_pkg'
[0.273s] Level 1:colcon.colcon_core.package_identification:_identify(src/turtlesim_catch_sim) by extensions ['colcon_meta']
[0.273s] Level 1:colcon.colcon_core.package_identification:_identify(src/turtlesim_catch_sim) by extension 'colcon_meta'
[0.273s] Level 1:colcon.colcon_core.package_identification:_identify(src/turtlesim_catch_sim) by extensions ['ros']
[0.273s] Level 1:colcon.colcon_core.package_identification:_identify(src/turtlesim_catch_sim) by extension 'ros'
[0.273s] DEBUG:colcon.colcon_core.package_identification:Package 'src/turtlesim_catch_sim' with type 'ros.ament_python' and name 'turtlesim_catch_sim'
[0.273s] Level 1:colcon.colcon_core.package_discovery:discover_packages(recursive) using defaults
[0.273s] Level 1:colcon.colcon_core.package_discovery:discover_packages(ignore) discover
[0.273s] Level 1:colcon.colcon_core.package_discovery:discover_packages(ignore) using defaults
[0.273s] Level 1:colcon.colcon_core.package_discovery:discover_packages(path) discover
[0.273s] Level 1:colcon.colcon_core.package_discovery:discover_packages(path) using defaults
[0.301s] Level 1:colcon.colcon_core.package_discovery:discover_packages(prefix_path) check parameters
[0.301s] Level 1:colcon.colcon_core.package_discovery:discover_packages(prefix_path) discover
[0.303s] DEBUG:colcon.colcon_installed_package_information.package_discovery:Found 442 installed packages in /opt/ros/humble
[0.306s] Level 1:colcon.colcon_core.package_discovery:discover_packages(prefix_path) using defaults
[0.360s] Level 5:colcon.colcon_core.verb:set package 'my_py_pkg' build argument 'cmake_args' from command line to 'None'
[0.360s] Level 5:colcon.colcon_core.verb:set package 'my_py_pkg' build argument 'cmake_target' from command line to 'None'
[0.360s] Level 5:colcon.colcon_core.verb:set package 'my_py_pkg' build argument 'cmake_target_skip_unavailable' from command line to 'False'
[0.360s] Level 5:colcon.colcon_core.verb:set package 'my_py_pkg' build argument 'cmake_clean_cache' from command line to 'False'
[0.360s] Level 5:colcon.colcon_core.verb:set package 'my_py_pkg' build argument 'cmake_clean_first' from command line to 'False'
[0.360s] Level 5:colcon.colcon_core.verb:set package 'my_py_pkg' build argument 'cmake_force_configure' from command line to 'False'
[0.360s] Level 5:colcon.colcon_core.verb:set package 'my_py_pkg' build argument 'ament_cmake_args' from command line to 'None'
[0.360s] Level 5:colcon.colcon_core.verb:set package 'my_py_pkg' build argument 'catkin_cmake_args' from command line to 'None'
[0.360s] Level 5:colcon.colcon_core.verb:set package 'my_py_pkg' build argument 'catkin_skip_building_tests' from command line to 'False'
[0.360s] DEBUG:colcon.colcon_core.verb:Building package 'my_py_pkg' with the following arguments: {'ament_cmake_args': None, 'build_base': '/home/fog/ros2_ws/build/my_py_pkg', 'catkin_cmake_args': None, 'catkin_skip_building_tests': False, 'cmake_args': None, 'cmake_clean_cache': False, 'cmake_clean_first': False, 'cmake_force_configure': False, 'cmake_target': None, 'cmake_target_skip_unavailable': False, 'install_base': '/home/fog/ros2_ws/install/my_py_pkg', 'merge_install': False, 'path': '/home/fog/ros2_ws/src/my_py_pkg', 'symlink_install': True, 'test_result_base': None}
[0.361s] Level 5:colcon.colcon_core.verb:set package 'my_robot_interfaces' build argument 'cmake_args' from command line to 'None'
[0.361s] Level 5:colcon.colcon_core.verb:set package 'my_robot_interfaces' build argument 'cmake_target' from command line to 'None'
[0.361s] Level 5:colcon.colcon_core.verb:set package 'my_robot_interfaces' build argument 'cmake_target_skip_unavailable' from command line to 'False'
[0.361s] Level 5:colcon.colcon_core.verb:set package 'my_robot_interfaces' build argument 'cmake_clean_cache' from command line to 'False'
[0.361s] Level 5:colcon.colcon_core.verb:set package 'my_robot_interfaces' build argument 'cmake_clean_first' from command line to 'False'
[0.361s] Level 5:colcon.colcon_core.verb:set package 'my_robot_interfaces' build argument 'cmake_force_configure' from command line to 'False'
[0.361s] Level 5:colcon.colcon_core.verb:set package 'my_robot_interfaces' build argument 'ament_cmake_args' from command line to 'None'
[0.361s] Level 5:colcon.colcon_core.verb:set package 'my_robot_interfaces' build argument 'catkin_cmake_args' from command line to 'None'
[0.361s] Level 5:colcon.colcon_core.verb:set package 'my_robot_interfaces' build argument 'catkin_skip_building_tests' from command line to 'False'
[0.361s] DEBUG:colcon.colcon_core.verb:Building package 'my_robot_interfaces' with the following arguments: {'ament_cmake_args': None, 'build_base': '/home/fog/ros2_ws/build/my_robot_interfaces', 'catkin_cmake_args': None, 'catkin_skip_building_tests': False, 'cmake_args': None, 'cmake_clean_cache': False, 'cmake_clean_first': False, 'cmake_force_configure': False, 'cmake_target': None, 'cmake_target_skip_unavailable': False, 'install_base': '/home/fog/ros2_ws/install/my_robot_interfaces', 'merge_install': False, 'path': '/home/fog/ros2_ws/src/my_robot_interfaces', 'symlink_install': True, 'test_result_base': None}
[0.361s] Level 5:colcon.colcon_core.verb:set package 'my_robot_bringup' build argument 'cmake_args' from command line to 'None'
[0.361s] Level 5:colcon.colcon_core.verb:set package 'my_robot_bringup' build argument 'cmake_target' from command line to 'None'
[0.361s] Level 5:colcon.colcon_core.verb:set package 'my_robot_bringup' build argument 'cmake_target_skip_unavailable' from command line to 'False'
[0.361s] Level 5:colcon.colcon_core.verb:set package 'my_robot_bringup' build argument 'cmake_clean_cache' from command line to 'False'
[0.361s] Level 5:colcon.colcon_core.verb:set package 'my_robot_bringup' build argument 'cmake_clean_first' from command line to 'False'
[0.361s] Level 5:colcon.colcon_core.verb:set package 'my_robot_bringup' build argument 'cmake_force_configure' from command line to 'False'
[0.361s] Level 5:colcon.colcon_core.verb:set package 'my_robot_bringup' build argument 'ament_cmake_args' from command line to 'None'
[0.361s] Level 5:colcon.colcon_core.verb:set package 'my_robot_bringup' build argument 'catkin_cmake_args' from command line to 'None'
[0.361s] Level 5:colcon.colcon_core.verb:set package 'my_robot_bringup' build argument 'catkin_skip_building_tests' from command line to 'False'
[0.362s] DEBUG:colcon.colcon_core.verb:Building package 'my_robot_bringup' with the following arguments: {'ament_cmake_args': None, 'build_base': '/home/fog/ros2_ws/build/my_robot_bringup', 'catkin_cmake_args': None, 'catkin_skip_building_tests': False, 'cmake_args': None, 'cmake_clean_cache': False, 'cmake_clean_first': False, 'cmake_force_configure': False, 'cmake_target': None, 'cmake_target_skip_unavailable': False, 'install_base': '/home/fog/ros2_ws/install/my_robot_bringup', 'merge_install': False, 'path': '/home/fog/ros2_ws/src/my_robot_bringup', 'symlink_install': True, 'test_result_base': None}
[0.362s] Level 5:colcon.colcon_core.verb:set package 'turtlesim_catch_sim' build argument 'cmake_args' from command line to 'None'
[0.362s] Level 5:colcon.colcon_core.verb:set package 'turtlesim_catch_sim' build argument 'cmake_target' from command line to 'None'
[0.362s] Level 5:colcon.colcon_core.verb:set package 'turtlesim_catch_sim' build argument 'cmake_target_skip_unavailable' from command line to 'False'
[0.362s] Level 5:colcon.colcon_core.verb:set package 'turtlesim_catch_sim' build argument 'cmake_clean_cache' from command line to 'False'
[0.362s] Level 5:colcon.colcon_core.verb:set package 'turtlesim_catch_sim' build argument 'cmake_clean_first' from command line to 'False'
[0.362s] Level 5:colcon.colcon_core.verb:set package 'turtlesim_catch_sim' build argument 'cmake_force_configure' from command line to 'False'
[0.362s] Level 5:colcon.colcon_core.verb:set package 'turtlesim_catch_sim' build argument 'ament_cmake_args' from command line to 'None'
[0.362s] Level 5:colcon.colcon_core.verb:set package 'turtlesim_catch_sim' build argument 'catkin_cmake_args' from command line to 'None'
[0.362s] Level 5:colcon.colcon_core.verb:set package 'turtlesim_catch_sim' build argument 'catkin_skip_building_tests' from command line to 'False'
[0.362s] DEBUG:colcon.colcon_core.verb:Building package 'turtlesim_catch_sim' with the following arguments: {'ament_cmake_args': None, 'build_base': '/home/fog/ros2_ws/build/turtlesim_catch_sim', 'catkin_cmake_args': None, 'catkin_skip_building_tests': False, 'cmake_args': None, 'cmake_clean_cache': False, 'cmake_clean_first': False, 'cmake_force_configure': False, 'cmake_target': None, 'cmake_target_skip_unavailable': False, 'install_base': '/home/fog/ros2_ws/install/turtlesim_catch_sim', 'merge_install': False, 'path': '/home/fog/ros2_ws/src/turtlesim_catch_sim', 'symlink_install': True, 'test_result_base': None}
[0.362s] INFO:colcon.colcon_core.executor:Executing jobs using 'parallel' executor
[0.364s] DEBUG:colcon.colcon_parallel_executor.executor.parallel:run_until_complete
[0.364s] INFO:colcon.colcon_ros.task.ament_python.build:Building ROS package in '/home/fog/ros2_ws/src/my_py_pkg' with build type 'ament_python'
[0.364s] Level 1:colcon.colcon_core.shell:create_environment_hook('my_py_pkg', 'ament_prefix_path')
[0.366s] INFO:colcon.colcon_core.plugin_system:Skipping extension 'colcon_core.shell.bat': Not used on non-Windows systems
[0.366s] INFO:colcon.colcon_core.shell:Creating environment hook '/home/fog/ros2_ws/install/my_py_pkg/share/my_py_pkg/hook/ament_prefix_path.ps1'
[0.367s] INFO:colcon.colcon_core.shell:Creating environment descriptor '/home/fog/ros2_ws/install/my_py_pkg/share/my_py_pkg/hook/ament_prefix_path.dsv'
[0.367s] INFO:colcon.colcon_core.shell:Creating environment hook '/home/fog/ros2_ws/install/my_py_pkg/share/my_py_pkg/hook/ament_prefix_path.sh'
[0.368s] INFO:colcon.colcon_core.shell:Skip shell extension 'powershell' for command environment: Not usable outside of PowerShell
[0.368s] DEBUG:colcon.colcon_core.shell:Skip shell extension 'dsv' for command environment
[0.372s] INFO:colcon.colcon_ros.task.ament_cmake.build:Building ROS package in '/home/fog/ros2_ws/src/my_robot_interfaces' with build type 'ament_cmake'
[0.372s] INFO:colcon.colcon_cmake.task.cmake.build:Building CMake package in '/home/fog/ros2_ws/src/my_robot_interfaces'
[0.372s] INFO:colcon.colcon_core.shell:Skip shell extension 'powershell' for command environment: Not usable outside of PowerShell
[0.372s] DEBUG:colcon.colcon_core.shell:Skip shell extension 'dsv' for command environment
[0.625s] INFO:colcon.colcon_core.task.python.build:Building Python package in '/home/fog/ros2_ws/src/my_py_pkg'
[0.626s] INFO:colcon.colcon_core.shell:Skip shell extension 'powershell' for command environment: Not usable outside of PowerShell
[0.626s] DEBUG:colcon.colcon_core.shell:Skip shell extension 'dsv' for command environment
[0.634s] DEBUG:colcon.colcon_core.event_handler.log_command:Invoking command in '/home/fog/ros2_ws/build/my_robot_interfaces': CMAKE_PREFIX_PATH=/opt/ros/humble /usr/bin/cmake /home/fog/ros2_ws/src/my_robot_interfaces -DAMENT_CMAKE_SYMLINK_INSTALL=1 -DCMAKE_INSTALL_PREFIX=/home/fog/ros2_ws/install/my_robot_interfaces
[0.975s] DEBUG:colcon.colcon_core.task.python.build:While undoing a previous installation files outside the Python library path are being ignored: /home/fog/ros2_ws/install/my_py_pkg/share/ament_index/resource_index/packages/my_py_pkg
[0.975s] DEBUG:colcon.colcon_core.task.python.build:While undoing a previous installation files outside the Python library path are being ignored: /home/fog/ros2_ws/install/my_py_pkg/share/my_py_pkg/package.xml
[0.975s] DEBUG:colcon.colcon_core.task.python.build:While undoing a previous installation files outside the Python library path are being ignored: /home/fog/ros2_ws/install/my_py_pkg/lib/my_py_pkg/add_three_ints_server
[0.975s] DEBUG:colcon.colcon_core.task.python.build:While undoing a previous installation files outside the Python library path are being ignored: /home/fog/ros2_ws/install/my_py_pkg/lib/my_py_pkg/add_two_ints_client
[0.975s] DEBUG:colcon.colcon_core.task.python.build:While undoing a previous installation files outside the Python library path are being ignored: /home/fog/ros2_ws/install/my_py_pkg/lib/my_py_pkg/add_two_ints_server
[0.975s] DEBUG:colcon.colcon_core.task.python.build:While undoing a previous installation files outside the Python library path are being ignored: /home/fog/ros2_ws/install/my_py_pkg/lib/my_py_pkg/number_count
[0.975s] DEBUG:colcon.colcon_core.task.python.build:While undoing a previous installation files outside the Python library path are being ignored: /home/fog/ros2_ws/install/my_py_pkg/lib/my_py_pkg/number_pub
[0.975s] DEBUG:colcon.colcon_core.task.python.build:While undoing a previous installation files outside the Python library path are being ignored: /home/fog/ros2_ws/install/my_py_pkg/lib/my_py_pkg/robot_pub
[0.975s] DEBUG:colcon.colcon_core.task.python.build:While undoing a previous installation files outside the Python library path are being ignored: /home/fog/ros2_ws/install/my_py_pkg/lib/my_py_pkg/robot_sub
[0.975s] DEBUG:colcon.colcon_core.task.python.build:While undoing a previous installation files outside the Python library path are being ignored: /home/fog/ros2_ws/install/my_py_pkg/lib/my_py_pkg/weather_show_pub
[0.977s] DEBUG:colcon.colcon_core.event_handler.log_command:Invoking command in '/home/fog/ros2_ws/build/my_py_pkg': PYTHONPATH=/home/fog/ros2_ws/build/my_py_pkg/prefix_override:/usr/lib/python3/dist-packages/colcon_core/task/python/colcon_distutils_commands:/home/fog/ros2_ws/install/my_py_pkg/lib/python3.10/site-packages:${PYTHONPATH} /usr/bin/python3 -W ignore:setup.py install is deprecated -W ignore:easy_install command is deprecated setup.py develop --editable --build-directory /home/fog/ros2_ws/build/my_py_pkg/build --no-deps symlink_data --force
[1.409s] Level 1:colcon.colcon_core.shell:create_environment_hook('my_py_pkg', 'pythonpath_develop')
[1.409s] INFO:colcon.colcon_core.shell:Creating environment hook '/home/fog/ros2_ws/build/my_py_pkg/share/my_py_pkg/hook/pythonpath_develop.ps1'
[1.410s] DEBUG:colcon.colcon_core.event_handler.log_command:Invoked command in '/home/fog/ros2_ws/build/my_py_pkg' returned '0': PYTHONPATH=/home/fog/ros2_ws/build/my_py_pkg/prefix_override:/usr/lib/python3/dist-packages/colcon_core/task/python/colcon_distutils_commands:/home/fog/ros2_ws/install/my_py_pkg/lib/python3.10/site-packages:${PYTHONPATH} /usr/bin/python3 -W ignore:setup.py install is deprecated -W ignore:easy_install command is deprecated setup.py develop --editable --build-directory /home/fog/ros2_ws/build/my_py_pkg/build --no-deps symlink_data --force
[1.410s] INFO:colcon.colcon_core.shell:Creating environment descriptor '/home/fog/ros2_ws/build/my_py_pkg/share/my_py_pkg/hook/pythonpath_develop.dsv'
[1.410s] INFO:colcon.colcon_core.shell:Creating environment hook '/home/fog/ros2_ws/build/my_py_pkg/share/my_py_pkg/hook/pythonpath_develop.sh'
[1.413s] Level 1:colcon.colcon_core.environment:checking '/home/fog/ros2_ws/install/my_py_pkg' for CMake module files
[1.414s] Level 1:colcon.colcon_core.environment:checking '/home/fog/ros2_ws/install/my_py_pkg' for CMake config files
[1.414s] Level 1:colcon.colcon_core.environment:checking '/home/fog/ros2_ws/install/my_py_pkg/lib'
[1.414s] Level 1:colcon.colcon_core.environment:checking '/home/fog/ros2_ws/install/my_py_pkg/bin'
[1.414s] Level 1:colcon.colcon_core.environment:checking '/home/fog/ros2_ws/install/my_py_pkg/lib/pkgconfig/my_py_pkg.pc'
[1.414s] Level 1:colcon.colcon_core.environment:checking '/home/fog/ros2_ws/install/my_py_pkg/lib/python3.10/site-packages'
[1.414s] Level 1:colcon.colcon_core.shell:create_environment_hook('my_py_pkg', 'pythonpath')
[1.415s] INFO:colcon.colcon_core.shell:Creating environment hook '/home/fog/ros2_ws/install/my_py_pkg/share/my_py_pkg/hook/pythonpath.ps1'
[1.415s] INFO:colcon.colcon_core.shell:Creating environment descriptor '/home/fog/ros2_ws/install/my_py_pkg/share/my_py_pkg/hook/pythonpath.dsv'
[1.416s] INFO:colcon.colcon_core.shell:Creating environment hook '/home/fog/ros2_ws/install/my_py_pkg/share/my_py_pkg/hook/pythonpath.sh'
[1.417s] Level 1:colcon.colcon_core.environment:checking '/home/fog/ros2_ws/install/my_py_pkg/bin'
[1.417s] Level 1:colcon.colcon_core.environment:create_environment_scripts_only(my_py_pkg)
[1.418s] INFO:colcon.colcon_core.shell:Creating package script '/home/fog/ros2_ws/install/my_py_pkg/share/my_py_pkg/package.ps1'
[1.419s] INFO:colcon.colcon_core.shell:Creating package descriptor '/home/fog/ros2_ws/install/my_py_pkg/share/my_py_pkg/package.dsv'
[1.419s] INFO:colcon.colcon_core.shell:Creating package script '/home/fog/ros2_ws/install/my_py_pkg/share/my_py_pkg/package.sh'
[1.420s] INFO:colcon.colcon_core.shell:Creating package script '/home/fog/ros2_ws/install/my_py_pkg/share/my_py_pkg/package.bash'
[1.421s] INFO:colcon.colcon_core.shell:Creating package script '/home/fog/ros2_ws/install/my_py_pkg/share/my_py_pkg/package.zsh'
[1.422s] Level 1:colcon.colcon_core.environment:create_file_with_runtime_dependencies(/home/fog/ros2_ws/install/my_py_pkg/share/colcon-core/packages/my_py_pkg)
[1.422s] INFO:colcon.colcon_ros.task.ament_cmake.build:Building ROS package in '/home/fog/ros2_ws/src/my_robot_bringup' with build type 'ament_cmake'
[1.423s] INFO:colcon.colcon_cmake.task.cmake.build:Building CMake package in '/home/fog/ros2_ws/src/my_robot_bringup'
[1.423s] INFO:colcon.colcon_core.shell:Skip shell extension 'powershell' for command environment: Not usable outside of PowerShell
[1.423s] DEBUG:colcon.colcon_core.shell:Skip shell extension 'dsv' for command environment
[1.437s] DEBUG:colcon.colcon_core.event_handler.log_command:Invoking command in '/home/fog/ros2_ws/build/my_robot_bringup': AMENT_PREFIX_PATH=/home/fog/ros2_ws/install/my_py_pkg:${AMENT_PREFIX_PATH} CMAKE_PREFIX_PATH=/opt/ros/humble PYTHONPATH=/home/fog/ros2_ws/build/my_py_pkg:/home/fog/ros2_ws/install/my_py_pkg/lib/python3.10/site-packages:${PYTHONPATH} /usr/bin/cmake /home/fog/ros2_ws/src/my_robot_bringup -DAMENT_CMAKE_SYMLINK_INSTALL=1 -DCMAKE_INSTALL_PREFIX=/home/fog/ros2_ws/install/my_robot_bringup
[1.661s] DEBUG:colcon.colcon_core.event_handler.log_command:Invoked command in '/home/fog/ros2_ws/build/my_robot_bringup' returned '0': AMENT_PREFIX_PATH=/home/fog/ros2_ws/install/my_py_pkg:${AMENT_PREFIX_PATH} CMAKE_PREFIX_PATH=/opt/ros/humble PYTHONPATH=/home/fog/ros2_ws/build/my_py_pkg:/home/fog/ros2_ws/install/my_py_pkg/lib/python3.10/site-packages:${PYTHONPATH} /usr/bin/cmake /home/fog/ros2_ws/src/my_robot_bringup -DAMENT_CMAKE_SYMLINK_INSTALL=1 -DCMAKE_INSTALL_PREFIX=/home/fog/ros2_ws/install/my_robot_bringup
[1.662s] DEBUG:colcon.colcon_core.event_handler.log_command:Invoking command in '/home/fog/ros2_ws/build/my_robot_bringup': AMENT_PREFIX_PATH=/home/fog/ros2_ws/install/my_py_pkg:${AMENT_PREFIX_PATH} CMAKE_PREFIX_PATH=/opt/ros/humble PYTHONPATH=/home/fog/ros2_ws/build/my_py_pkg:/home/fog/ros2_ws/install/my_py_pkg/lib/python3.10/site-packages:${PYTHONPATH} /usr/bin/cmake --build /home/fog/ros2_ws/build/my_robot_bringup -- -j16 -l16
[1.712s] DEBUG:colcon.colcon_core.event_handler.log_command:Invoked command in '/home/fog/ros2_ws/build/my_robot_bringup' returned '0': AMENT_PREFIX_PATH=/home/fog/ros2_ws/install/my_py_pkg:${AMENT_PREFIX_PATH} CMAKE_PREFIX_PATH=/opt/ros/humble PYTHONPATH=/home/fog/ros2_ws/build/my_py_pkg:/home/fog/ros2_ws/install/my_py_pkg/lib/python3.10/site-packages:${PYTHONPATH} /usr/bin/cmake --build /home/fog/ros2_ws/build/my_robot_bringup -- -j16 -l16
[1.726s] DEBUG:colcon.colcon_core.event_handler.log_command:Invoking command in '/home/fog/ros2_ws/build/my_robot_bringup': AMENT_PREFIX_PATH=/home/fog/ros2_ws/install/my_py_pkg:${AMENT_PREFIX_PATH} CMAKE_PREFIX_PATH=/opt/ros/humble PYTHONPATH=/home/fog/ros2_ws/build/my_py_pkg:/home/fog/ros2_ws/install/my_py_pkg/lib/python3.10/site-packages:${PYTHONPATH} /usr/bin/cmake --install /home/fog/ros2_ws/build/my_robot_bringup
[1.754s] Level 1:colcon.colcon_core.environment:create_environment_scripts_only(my_robot_bringup)
[1.754s] Level 1:colcon.colcon_core.environment:checking '/home/fog/ros2_ws/install/my_robot_bringup' for CMake module files
[1.755s] DEBUG:colcon.colcon_core.event_handler.log_command:Invoked command in '/home/fog/ros2_ws/build/my_robot_bringup' returned '0': AMENT_PREFIX_PATH=/home/fog/ros2_ws/install/my_py_pkg:${AMENT_PREFIX_PATH} CMAKE_PREFIX_PATH=/opt/ros/humble PYTHONPATH=/home/fog/ros2_ws/build/my_py_pkg:/home/fog/ros2_ws/install/my_py_pkg/lib/python3.10/site-packages:${PYTHONPATH} /usr/bin/cmake --install /home/fog/ros2_ws/build/my_robot_bringup
[1.755s] Level 1:colcon.colcon_core.environment:checking '/home/fog/ros2_ws/install/my_robot_bringup' for CMake config files
[1.755s] Level 1:colcon.colcon_core.shell:create_environment_hook('my_robot_bringup', 'cmake_prefix_path')
[1.756s] INFO:colcon.colcon_core.shell:Creating environment hook '/home/fog/ros2_ws/install/my_robot_bringup/share/my_robot_bringup/hook/cmake_prefix_path.ps1'
[1.756s] INFO:colcon.colcon_core.shell:Creating environment descriptor '/home/fog/ros2_ws/install/my_robot_bringup/share/my_robot_bringup/hook/cmake_prefix_path.dsv'
[1.757s] INFO:colcon.colcon_core.shell:Creating environment hook '/home/fog/ros2_ws/install/my_robot_bringup/share/my_robot_bringup/hook/cmake_prefix_path.sh'
[1.757s] Level 1:colcon.colcon_core.environment:checking '/home/fog/ros2_ws/install/my_robot_bringup/bin'
[1.757s] Level 1:colcon.colcon_core.environment:checking '/home/fog/ros2_ws/install/my_robot_bringup/lib/pkgconfig/my_robot_bringup.pc'
[1.757s] Level 1:colcon.colcon_core.environment:checking '/home/fog/ros2_ws/install/my_robot_bringup/lib/python3.10/site-packages'
[1.758s] Level 1:colcon.colcon_core.environment:checking '/home/fog/ros2_ws/install/my_robot_bringup/bin'
[1.758s] INFO:colcon.colcon_core.shell:Creating package script '/home/fog/ros2_ws/install/my_robot_bringup/share/my_robot_bringup/package.ps1'
[1.759s] INFO:colcon.colcon_core.shell:Creating package descriptor '/home/fog/ros2_ws/install/my_robot_bringup/share/my_robot_bringup/package.dsv'
[1.759s] INFO:colcon.colcon_core.shell:Creating package script '/home/fog/ros2_ws/install/my_robot_bringup/share/my_robot_bringup/package.sh'
[1.760s] INFO:colcon.colcon_core.shell:Creating package script '/home/fog/ros2_ws/install/my_robot_bringup/share/my_robot_bringup/package.bash'
[1.760s] INFO:colcon.colcon_core.shell:Creating package script '/home/fog/ros2_ws/install/my_robot_bringup/share/my_robot_bringup/package.zsh'
[1.761s] Level 1:colcon.colcon_core.environment:create_file_with_runtime_dependencies(/home/fog/ros2_ws/install/my_robot_bringup/share/colcon-core/packages/my_robot_bringup)
[1.761s] Level 1:colcon.colcon_core.environment:create_environment_scripts_only(my_robot_bringup)
[1.762s] Level 1:colcon.colcon_core.environment:checking '/home/fog/ros2_ws/install/my_robot_bringup' for CMake module files
[1.762s] Level 1:colcon.colcon_core.environment:checking '/home/fog/ros2_ws/install/my_robot_bringup' for CMake config files
[1.762s] Level 1:colcon.colcon_core.shell:create_environment_hook('my_robot_bringup', 'cmake_prefix_path')
[1.763s] INFO:colcon.colcon_core.shell:Creating environment hook '/home/fog/ros2_ws/install/my_robot_bringup/share/my_robot_bringup/hook/cmake_prefix_path.ps1'
[1.763s] INFO:colcon.colcon_core.shell:Creating environment descriptor '/home/fog/ros2_ws/install/my_robot_bringup/share/my_robot_bringup/hook/cmake_prefix_path.dsv'
[1.763s] INFO:colcon.colcon_core.shell:Creating environment hook '/home/fog/ros2_ws/install/my_robot_bringup/share/my_robot_bringup/hook/cmake_prefix_path.sh'
[1.764s] Level 1:colcon.colcon_core.environment:checking '/home/fog/ros2_ws/install/my_robot_bringup/bin'
[1.764s] Level 1:colcon.colcon_core.environment:checking '/home/fog/ros2_ws/install/my_robot_bringup/lib/pkgconfig/my_robot_bringup.pc'
[1.764s] Level 1:colcon.colcon_core.environment:checking '/home/fog/ros2_ws/install/my_robot_bringup/lib/python3.10/site-packages'
[1.764s] Level 1:colcon.colcon_core.environment:checking '/home/fog/ros2_ws/install/my_robot_bringup/bin'
[1.765s] INFO:colcon.colcon_core.shell:Creating package script '/home/fog/ros2_ws/install/my_robot_bringup/share/my_robot_bringup/package.ps1'
[1.765s] INFO:colcon.colcon_core.shell:Creating package descriptor '/home/fog/ros2_ws/install/my_robot_bringup/share/my_robot_bringup/package.dsv'
[1.766s] INFO:colcon.colcon_core.shell:Creating package script '/home/fog/ros2_ws/install/my_robot_bringup/share/my_robot_bringup/package.sh'
[1.766s] INFO:colcon.colcon_core.shell:Creating package script '/home/fog/ros2_ws/install/my_robot_bringup/share/my_robot_bringup/package.bash'
[1.767s] INFO:colcon.colcon_core.shell:Creating package script '/home/fog/ros2_ws/install/my_robot_bringup/share/my_robot_bringup/package.zsh'
[1.767s] Level 1:colcon.colcon_core.environment:create_file_with_runtime_dependencies(/home/fog/ros2_ws/install/my_robot_bringup/share/colcon-core/packages/my_robot_bringup)
[1.902s] DEBUG:colcon.colcon_core.event_handler.log_command:Invoked command in '/home/fog/ros2_ws/build/my_robot_interfaces' returned '0': CMAKE_PREFIX_PATH=/opt/ros/humble /usr/bin/cmake /home/fog/ros2_ws/src/my_robot_interfaces -DAMENT_CMAKE_SYMLINK_INSTALL=1 -DCMAKE_INSTALL_PREFIX=/home/fog/ros2_ws/install/my_robot_interfaces
[1.902s] DEBUG:colcon.colcon_core.event_handler.log_command:Invoking command in '/home/fog/ros2_ws/build/my_robot_interfaces': CMAKE_PREFIX_PATH=/opt/ros/humble /usr/bin/cmake --build /home/fog/ros2_ws/build/my_robot_interfaces -- -j16 -l16
[2.280s] DEBUG:colcon.colcon_core.event_handler.log_command:Invoked command in '/home/fog/ros2_ws/build/my_robot_interfaces' returned '0': CMAKE_PREFIX_PATH=/opt/ros/humble /usr/bin/cmake --build /home/fog/ros2_ws/build/my_robot_interfaces -- -j16 -l16
[2.280s] DEBUG:colcon.colcon_core.event_handler.log_command:Invoking command in '/home/fog/ros2_ws/build/my_robot_interfaces': CMAKE_PREFIX_PATH=/opt/ros/humble /usr/bin/cmake --install /home/fog/ros2_ws/build/my_robot_interfaces
[2.373s] Level 1:colcon.colcon_core.environment:create_environment_scripts_only(my_robot_interfaces)
[2.374s] Level 1:colcon.colcon_core.environment:checking '/home/fog/ros2_ws/install/my_robot_interfaces' for CMake module files
[2.374s] Level 1:colcon.colcon_core.environment:checking '/home/fog/ros2_ws/install/my_robot_interfaces' for CMake config files
[2.375s] Level 1:colcon.colcon_core.shell:create_environment_hook('my_robot_interfaces', 'cmake_prefix_path')
[2.375s] INFO:colcon.colcon_core.shell:Creating environment hook '/home/fog/ros2_ws/install/my_robot_interfaces/share/my_robot_interfaces/hook/cmake_prefix_path.ps1'
[2.375s] DEBUG:colcon.colcon_core.event_handler.log_command:Invoked command in '/home/fog/ros2_ws/build/my_robot_interfaces' returned '0': CMAKE_PREFIX_PATH=/opt/ros/humble /usr/bin/cmake --install /home/fog/ros2_ws/build/my_robot_interfaces
[2.376s] INFO:colcon.colcon_core.shell:Creating environment descriptor '/home/fog/ros2_ws/install/my_robot_interfaces/share/my_robot_interfaces/hook/cmake_prefix_path.dsv'
[2.376s] INFO:colcon.colcon_core.shell:Creating environment hook '/home/fog/ros2_ws/install/my_robot_interfaces/share/my_robot_interfaces/hook/cmake_prefix_path.sh'
[2.377s] Level 1:colcon.colcon_core.environment:checking '/home/fog/ros2_ws/install/my_robot_interfaces/lib'
[2.377s] Level 1:colcon.colcon_core.shell:create_environment_hook('my_robot_interfaces', 'ld_library_path_lib')
[2.377s] INFO:colcon.colcon_core.shell:Creating environment hook '/home/fog/ros2_ws/install/my_robot_interfaces/share/my_robot_interfaces/hook/ld_library_path_lib.ps1'
[2.378s] INFO:colcon.colcon_core.shell:Creating environment descriptor '/home/fog/ros2_ws/install/my_robot_interfaces/share/my_robot_interfaces/hook/ld_library_path_lib.dsv'
[2.378s] INFO:colcon.colcon_core.shell:Creating environment hook '/home/fog/ros2_ws/install/my_robot_interfaces/share/my_robot_interfaces/hook/ld_library_path_lib.sh'
[2.378s] Level 1:colcon.colcon_core.environment:checking '/home/fog/ros2_ws/install/my_robot_interfaces/bin'
[2.378s] Level 1:colcon.colcon_core.environment:checking '/home/fog/ros2_ws/install/my_robot_interfaces/lib/pkgconfig/my_robot_interfaces.pc'
[2.379s] Level 1:colcon.colcon_core.environment:checking '/home/fog/ros2_ws/install/my_robot_interfaces/lib/python3.10/site-packages'
[2.379s] Level 1:colcon.colcon_core.environment:checking '/home/fog/ros2_ws/install/my_robot_interfaces/bin'
[2.379s] INFO:colcon.colcon_core.shell:Creating package script '/home/fog/ros2_ws/install/my_robot_interfaces/share/my_robot_interfaces/package.ps1'
[2.380s] INFO:colcon.colcon_core.shell:Creating package descriptor '/home/fog/ros2_ws/install/my_robot_interfaces/share/my_robot_interfaces/package.dsv'
[2.380s] INFO:colcon.colcon_core.shell:Creating package script '/home/fog/ros2_ws/install/my_robot_interfaces/share/my_robot_interfaces/package.sh'
[2.381s] INFO:colcon.colcon_core.shell:Creating package script '/home/fog/ros2_ws/install/my_robot_interfaces/share/my_robot_interfaces/package.bash'
[2.381s] INFO:colcon.colcon_core.shell:Creating package script '/home/fog/ros2_ws/install/my_robot_interfaces/share/my_robot_interfaces/package.zsh'
[2.381s] Level 1:colcon.colcon_core.environment:create_file_with_runtime_dependencies(/home/fog/ros2_ws/install/my_robot_interfaces/share/colcon-core/packages/my_robot_interfaces)
[2.382s] Level 1:colcon.colcon_core.environment:create_environment_scripts_only(my_robot_interfaces)
[2.382s] Level 1:colcon.colcon_core.environment:checking '/home/fog/ros2_ws/install/my_robot_interfaces' for CMake module files
[2.383s] Level 1:colcon.colcon_core.environment:checking '/home/fog/ros2_ws/install/my_robot_interfaces' for CMake config files
[2.383s] Level 1:colcon.colcon_core.shell:create_environment_hook('my_robot_interfaces', 'cmake_prefix_path')
[2.383s] INFO:colcon.colcon_core.shell:Creating environment hook '/home/fog/ros2_ws/install/my_robot_interfaces/share/my_robot_interfaces/hook/cmake_prefix_path.ps1'
[2.384s] INFO:colcon.colcon_core.shell:Creating environment descriptor '/home/fog/ros2_ws/install/my_robot_interfaces/share/my_robot_interfaces/hook/cmake_prefix_path.dsv'
[2.384s] INFO:colcon.colcon_core.shell:Creating environment hook '/home/fog/ros2_ws/install/my_robot_interfaces/share/my_robot_interfaces/hook/cmake_prefix_path.sh'
[2.385s] Level 1:colcon.colcon_core.environment:checking '/home/fog/ros2_ws/install/my_robot_interfaces/lib'
[2.385s] Level 1:colcon.colcon_core.shell:create_environment_hook('my_robot_interfaces', 'ld_library_path_lib')
[2.386s] INFO:colcon.colcon_core.shell:Creating environment hook '/home/fog/ros2_ws/install/my_robot_interfaces/share/my_robot_interfaces/hook/ld_library_path_lib.ps1'
[2.386s] INFO:colcon.colcon_core.shell:Creating environment descriptor '/home/fog/ros2_ws/install/my_robot_interfaces/share/my_robot_interfaces/hook/ld_library_path_lib.dsv'
[2.386s] INFO:colcon.colcon_core.shell:Creating environment hook '/home/fog/ros2_ws/install/my_robot_interfaces/share/my_robot_interfaces/hook/ld_library_path_lib.sh'
[2.387s] Level 1:colcon.colcon_core.environment:checking '/home/fog/ros2_ws/install/my_robot_interfaces/bin'
[2.387s] Level 1:colcon.colcon_core.environment:checking '/home/fog/ros2_ws/install/my_robot_interfaces/lib/pkgconfig/my_robot_interfaces.pc'
[2.387s] Level 1:colcon.colcon_core.environment:checking '/home/fog/ros2_ws/install/my_robot_interfaces/lib/python3.10/site-packages'
[2.387s] Level 1:colcon.colcon_core.environment:checking '/home/fog/ros2_ws/install/my_robot_interfaces/bin'
[2.388s] INFO:colcon.colcon_core.shell:Creating package script '/home/fog/ros2_ws/install/my_robot_interfaces/share/my_robot_interfaces/package.ps1'
[2.388s] INFO:colcon.colcon_core.shell:Creating package descriptor '/home/fog/ros2_ws/install/my_robot_interfaces/share/my_robot_interfaces/package.dsv'
[2.389s] INFO:colcon.colcon_core.shell:Creating package script '/home/fog/ros2_ws/install/my_robot_interfaces/share/my_robot_interfaces/package.sh'
[2.389s] INFO:colcon.colcon_core.shell:Creating package script '/home/fog/ros2_ws/install/my_robot_interfaces/share/my_robot_interfaces/package.bash'
[2.390s] INFO:colcon.colcon_core.shell:Creating package script '/home/fog/ros2_ws/install/my_robot_interfaces/share/my_robot_interfaces/package.zsh'
[2.390s] Level 1:colcon.colcon_core.environment:create_file_with_runtime_dependencies(/home/fog/ros2_ws/install/my_robot_interfaces/share/colcon-core/packages/my_robot_interfaces)
[2.391s] INFO:colcon.colcon_ros.task.ament_python.build:Building ROS package in '/home/fog/ros2_ws/src/turtlesim_catch_sim' with build type 'ament_python'
[2.391s] Level 1:colcon.colcon_core.shell:create_environment_hook('turtlesim_catch_sim', 'ament_prefix_path')
[2.391s] INFO:colcon.colcon_core.shell:Creating environment hook '/home/fog/ros2_ws/install/turtlesim_catch_sim/share/turtlesim_catch_sim/hook/ament_prefix_path.ps1'
[2.392s] INFO:colcon.colcon_core.shell:Creating environment descriptor '/home/fog/ros2_ws/install/turtlesim_catch_sim/share/turtlesim_catch_sim/hook/ament_prefix_path.dsv'
[2.393s] INFO:colcon.colcon_core.shell:Creating environment hook '/home/fog/ros2_ws/install/turtlesim_catch_sim/share/turtlesim_catch_sim/hook/ament_prefix_path.sh'
[2.394s] INFO:colcon.colcon_core.shell:Skip shell extension 'powershell' for command environment: Not usable outside of PowerShell
[2.394s] DEBUG:colcon.colcon_core.shell:Skip shell extension 'dsv' for command environment
[2.653s] INFO:colcon.colcon_core.task.python.build:Building Python package in '/home/fog/ros2_ws/src/turtlesim_catch_sim'
[2.653s] INFO:colcon.colcon_core.shell:Skip shell extension 'powershell' for command environment: Not usable outside of PowerShell
[2.653s] DEBUG:colcon.colcon_core.shell:Skip shell extension 'dsv' for command environment
[3.006s] DEBUG:colcon.colcon_core.task.python.build:While undoing a previous installation files outside the Python library path are being ignored: /home/fog/ros2_ws/install/turtlesim_catch_sim/share/ament_index/resource_index/packages/turtlesim_catch_sim
[3.006s] DEBUG:colcon.colcon_core.task.python.build:While undoing a previous installation files outside the Python library path are being ignored: /home/fog/ros2_ws/install/turtlesim_catch_sim/share/turtlesim_catch_sim/package.xml
[3.006s] DEBUG:colcon.colcon_core.task.python.build:While undoing a previous installation files outside the Python library path are being ignored: /home/fog/ros2_ws/install/turtlesim_catch_sim/lib/turtlesim_catch_sim/turtle_controller_node
[3.006s] DEBUG:colcon.colcon_core.task.python.build:While undoing a previous installation files outside the Python library path are being ignored: /home/fog/ros2_ws/install/turtlesim_catch_sim/lib/turtlesim_catch_sim/turtle_spawner_node
[3.009s] DEBUG:colcon.colcon_core.event_handler.log_command:Invoking command in '/home/fog/ros2_ws/build/turtlesim_catch_sim': AMENT_PREFIX_PATH=/home/fog/ros2_ws/install/my_robot_interfaces:${AMENT_PREFIX_PATH} CMAKE_PREFIX_PATH=/home/fog/ros2_ws/install/my_robot_interfaces LD_LIBRARY_PATH=/home/fog/ros2_ws/install/my_robot_interfaces/lib:/usr/lib/x86_64-linux-gnu/gazebo-11/plugins:/opt/ros/humble/opt/rviz_ogre_vendor/lib:/opt/ros/humble/lib/x86_64-linux-gnu:/opt/ros/humble/lib:/usr/share/gazebo/../../lib/x86_64-linux-gnu/gazebo-11/plugins PYTHONPATH=/home/fog/ros2_ws/build/turtlesim_catch_sim/prefix_override:/usr/lib/python3/dist-packages/colcon_core/task/python/colcon_distutils_commands:/home/fog/ros2_ws/install/turtlesim_catch_sim/lib/python3.10/site-packages:/home/fog/ros2_ws/install/my_robot_interfaces/local/lib/python3.10/dist-packages:${PYTHONPATH} /usr/bin/python3 -W ignore:setup.py install is deprecated -W ignore:easy_install command is deprecated setup.py develop --editable --build-directory /home/fog/ros2_ws/build/turtlesim_catch_sim/build --no-deps symlink_data --force
[3.439s] Level 1:colcon.colcon_core.shell:create_environment_hook('turtlesim_catch_sim', 'pythonpath_develop')
[3.439s] INFO:colcon.colcon_core.shell:Creating environment hook '/home/fog/ros2_ws/build/turtlesim_catch_sim/share/turtlesim_catch_sim/hook/pythonpath_develop.ps1'
[3.440s] DEBUG:colcon.colcon_core.event_handler.log_command:Invoked command in '/home/fog/ros2_ws/build/turtlesim_catch_sim' returned '0': AMENT_PREFIX_PATH=/home/fog/ros2_ws/install/my_robot_interfaces:${AMENT_PREFIX_PATH} CMAKE_PREFIX_PATH=/home/fog/ros2_ws/install/my_robot_interfaces LD_LIBRARY_PATH=/home/fog/ros2_ws/install/my_robot_interfaces/lib:/usr/lib/x86_64-linux-gnu/gazebo-11/plugins:/opt/ros/humble/opt/rviz_ogre_vendor/lib:/opt/ros/humble/lib/x86_64-linux-gnu:/opt/ros/humble/lib:/usr/share/gazebo/../../lib/x86_64-linux-gnu/gazebo-11/plugins PYTHONPATH=/home/fog/ros2_ws/build/turtlesim_catch_sim/prefix_override:/usr/lib/python3/dist-packages/colcon_core/task/python/colcon_distutils_commands:/home/fog/ros2_ws/install/turtlesim_catch_sim/lib/python3.10/site-packages:/home/fog/ros2_ws/install/my_robot_interfaces/local/lib/python3.10/dist-packages:${PYTHONPATH} /usr/bin/python3 -W ignore:setup.py install is deprecated -W ignore:easy_install command is deprecated setup.py develop --editable --build-directory /home/fog/ros2_ws/build/turtlesim_catch_sim/build --no-deps symlink_data --force
[3.441s] INFO:colcon.colcon_core.shell:Creating environment descriptor '/home/fog/ros2_ws/build/turtlesim_catch_sim/share/turtlesim_catch_sim/hook/pythonpath_develop.dsv'
[3.441s] INFO:colcon.colcon_core.shell:Creating environment hook '/home/fog/ros2_ws/build/turtlesim_catch_sim/share/turtlesim_catch_sim/hook/pythonpath_develop.sh'
[3.442s] Level 1:colcon.colcon_core.environment:checking '/home/fog/ros2_ws/install/turtlesim_catch_sim' for CMake module files
[3.442s] Level 1:colcon.colcon_core.environment:checking '/home/fog/ros2_ws/install/turtlesim_catch_sim' for CMake config files
[3.442s] Level 1:colcon.colcon_core.environment:checking '/home/fog/ros2_ws/install/turtlesim_catch_sim/lib'
[3.442s] Level 1:colcon.colcon_core.environment:checking '/home/fog/ros2_ws/install/turtlesim_catch_sim/bin'
[3.443s] Level 1:colcon.colcon_core.environment:checking '/home/fog/ros2_ws/install/turtlesim_catch_sim/lib/pkgconfig/turtlesim_catch_sim.pc'
[3.443s] Level 1:colcon.colcon_core.environment:checking '/home/fog/ros2_ws/install/turtlesim_catch_sim/lib/python3.10/site-packages'
[3.443s] Level 1:colcon.colcon_core.shell:create_environment_hook('turtlesim_catch_sim', 'pythonpath')
[3.443s] INFO:colcon.colcon_core.shell:Creating environment hook '/home/fog/ros2_ws/install/turtlesim_catch_sim/share/turtlesim_catch_sim/hook/pythonpath.ps1'
[3.443s] INFO:colcon.colcon_core.shell:Creating environment descriptor '/home/fog/ros2_ws/install/turtlesim_catch_sim/share/turtlesim_catch_sim/hook/pythonpath.dsv'
[3.444s] INFO:colcon.colcon_core.shell:Creating environment hook '/home/fog/ros2_ws/install/turtlesim_catch_sim/share/turtlesim_catch_sim/hook/pythonpath.sh'
[3.444s] Level 1:colcon.colcon_core.environment:checking '/home/fog/ros2_ws/install/turtlesim_catch_sim/bin'
[3.444s] Level 1:colcon.colcon_core.environment:create_environment_scripts_only(turtlesim_catch_sim)
[3.445s] INFO:colcon.colcon_core.shell:Creating package script '/home/fog/ros2_ws/install/turtlesim_catch_sim/share/turtlesim_catch_sim/package.ps1'
[3.445s] INFO:colcon.colcon_core.shell:Creating package descriptor '/home/fog/ros2_ws/install/turtlesim_catch_sim/share/turtlesim_catch_sim/package.dsv'
[3.446s] INFO:colcon.colcon_core.shell:Creating package script '/home/fog/ros2_ws/install/turtlesim_catch_sim/share/turtlesim_catch_sim/package.sh'
[3.446s] INFO:colcon.colcon_core.shell:Creating package script '/home/fog/ros2_ws/install/turtlesim_catch_sim/share/turtlesim_catch_sim/package.bash'
[3.447s] INFO:colcon.colcon_core.shell:Creating package script '/home/fog/ros2_ws/install/turtlesim_catch_sim/share/turtlesim_catch_sim/package.zsh'
[3.447s] Level 1:colcon.colcon_core.environment:create_file_with_runtime_dependencies(/home/fog/ros2_ws/install/turtlesim_catch_sim/share/colcon-core/packages/turtlesim_catch_sim)
[3.447s] DEBUG:colcon.colcon_parallel_executor.executor.parallel:closing loop
[3.448s] DEBUG:colcon.colcon_parallel_executor.executor.parallel:loop closed
[3.448s] DEBUG:colcon.colcon_parallel_executor.executor.parallel:run_until_complete finished with '0'
[3.448s] DEBUG:colcon.colcon_core.event_reactor:joining thread
[3.453s] INFO:colcon.colcon_core.plugin_system:Skipping extension 'colcon_notification.desktop_notification.terminal_notifier': Not used on non-Darwin systems
[3.454s] INFO:colcon.colcon_core.plugin_system:Skipping extension 'colcon_notification.desktop_notification.win32': Not used on non-Windows systems
[3.454s] INFO:colcon.colcon_notification.desktop_notification:Sending desktop notification using 'notify2'
[3.468s] DEBUG:colcon.colcon_core.event_reactor:joined thread
[3.468s] INFO:colcon.colcon_core.shell:Creating prefix script '/home/fog/ros2_ws/install/local_setup.ps1'
[3.469s] INFO:colcon.colcon_core.shell:Creating prefix util module '/home/fog/ros2_ws/install/_local_setup_util_ps1.py'
[3.470s] INFO:colcon.colcon_core.shell:Creating prefix chain script '/home/fog/ros2_ws/install/setup.ps1'
[3.471s] INFO:colcon.colcon_core.shell:Creating prefix script '/home/fog/ros2_ws/install/local_setup.sh'
[3.472s] INFO:colcon.colcon_core.shell:Creating prefix util module '/home/fog/ros2_ws/install/_local_setup_util_sh.py'
[3.472s] INFO:colcon.colcon_core.shell:Creating prefix chain script '/home/fog/ros2_ws/install/setup.sh'
[3.473s] INFO:colcon.colcon_core.shell:Creating prefix script '/home/fog/ros2_ws/install/local_setup.bash'
[3.474s] INFO:colcon.colcon_core.shell:Creating prefix chain script '/home/fog/ros2_ws/install/setup.bash'
[3.474s] INFO:colcon.colcon_core.shell:Creating prefix script '/home/fog/ros2_ws/install/local_setup.zsh'
[3.475s] INFO:colcon.colcon_core.shell:Creating prefix chain script '/home/fog/ros2_ws/install/setup.zsh'
