[0.015s] Invoking command in '/home/fog/ros2_ws/build/my_robot_bringup': AMENT_PREFIX_PATH=/home/fog/ros2_ws/install/my_py_pkg:${AMENT_PREFIX_PATH} CMAKE_PREFIX_PATH=/opt/ros/humble PYTHONPATH=/home/fog/ros2_ws/build/my_py_pkg:/home/fog/ros2_ws/install/my_py_pkg/lib/python3.10/site-packages:${PYTHONPATH} /usr/bin/cmake /home/fog/ros2_ws/src/my_robot_bringup -DAMENT_CMAKE_SYMLINK_INSTALL=1 -DCMAKE_INSTALL_PREFIX=/home/fog/ros2_ws/install/my_robot_bringup
[0.087s] -- The C compiler identification is GNU 11.4.0
[0.159s] -- The CXX compiler identification is GNU 11.4.0
[0.168s] -- Detecting C compiler ABI info
[0.260s] -- Detecting C compiler ABI info - done
[0.266s] -- Check for working C compiler: /usr/bin/cc - skipped
[0.267s] -- Detecting C compile features
[0.268s] -- Detecting C compile features - done
[0.270s] -- Detecting CXX compiler ABI info
[0.380s] -- Detecting CXX compiler ABI info - done
[0.387s] -- Check for working CXX compiler: /usr/bin/c++ - skipped
[0.387s] -- Detecting CXX compile features
[0.388s] -- Detecting CXX compile features - done
[0.390s] -- Found ament_cmake: 1.3.14 (/opt/ros/humble/share/ament_cmake/cmake)
[0.551s] -- Found Python3: /usr/bin/python3 (found version "3.10.12") found components: Interpreter 
[0.614s] -- Override CMake install command with custom implementation using symlinks instead of copying resources
[0.708s] -- Configuring done
[0.709s] -- Generating done
[0.710s] -- Build files have been written to: /home/fog/ros2_ws/build/my_robot_bringup
[0.714s] Invoked command in '/home/fog/ros2_ws/build/my_robot_bringup' returned '0': AMENT_PREFIX_PATH=/home/fog/ros2_ws/install/my_py_pkg:${AMENT_PREFIX_PATH} CMAKE_PREFIX_PATH=/opt/ros/humble PYTHONPATH=/home/fog/ros2_ws/build/my_py_pkg:/home/fog/ros2_ws/install/my_py_pkg/lib/python3.10/site-packages:${PYTHONPATH} /usr/bin/cmake /home/fog/ros2_ws/src/my_robot_bringup -DAMENT_CMAKE_SYMLINK_INSTALL=1 -DCMAKE_INSTALL_PREFIX=/home/fog/ros2_ws/install/my_robot_bringup
[0.716s] Invoking command in '/home/fog/ros2_ws/build/my_robot_bringup': AMENT_PREFIX_PATH=/home/fog/ros2_ws/install/my_py_pkg:${AMENT_PREFIX_PATH} CMAKE_PREFIX_PATH=/opt/ros/humble PYTHONPATH=/home/fog/ros2_ws/build/my_py_pkg:/home/fog/ros2_ws/install/my_py_pkg/lib/python3.10/site-packages:${PYTHONPATH} /usr/bin/cmake --build /home/fog/ros2_ws/build/my_robot_bringup -- -j16 -l16
[0.767s] Invoked command in '/home/fog/ros2_ws/build/my_robot_bringup' returned '0': AMENT_PREFIX_PATH=/home/fog/ros2_ws/install/my_py_pkg:${AMENT_PREFIX_PATH} CMAKE_PREFIX_PATH=/opt/ros/humble PYTHONPATH=/home/fog/ros2_ws/build/my_py_pkg:/home/fog/ros2_ws/install/my_py_pkg/lib/python3.10/site-packages:${PYTHONPATH} /usr/bin/cmake --build /home/fog/ros2_ws/build/my_robot_bringup -- -j16 -l16
[0.780s] Invoking command in '/home/fog/ros2_ws/build/my_robot_bringup': AMENT_PREFIX_PATH=/home/fog/ros2_ws/install/my_py_pkg:${AMENT_PREFIX_PATH} CMAKE_PREFIX_PATH=/opt/ros/humble PYTHONPATH=/home/fog/ros2_ws/build/my_py_pkg:/home/fog/ros2_ws/install/my_py_pkg/lib/python3.10/site-packages:${PYTHONPATH} /usr/bin/cmake --install /home/fog/ros2_ws/build/my_robot_bringup
[0.789s] -- Install configuration: ""
[0.790s] -- Execute custom install script
[0.791s] -- Symlinking: /home/fog/ros2_ws/install/my_robot_bringup/share/my_robot_bringup//launch/number_app.launch.py
[0.801s] -- Symlinking: /home/fog/ros2_ws/install/my_robot_bringup/share/my_robot_bringup//launch/number_app.launch.xml
[0.813s] -- Symlinking: /home/fog/ros2_ws/install/my_robot_bringup/share/my_robot_bringup//launch/number_app_from_py.launch.xml
[0.826s] -- Symlinking: /home/fog/ros2_ws/install/my_robot_bringup/share/my_robot_bringup//config/number_app.yaml
[0.838s] -- Symlinking: /home/fog/ros2_ws/install/my_robot_bringup/share/ament_index/resource_index/package_run_dependencies/my_robot_bringup
[0.849s] -- Symlinking: /home/fog/ros2_ws/install/my_robot_bringup/share/ament_index/resource_index/parent_prefix_path/my_robot_bringup
[0.861s] -- Symlinking: /home/fog/ros2_ws/install/my_robot_bringup/share/my_robot_bringup/environment/ament_prefix_path.sh
[0.873s] -- Symlinking: /home/fog/ros2_ws/install/my_robot_bringup/share/my_robot_bringup/environment/ament_prefix_path.dsv
[0.884s] -- Symlinking: /home/fog/ros2_ws/install/my_robot_bringup/share/my_robot_bringup/environment/path.sh
[0.895s] -- Symlinking: /home/fog/ros2_ws/install/my_robot_bringup/share/my_robot_bringup/environment/path.dsv
[0.907s] -- Symlinking: /home/fog/ros2_ws/install/my_robot_bringup/share/my_robot_bringup/local_setup.bash
[0.917s] -- Symlinking: /home/fog/ros2_ws/install/my_robot_bringup/share/my_robot_bringup/local_setup.sh
[0.930s] -- Symlinking: /home/fog/ros2_ws/install/my_robot_bringup/share/my_robot_bringup/local_setup.zsh
[0.941s] -- Symlinking: /home/fog/ros2_ws/install/my_robot_bringup/share/my_robot_bringup/local_setup.dsv
[0.952s] -- Symlinking: /home/fog/ros2_ws/install/my_robot_bringup/share/my_robot_bringup/package.dsv
[0.963s] -- Symlinking: /home/fog/ros2_ws/install/my_robot_bringup/share/ament_index/resource_index/packages/my_robot_bringup
[0.975s] -- Symlinking: /home/fog/ros2_ws/install/my_robot_bringup/share/my_robot_bringup/cmake/my_robot_bringupConfig.cmake
[0.986s] -- Symlinking: /home/fog/ros2_ws/install/my_robot_bringup/share/my_robot_bringup/cmake/my_robot_bringupConfig-version.cmake
[0.997s] -- Symlinking: /home/fog/ros2_ws/install/my_robot_bringup/share/my_robot_bringup/package.xml
[1.011s] Invoked command in '/home/fog/ros2_ws/build/my_robot_bringup' returned '0': AMENT_PREFIX_PATH=/home/fog/ros2_ws/install/my_py_pkg:${AMENT_PREFIX_PATH} CMAKE_PREFIX_PATH=/opt/ros/humble PYTHONPATH=/home/fog/ros2_ws/build/my_py_pkg:/home/fog/ros2_ws/install/my_py_pkg/lib/python3.10/site-packages:${PYTHONPATH} /usr/bin/cmake --install /home/fog/ros2_ws/build/my_robot_bringup
