[0.024s] Invoking command in '/home/fog/rob_ws/build/three_car_description': CMAKE_PREFIX_PATH=${CMAKE_PREFIX_PATH}:/opt/ros/humble /usr/bin/cmake --build /home/fog/rob_ws/build/three_car_description -- -j16 -l16
[0.105s] Invoked command in '/home/fog/rob_ws/build/three_car_description' returned '0': CMAKE_PREFIX_PATH=${CMAKE_PREFIX_PATH}:/opt/ros/humble /usr/bin/cmake --build /home/fog/rob_ws/build/three_car_description -- -j16 -l16
[0.121s] Invoking command in '/home/fog/rob_ws/build/three_car_description': CMAKE_PREFIX_PATH=${CMAKE_PREFIX_PATH}:/opt/ros/humble /usr/bin/cmake --install /home/fog/rob_ws/build/three_car_description
[0.130s] -- Install configuration: ""
[0.131s] -- Up-to-date: /home/fog/rob_ws/install/three_car_description/share/three_car_description//urdf
[0.131s] -- Up-to-date: /home/fog/rob_ws/install/three_car_description/share/three_car_description//urdf/three_car.urdf
[0.131s] -- Installing: /home/fog/rob_ws/install/three_car_description/share/three_car_description//urdf/three_car.urdf.xacro
[0.131s] -- Up-to-date: /home/fog/rob_ws/install/three_car_description/share/three_car_description//launch
[0.131s] -- Installing: /home/fog/rob_ws/install/three_car_description/share/three_car_description//launch/display.launch.xml
[0.132s] -- Up-to-date: /home/fog/rob_ws/install/three_car_description/share/three_car_description//rviz
[0.132s] -- Up-to-date: /home/fog/rob_ws/install/three_car_description/share/three_car_description//rviz/model.rviz
[0.132s] -- Up-to-date: /home/fog/rob_ws/install/three_car_description/share/ament_index/resource_index/package_run_dependencies/three_car_description
[0.132s] -- Up-to-date: /home/fog/rob_ws/install/three_car_description/share/ament_index/resource_index/parent_prefix_path/three_car_description
[0.132s] -- Up-to-date: /home/fog/rob_ws/install/three_car_description/share/three_car_description/environment/ament_prefix_path.sh
[0.132s] -- Up-to-date: /home/fog/rob_ws/install/three_car_description/share/three_car_description/environment/ament_prefix_path.dsv
[0.132s] -- Up-to-date: /home/fog/rob_ws/install/three_car_description/share/three_car_description/environment/path.sh
[0.132s] -- Up-to-date: /home/fog/rob_ws/install/three_car_description/share/three_car_description/environment/path.dsv
[0.132s] -- Up-to-date: /home/fog/rob_ws/install/three_car_description/share/three_car_description/local_setup.bash
[0.132s] -- Up-to-date: /home/fog/rob_ws/install/three_car_description/share/three_car_description/local_setup.sh
[0.132s] -- Up-to-date: /home/fog/rob_ws/install/three_car_description/share/three_car_description/local_setup.zsh
[0.132s] -- Up-to-date: /home/fog/rob_ws/install/three_car_description/share/three_car_description/local_setup.dsv
[0.133s] -- Up-to-date: /home/fog/rob_ws/install/three_car_description/share/three_car_description/package.dsv
[0.133s] -- Up-to-date: /home/fog/rob_ws/install/three_car_description/share/ament_index/resource_index/packages/three_car_description
[0.133s] -- Up-to-date: /home/fog/rob_ws/install/three_car_description/share/three_car_description/cmake/three_car_descriptionConfig.cmake
[0.133s] -- Up-to-date: /home/fog/rob_ws/install/three_car_description/share/three_car_description/cmake/three_car_descriptionConfig-version.cmake
[0.133s] -- Up-to-date: /home/fog/rob_ws/install/three_car_description/share/three_car_description/package.xml
[0.134s] Invoked command in '/home/fog/rob_ws/build/three_car_description' returned '0': CMAKE_PREFIX_PATH=${CMAKE_PREFIX_PATH}:/opt/ros/humble /usr/bin/cmake --install /home/fog/rob_ws/build/three_car_description
