running develop
Removing /home/fog/ros2_ws/install/turtlesim_catch_sim/lib/python3.10/site-packages/turtlesim-catch-sim.egg-link (link to .)
running egg_info
writing ../../build/turtlesim_catch_sim/turtlesim_catch_sim.egg-info/PKG-INFO
writing dependency_links to ../../build/turtlesim_catch_sim/turtlesim_catch_sim.egg-info/dependency_links.txt
writing entry points to ../../build/turtlesim_catch_sim/turtlesim_catch_sim.egg-info/entry_points.txt
writing requirements to ../../build/turtlesim_catch_sim/turtlesim_catch_sim.egg-info/requires.txt
writing top-level names to ../../build/turtlesim_catch_sim/turtlesim_catch_sim.egg-info/top_level.txt
reading manifest file '../../build/turtlesim_catch_sim/turtlesim_catch_sim.egg-info/SOURCES.txt'
writing manifest file '../../build/turtlesim_catch_sim/turtlesim_catch_sim.egg-info/SOURCES.txt'
running build
running build_py
creating /home/fog/ros2_ws/build/turtlesim_catch_sim/build
creating /home/fog/ros2_ws/build/turtlesim_catch_sim/build/lib
creating /home/fog/ros2_ws/build/turtlesim_catch_sim/build/lib/turtlesim_catch_sim
copying turtlesim_catch_sim/__init__.py -> /home/fog/ros2_ws/build/turtlesim_catch_sim/build/lib/turtlesim_catch_sim
copying turtlesim_catch_sim/turtle_controller.py -> /home/fog/ros2_ws/build/turtlesim_catch_sim/build/lib/turtlesim_catch_sim
copying turtlesim_catch_sim/turtle_spawner.py -> /home/fog/ros2_ws/build/turtlesim_catch_sim/build/lib/turtlesim_catch_sim
running install
running install_lib
creating /home/fog/ros2_ws/install/turtlesim_catch_sim/lib/python3.10/site-packages/turtlesim_catch_sim
copying /home/fog/ros2_ws/build/turtlesim_catch_sim/build/lib/turtlesim_catch_sim/__init__.py -> /home/fog/ros2_ws/install/turtlesim_catch_sim/lib/python3.10/site-packages/turtlesim_catch_sim
copying /home/fog/ros2_ws/build/turtlesim_catch_sim/build/lib/turtlesim_catch_sim/turtle_controller.py -> /home/fog/ros2_ws/install/turtlesim_catch_sim/lib/python3.10/site-packages/turtlesim_catch_sim
copying /home/fog/ros2_ws/build/turtlesim_catch_sim/build/lib/turtlesim_catch_sim/turtle_spawner.py -> /home/fog/ros2_ws/install/turtlesim_catch_sim/lib/python3.10/site-packages/turtlesim_catch_sim
byte-compiling /home/fog/ros2_ws/install/turtlesim_catch_sim/lib/python3.10/site-packages/turtlesim_catch_sim/__init__.py to __init__.cpython-310.pyc
byte-compiling /home/fog/ros2_ws/install/turtlesim_catch_sim/lib/python3.10/site-packages/turtlesim_catch_sim/turtle_controller.py to turtle_controller.cpython-310.pyc
byte-compiling /home/fog/ros2_ws/install/turtlesim_catch_sim/lib/python3.10/site-packages/turtlesim_catch_sim/turtle_spawner.py to turtle_spawner.cpython-310.pyc
running install_data
copying resource/turtlesim_catch_sim -> /home/fog/ros2_ws/install/turtlesim_catch_sim/share/ament_index/resource_index/packages
copying package.xml -> /home/fog/ros2_ws/install/turtlesim_catch_sim/share/turtlesim_catch_sim
running install_egg_info
Copying ../../build/turtlesim_catch_sim/turtlesim_catch_sim.egg-info to /home/fog/ros2_ws/install/turtlesim_catch_sim/lib/python3.10/site-packages/turtlesim_catch_sim-0.0.0-py3.10.egg-info
running install_scripts
Installing turtle_controller_node script to /home/fog/ros2_ws/install/turtlesim_catch_sim/lib/turtlesim_catch_sim
Installing turtle_spawner_node script to /home/fog/ros2_ws/install/turtlesim_catch_sim/lib/turtlesim_catch_sim
writing list of installed files to '/home/fog/ros2_ws/build/turtlesim_catch_sim/install.log'
