[0.615s] Invoking command in '/home/fog/ros2_ws/build/turtlesim_catch_sim': AMENT_PREFIX_PATH=/home/fog/ros2_ws/install/my_robot_interfaces:${AMENT_PREFIX_PATH} CMAKE_PREFIX_PATH=/home/fog/ros2_ws/install/my_robot_interfaces LD_LIBRARY_PATH=/home/fog/ros2_ws/install/my_robot_interfaces/lib:/usr/lib/x86_64-linux-gnu/gazebo-11/plugins:/opt/ros/humble/opt/rviz_ogre_vendor/lib:/opt/ros/humble/lib/x86_64-linux-gnu:/opt/ros/humble/lib:/usr/share/gazebo/../../lib/x86_64-linux-gnu/gazebo-11/plugins PYTHONPATH=/home/fog/ros2_ws/build/turtlesim_catch_sim/prefix_override:/usr/lib/python3/dist-packages/colcon_core/task/python/colcon_distutils_commands:/home/fog/ros2_ws/install/turtlesim_catch_sim/lib/python3.10/site-packages:/home/fog/ros2_ws/install/my_robot_interfaces/local/lib/python3.10/dist-packages:${PYTHONPATH} /usr/bin/python3 -W ignore:setup.py install is deprecated -W ignore:easy_install command is deprecated setup.py develop --uninstall --editable --build-directory /home/fog/ros2_ws/build/turtlesim_catch_sim/build
[0.869s] running develop
[1.031s] Removing /home/fog/ros2_ws/install/turtlesim_catch_sim/lib/python3.10/site-packages/turtlesim-catch-sim.egg-link (link to .)
[1.054s] Invoked command in '/home/fog/ros2_ws/build/turtlesim_catch_sim' returned '0': AMENT_PREFIX_PATH=/home/fog/ros2_ws/install/my_robot_interfaces:${AMENT_PREFIX_PATH} CMAKE_PREFIX_PATH=/home/fog/ros2_ws/install/my_robot_interfaces LD_LIBRARY_PATH=/home/fog/ros2_ws/install/my_robot_interfaces/lib:/usr/lib/x86_64-linux-gnu/gazebo-11/plugins:/opt/ros/humble/opt/rviz_ogre_vendor/lib:/opt/ros/humble/lib/x86_64-linux-gnu:/opt/ros/humble/lib:/usr/share/gazebo/../../lib/x86_64-linux-gnu/gazebo-11/plugins PYTHONPATH=/home/fog/ros2_ws/build/turtlesim_catch_sim/prefix_override:/usr/lib/python3/dist-packages/colcon_core/task/python/colcon_distutils_commands:/home/fog/ros2_ws/install/turtlesim_catch_sim/lib/python3.10/site-packages:/home/fog/ros2_ws/install/my_robot_interfaces/local/lib/python3.10/dist-packages:${PYTHONPATH} /usr/bin/python3 -W ignore:setup.py install is deprecated -W ignore:easy_install command is deprecated setup.py develop --uninstall --editable --build-directory /home/fog/ros2_ws/build/turtlesim_catch_sim/build
[1.055s] Invoking command in '/home/fog/ros2_ws/src/turtlesim_catch_sim': AMENT_PREFIX_PATH=/home/fog/ros2_ws/install/my_robot_interfaces:${AMENT_PREFIX_PATH} CMAKE_PREFIX_PATH=/home/fog/ros2_ws/install/my_robot_interfaces LD_LIBRARY_PATH=/home/fog/ros2_ws/install/my_robot_interfaces/lib:/usr/lib/x86_64-linux-gnu/gazebo-11/plugins:/opt/ros/humble/opt/rviz_ogre_vendor/lib:/opt/ros/humble/lib/x86_64-linux-gnu:/opt/ros/humble/lib:/usr/share/gazebo/../../lib/x86_64-linux-gnu/gazebo-11/plugins PYTHONPATH=/home/fog/ros2_ws/build/turtlesim_catch_sim/prefix_override:/usr/lib/python3/dist-packages/colcon_core/task/python/colcon_distutils_commands:/home/fog/ros2_ws/install/turtlesim_catch_sim/lib/python3.10/site-packages:/home/fog/ros2_ws/install/my_robot_interfaces/local/lib/python3.10/dist-packages:${PYTHONPATH} /usr/bin/python3 -W ignore:setup.py install is deprecated -W ignore:easy_install command is deprecated setup.py egg_info --egg-base ../../build/turtlesim_catch_sim build --build-base /home/fog/ros2_ws/build/turtlesim_catch_sim/build install --record /home/fog/ros2_ws/build/turtlesim_catch_sim/install.log --single-version-externally-managed install_data --force
[1.293s] running egg_info
[1.294s] writing ../../build/turtlesim_catch_sim/turtlesim_catch_sim.egg-info/PKG-INFO
[1.294s] writing dependency_links to ../../build/turtlesim_catch_sim/turtlesim_catch_sim.egg-info/dependency_links.txt
[1.294s] writing entry points to ../../build/turtlesim_catch_sim/turtlesim_catch_sim.egg-info/entry_points.txt
[1.294s] writing requirements to ../../build/turtlesim_catch_sim/turtlesim_catch_sim.egg-info/requires.txt
[1.295s] writing top-level names to ../../build/turtlesim_catch_sim/turtlesim_catch_sim.egg-info/top_level.txt
[1.296s] reading manifest file '../../build/turtlesim_catch_sim/turtlesim_catch_sim.egg-info/SOURCES.txt'
[1.298s] writing manifest file '../../build/turtlesim_catch_sim/turtlesim_catch_sim.egg-info/SOURCES.txt'
[1.298s] running build
[1.298s] running build_py
[1.298s] creating /home/fog/ros2_ws/build/turtlesim_catch_sim/build
[1.298s] creating /home/fog/ros2_ws/build/turtlesim_catch_sim/build/lib
[1.298s] creating /home/fog/ros2_ws/build/turtlesim_catch_sim/build/lib/turtlesim_catch_sim
[1.298s] copying turtlesim_catch_sim/__init__.py -> /home/fog/ros2_ws/build/turtlesim_catch_sim/build/lib/turtlesim_catch_sim
[1.298s] copying turtlesim_catch_sim/turtle_controller.py -> /home/fog/ros2_ws/build/turtlesim_catch_sim/build/lib/turtlesim_catch_sim
[1.299s] copying turtlesim_catch_sim/turtle_spawner.py -> /home/fog/ros2_ws/build/turtlesim_catch_sim/build/lib/turtlesim_catch_sim
[1.299s] running install
[1.299s] running install_lib
[1.300s] creating /home/fog/ros2_ws/install/turtlesim_catch_sim/lib/python3.10/site-packages/turtlesim_catch_sim
[1.301s] copying /home/fog/ros2_ws/build/turtlesim_catch_sim/build/lib/turtlesim_catch_sim/__init__.py -> /home/fog/ros2_ws/install/turtlesim_catch_sim/lib/python3.10/site-packages/turtlesim_catch_sim
[1.301s] copying /home/fog/ros2_ws/build/turtlesim_catch_sim/build/lib/turtlesim_catch_sim/turtle_controller.py -> /home/fog/ros2_ws/install/turtlesim_catch_sim/lib/python3.10/site-packages/turtlesim_catch_sim
[1.301s] copying /home/fog/ros2_ws/build/turtlesim_catch_sim/build/lib/turtlesim_catch_sim/turtle_spawner.py -> /home/fog/ros2_ws/install/turtlesim_catch_sim/lib/python3.10/site-packages/turtlesim_catch_sim
[1.301s] byte-compiling /home/fog/ros2_ws/install/turtlesim_catch_sim/lib/python3.10/site-packages/turtlesim_catch_sim/__init__.py to __init__.cpython-310.pyc
[1.301s] byte-compiling /home/fog/ros2_ws/install/turtlesim_catch_sim/lib/python3.10/site-packages/turtlesim_catch_sim/turtle_controller.py to turtle_controller.cpython-310.pyc
[1.302s] byte-compiling /home/fog/ros2_ws/install/turtlesim_catch_sim/lib/python3.10/site-packages/turtlesim_catch_sim/turtle_spawner.py to turtle_spawner.cpython-310.pyc
[1.303s] running install_data
[1.303s] copying resource/turtlesim_catch_sim -> /home/fog/ros2_ws/install/turtlesim_catch_sim/share/ament_index/resource_index/packages
[1.304s] copying package.xml -> /home/fog/ros2_ws/install/turtlesim_catch_sim/share/turtlesim_catch_sim
[1.305s] running install_egg_info
[1.307s] Copying ../../build/turtlesim_catch_sim/turtlesim_catch_sim.egg-info to /home/fog/ros2_ws/install/turtlesim_catch_sim/lib/python3.10/site-packages/turtlesim_catch_sim-0.0.0-py3.10.egg-info
[1.308s] running install_scripts
[1.327s] Installing turtle_controller_node script to /home/fog/ros2_ws/install/turtlesim_catch_sim/lib/turtlesim_catch_sim
[1.328s] Installing turtle_spawner_node script to /home/fog/ros2_ws/install/turtlesim_catch_sim/lib/turtlesim_catch_sim
[1.328s] writing list of installed files to '/home/fog/ros2_ws/build/turtlesim_catch_sim/install.log'
[1.347s] Invoked command in '/home/fog/ros2_ws/src/turtlesim_catch_sim' returned '0': AMENT_PREFIX_PATH=/home/fog/ros2_ws/install/my_robot_interfaces:${AMENT_PREFIX_PATH} CMAKE_PREFIX_PATH=/home/fog/ros2_ws/install/my_robot_interfaces LD_LIBRARY_PATH=/home/fog/ros2_ws/install/my_robot_interfaces/lib:/usr/lib/x86_64-linux-gnu/gazebo-11/plugins:/opt/ros/humble/opt/rviz_ogre_vendor/lib:/opt/ros/humble/lib/x86_64-linux-gnu:/opt/ros/humble/lib:/usr/share/gazebo/../../lib/x86_64-linux-gnu/gazebo-11/plugins PYTHONPATH=/home/fog/ros2_ws/build/turtlesim_catch_sim/prefix_override:/usr/lib/python3/dist-packages/colcon_core/task/python/colcon_distutils_commands:/home/fog/ros2_ws/install/turtlesim_catch_sim/lib/python3.10/site-packages:/home/fog/ros2_ws/install/my_robot_interfaces/local/lib/python3.10/dist-packages:${PYTHONPATH} /usr/bin/python3 -W ignore:setup.py install is deprecated -W ignore:easy_install command is deprecated setup.py egg_info --egg-base ../../build/turtlesim_catch_sim build --build-base /home/fog/ros2_ws/build/turtlesim_catch_sim/build install --record /home/fog/ros2_ws/build/turtlesim_catch_sim/install.log --single-version-externally-managed install_data --force
