[0.018s] Invoking command in '/home/fog/rob_ws/build/three_car_description': CMAKE_PREFIX_PATH=${CMAKE_PREFIX_PATH}:/opt/ros/humble /usr/bin/cmake /home/fog/rob_ws/src/three_car_description -DCMAKE_INSTALL_PREFIX=/home/fog/rob_ws/install/three_car_description
[0.033s] -- Found ament_cmake: 1.3.14 (/opt/ros/humble/share/ament_cmake/cmake)
[0.169s] -- Override CMake install command with custom implementation using symlinks instead of copying resources
[0.251s] -- Configuring done
[0.254s] -- Generating done
[0.256s] -- Build files have been written to: /home/fog/rob_ws/build/three_car_description
[0.261s] Invoked command in '/home/fog/rob_ws/build/three_car_description' returned '0': CMAKE_PREFIX_PATH=${CMAKE_PREFIX_PATH}:/opt/ros/humble /usr/bin/cmake /home/fog/rob_ws/src/three_car_description -DCMAKE_INSTALL_PREFIX=/home/fog/rob_ws/install/three_car_description
[0.262s] Invoking command in '/home/fog/rob_ws/build/three_car_description': CMAKE_PREFIX_PATH=${CMAKE_PREFIX_PATH}:/opt/ros/humble /usr/bin/cmake --build /home/fog/rob_ws/build/three_car_description -- -j16 -l16
[0.330s] Invoked command in '/home/fog/rob_ws/build/three_car_description' returned '0': CMAKE_PREFIX_PATH=${CMAKE_PREFIX_PATH}:/opt/ros/humble /usr/bin/cmake --build /home/fog/rob_ws/build/three_car_description -- -j16 -l16
[0.344s] Invoking command in '/home/fog/rob_ws/build/three_car_description': CMAKE_PREFIX_PATH=${CMAKE_PREFIX_PATH}:/opt/ros/humble /usr/bin/cmake --install /home/fog/rob_ws/build/three_car_description
[0.357s] -- Install configuration: ""
[0.357s] -- Execute custom install script
[0.358s] -- Up-to-date symlink: /home/fog/rob_ws/install/three_car_description/share/three_car_description//urdf/common_properties.xacro
[0.358s] -- Up-to-date symlink: /home/fog/rob_ws/install/three_car_description/share/three_car_description//urdf/mobile_base.xacro
[0.358s] -- Up-to-date symlink: /home/fog/rob_ws/install/three_car_description/share/three_car_description//urdf/three_car.urdf.xacro
[0.358s] -- Up-to-date symlink: /home/fog/rob_ws/install/three_car_description/share/three_car_description//launch/display.launch.xml
[0.358s] -- Up-to-date symlink: /home/fog/rob_ws/install/three_car_description/share/three_car_description//rviz/model.rviz
[0.359s] -- Up-to-date symlink: /home/fog/rob_ws/install/three_car_description/share/ament_index/resource_index/package_run_dependencies/three_car_description
[0.359s] -- Up-to-date symlink: /home/fog/rob_ws/install/three_car_description/share/ament_index/resource_index/parent_prefix_path/three_car_description
[0.359s] -- Up-to-date symlink: /home/fog/rob_ws/install/three_car_description/share/three_car_description/environment/ament_prefix_path.sh
[0.359s] -- Up-to-date symlink: /home/fog/rob_ws/install/three_car_description/share/three_car_description/environment/ament_prefix_path.dsv
[0.359s] -- Up-to-date symlink: /home/fog/rob_ws/install/three_car_description/share/three_car_description/environment/path.sh
[0.360s] -- Up-to-date symlink: /home/fog/rob_ws/install/three_car_description/share/three_car_description/environment/path.dsv
[0.360s] -- Up-to-date symlink: /home/fog/rob_ws/install/three_car_description/share/three_car_description/local_setup.bash
[0.360s] -- Up-to-date symlink: /home/fog/rob_ws/install/three_car_description/share/three_car_description/local_setup.sh
[0.360s] -- Up-to-date symlink: /home/fog/rob_ws/install/three_car_description/share/three_car_description/local_setup.zsh
[0.360s] -- Up-to-date symlink: /home/fog/rob_ws/install/three_car_description/share/three_car_description/local_setup.dsv
[0.360s] -- Symlinking: /home/fog/rob_ws/install/three_car_description/share/three_car_description/package.dsv
[0.372s] -- Up-to-date symlink: /home/fog/rob_ws/install/three_car_description/share/ament_index/resource_index/packages/three_car_description
[0.372s] -- Up-to-date symlink: /home/fog/rob_ws/install/three_car_description/share/three_car_description/cmake/three_car_descriptionConfig.cmake
[0.372s] -- Up-to-date symlink: /home/fog/rob_ws/install/three_car_description/share/three_car_description/cmake/three_car_descriptionConfig-version.cmake
[0.372s] -- Up-to-date symlink: /home/fog/rob_ws/install/three_car_description/share/three_car_description/package.xml
[0.374s] Invoked command in '/home/fog/rob_ws/build/three_car_description' returned '0': CMAKE_PREFIX_PATH=${CMAKE_PREFIX_PATH}:/opt/ros/humble /usr/bin/cmake --install /home/fog/rob_ws/build/three_car_description
