[0.018s] Invoking command in '/home/fog/ros2_ws/build/my_robot_bringup': AMENT_PREFIX_PATH=/home/fog/ros2_ws/install/turtlesim_catch_sim:/home/fog/ros2_ws/install/my_py_pkg:/home/fog/ros2_ws/install/my_robot_interfaces:/home/fog/ros2_ws/install/my_robot_bringup:/opt/ros/humble CMAKE_PREFIX_PATH=${CMAKE_PREFIX_PATH}:/home/fog/ros2_ws/install/turtlesim_catch_sim:/home/fog/ros2_ws/install/my_py_pkg:/opt/ros/humble LD_LIBRARY_PATH=/home/fog/ros2_ws/install/my_robot_interfaces/lib:/usr/lib/x86_64-linux-gnu/gazebo-11/plugins:/opt/ros/humble/opt/rviz_ogre_vendor/lib:/opt/ros/humble/lib/x86_64-linux-gnu:/opt/ros/humble/lib:/usr/share/gazebo/../../lib/x86_64-linux-gnu/gazebo-11/plugins PYTHONPATH=/home/fog/ros2_ws/build/turtlesim_catch_sim:/home/fog/ros2_ws/install/turtlesim_catch_sim/lib/python3.10/site-packages:/home/fog/ros2_ws/build/my_py_pkg:/home/fog/ros2_ws/install/my_py_pkg/lib/python3.10/site-packages:/home/fog/ros2_ws/install/my_robot_interfaces/local/lib/python3.10/dist-packages:/opt/ros/humble/lib/python3.10/site-packages:/opt/ros/humble/local/lib/python3.10/dist-packages /usr/bin/cmake --build /home/fog/ros2_ws/build/my_robot_bringup -- -j16 -l16
[0.069s] Invoked command in '/home/fog/ros2_ws/build/my_robot_bringup' returned '0': AMENT_PREFIX_PATH=/home/fog/ros2_ws/install/turtlesim_catch_sim:/home/fog/ros2_ws/install/my_py_pkg:/home/fog/ros2_ws/install/my_robot_interfaces:/home/fog/ros2_ws/install/my_robot_bringup:/opt/ros/humble CMAKE_PREFIX_PATH=${CMAKE_PREFIX_PATH}:/home/fog/ros2_ws/install/turtlesim_catch_sim:/home/fog/ros2_ws/install/my_py_pkg:/opt/ros/humble LD_LIBRARY_PATH=/home/fog/ros2_ws/install/my_robot_interfaces/lib:/usr/lib/x86_64-linux-gnu/gazebo-11/plugins:/opt/ros/humble/opt/rviz_ogre_vendor/lib:/opt/ros/humble/lib/x86_64-linux-gnu:/opt/ros/humble/lib:/usr/share/gazebo/../../lib/x86_64-linux-gnu/gazebo-11/plugins PYTHONPATH=/home/fog/ros2_ws/build/turtlesim_catch_sim:/home/fog/ros2_ws/install/turtlesim_catch_sim/lib/python3.10/site-packages:/home/fog/ros2_ws/build/my_py_pkg:/home/fog/ros2_ws/install/my_py_pkg/lib/python3.10/site-packages:/home/fog/ros2_ws/install/my_robot_interfaces/local/lib/python3.10/dist-packages:/opt/ros/humble/lib/python3.10/site-packages:/opt/ros/humble/local/lib/python3.10/dist-packages /usr/bin/cmake --build /home/fog/ros2_ws/build/my_robot_bringup -- -j16 -l16
[0.071s] Invoking command in '/home/fog/ros2_ws/build/my_robot_bringup': AMENT_PREFIX_PATH=/home/fog/ros2_ws/install/turtlesim_catch_sim:/home/fog/ros2_ws/install/my_py_pkg:/home/fog/ros2_ws/install/my_robot_interfaces:/home/fog/ros2_ws/install/my_robot_bringup:/opt/ros/humble CMAKE_PREFIX_PATH=${CMAKE_PREFIX_PATH}:/home/fog/ros2_ws/install/turtlesim_catch_sim:/home/fog/ros2_ws/install/my_py_pkg:/opt/ros/humble LD_LIBRARY_PATH=/home/fog/ros2_ws/install/my_robot_interfaces/lib:/usr/lib/x86_64-linux-gnu/gazebo-11/plugins:/opt/ros/humble/opt/rviz_ogre_vendor/lib:/opt/ros/humble/lib/x86_64-linux-gnu:/opt/ros/humble/lib:/usr/share/gazebo/../../lib/x86_64-linux-gnu/gazebo-11/plugins PYTHONPATH=/home/fog/ros2_ws/build/turtlesim_catch_sim:/home/fog/ros2_ws/install/turtlesim_catch_sim/lib/python3.10/site-packages:/home/fog/ros2_ws/build/my_py_pkg:/home/fog/ros2_ws/install/my_py_pkg/lib/python3.10/site-packages:/home/fog/ros2_ws/install/my_robot_interfaces/local/lib/python3.10/dist-packages:/opt/ros/humble/lib/python3.10/site-packages:/opt/ros/humble/local/lib/python3.10/dist-packages /usr/bin/cmake --install /home/fog/ros2_ws/build/my_robot_bringup
[0.080s] -- Install configuration: ""
[0.080s] -- Execute custom install script
[0.080s] -- Up-to-date symlink: /home/fog/ros2_ws/install/my_robot_bringup/share/my_robot_bringup//launch/number_app.launch.py
[0.080s] -- Up-to-date symlink: /home/fog/ros2_ws/install/my_robot_bringup/share/my_robot_bringup//launch/number_app.launch.xml
[0.081s] -- Up-to-date symlink: /home/fog/ros2_ws/install/my_robot_bringup/share/my_robot_bringup//launch/number_app_from_py.launch.xml
[0.081s] -- Up-to-date symlink: /home/fog/ros2_ws/install/my_robot_bringup/share/my_robot_bringup//launch/turtle_catch_sim.launch.xml
[0.081s] -- Up-to-date symlink: /home/fog/ros2_ws/install/my_robot_bringup/share/my_robot_bringup//config/number_app.yaml
[0.081s] -- Up-to-date symlink: /home/fog/ros2_ws/install/my_robot_bringup/share/my_robot_bringup//config/turtlesim_catch.yaml
[0.081s] -- Up-to-date symlink: /home/fog/ros2_ws/install/my_robot_bringup/share/ament_index/resource_index/package_run_dependencies/my_robot_bringup
[0.081s] -- Up-to-date symlink: /home/fog/ros2_ws/install/my_robot_bringup/share/ament_index/resource_index/parent_prefix_path/my_robot_bringup
[0.082s] -- Up-to-date symlink: /home/fog/ros2_ws/install/my_robot_bringup/share/my_robot_bringup/environment/ament_prefix_path.sh
[0.082s] -- Up-to-date symlink: /home/fog/ros2_ws/install/my_robot_bringup/share/my_robot_bringup/environment/ament_prefix_path.dsv
[0.082s] -- Up-to-date symlink: /home/fog/ros2_ws/install/my_robot_bringup/share/my_robot_bringup/environment/path.sh
[0.082s] -- Up-to-date symlink: /home/fog/ros2_ws/install/my_robot_bringup/share/my_robot_bringup/environment/path.dsv
[0.082s] -- Up-to-date symlink: /home/fog/ros2_ws/install/my_robot_bringup/share/my_robot_bringup/local_setup.bash
[0.082s] -- Up-to-date symlink: /home/fog/ros2_ws/install/my_robot_bringup/share/my_robot_bringup/local_setup.sh
[0.083s] -- Up-to-date symlink: /home/fog/ros2_ws/install/my_robot_bringup/share/my_robot_bringup/local_setup.zsh
[0.083s] -- Up-to-date symlink: /home/fog/ros2_ws/install/my_robot_bringup/share/my_robot_bringup/local_setup.dsv
[0.083s] -- Symlinking: /home/fog/ros2_ws/install/my_robot_bringup/share/my_robot_bringup/package.dsv
[0.093s] -- Up-to-date symlink: /home/fog/ros2_ws/install/my_robot_bringup/share/ament_index/resource_index/packages/my_robot_bringup
[0.094s] -- Up-to-date symlink: /home/fog/ros2_ws/install/my_robot_bringup/share/my_robot_bringup/cmake/my_robot_bringupConfig.cmake
[0.094s] -- Up-to-date symlink: /home/fog/ros2_ws/install/my_robot_bringup/share/my_robot_bringup/cmake/my_robot_bringupConfig-version.cmake
[0.094s] -- Up-to-date symlink: /home/fog/ros2_ws/install/my_robot_bringup/share/my_robot_bringup/package.xml
[0.096s] Invoked command in '/home/fog/ros2_ws/build/my_robot_bringup' returned '0': AMENT_PREFIX_PATH=/home/fog/ros2_ws/install/turtlesim_catch_sim:/home/fog/ros2_ws/install/my_py_pkg:/home/fog/ros2_ws/install/my_robot_interfaces:/home/fog/ros2_ws/install/my_robot_bringup:/opt/ros/humble CMAKE_PREFIX_PATH=${CMAKE_PREFIX_PATH}:/home/fog/ros2_ws/install/turtlesim_catch_sim:/home/fog/ros2_ws/install/my_py_pkg:/opt/ros/humble LD_LIBRARY_PATH=/home/fog/ros2_ws/install/my_robot_interfaces/lib:/usr/lib/x86_64-linux-gnu/gazebo-11/plugins:/opt/ros/humble/opt/rviz_ogre_vendor/lib:/opt/ros/humble/lib/x86_64-linux-gnu:/opt/ros/humble/lib:/usr/share/gazebo/../../lib/x86_64-linux-gnu/gazebo-11/plugins PYTHONPATH=/home/fog/ros2_ws/build/turtlesim_catch_sim:/home/fog/ros2_ws/install/turtlesim_catch_sim/lib/python3.10/site-packages:/home/fog/ros2_ws/build/my_py_pkg:/home/fog/ros2_ws/install/my_py_pkg/lib/python3.10/site-packages:/home/fog/ros2_ws/install/my_robot_interfaces/local/lib/python3.10/dist-packages:/opt/ros/humble/lib/python3.10/site-packages:/opt/ros/humble/local/lib/python3.10/dist-packages /usr/bin/cmake --install /home/fog/ros2_ws/build/my_robot_bringup
