[0.262s] Invoking command in '/home/fog/ros2_ws/build/my_robot_interfaces': CMAKE_PREFIX_PATH=/opt/ros/humble /usr/bin/cmake /home/fog/ros2_ws/src/my_robot_interfaces -DAMENT_CMAKE_SYMLINK_INSTALL=1 -DCMAKE_INSTALL_PREFIX=/home/fog/ros2_ws/install/my_robot_interfaces
[0.278s] -- Found ament_cmake: 1.3.14 (/opt/ros/humble/share/ament_cmake/cmake)
[0.399s] -- Override CMake install command with custom implementation using symlinks instead of copying resources
[0.408s] -- Found rosidl_default_generators: 1.2.1 (/opt/ros/humble/share/rosidl_default_generators/cmake)
[0.418s] -- Using all available rosidl_typesupport_c: rosidl_typesupport_fastrtps_c;rosidl_typesupport_introspection_c
[0.426s] -- Found rosidl_adapter: 3.1.8 (/opt/ros/humble/share/rosidl_adapter/cmake)
[0.487s] -- Using all available rosidl_typesupport_cpp: rosidl_typesupport_fastrtps_cpp;rosidl_typesupport_introspection_cpp
[0.834s] -- Found ament_cmake_ros: 0.10.0 (/opt/ros/humble/share/ament_cmake_ros/cmake)
[1.032s] -- Using all available rosidl_typesupport_c: rosidl_typesupport_fastrtps_c;rosidl_typesupport_introspection_c
[1.290s] -- Using all available rosidl_typesupport_cpp: rosidl_typesupport_fastrtps_cpp;rosidl_typesupport_introspection_cpp
[1.314s] -- Found python_cmake_module: 0.10.0 (/opt/ros/humble/share/python_cmake_module/cmake)
[1.342s] -- Using PYTHON_EXECUTABLE: /usr/bin/python3
[1.342s] -- Using PYTHON_INCLUDE_DIRS: /usr/include/python3.10
[1.343s] -- Using PYTHON_LIBRARIES: /usr/lib/x86_64-linux-gnu/libpython3.10.so
[1.446s] -- Configuring done
[1.508s] -- Generating done
[1.519s] -- Build files have been written to: /home/fog/ros2_ws/build/my_robot_interfaces
[1.529s] Invoked command in '/home/fog/ros2_ws/build/my_robot_interfaces' returned '0': CMAKE_PREFIX_PATH=/opt/ros/humble /usr/bin/cmake /home/fog/ros2_ws/src/my_robot_interfaces -DAMENT_CMAKE_SYMLINK_INSTALL=1 -DCMAKE_INSTALL_PREFIX=/home/fog/ros2_ws/install/my_robot_interfaces
[1.529s] Invoking command in '/home/fog/ros2_ws/build/my_robot_interfaces': CMAKE_PREFIX_PATH=/opt/ros/humble /usr/bin/cmake --build /home/fog/ros2_ws/build/my_robot_interfaces -- -j16 -l16
[1.587s] [35m[1mConsolidate compiler generated dependencies of target my_robot_interfaces__rosidl_generator_c[0m
[1.601s] [  1%] Built target my_robot_interfaces__cpp
[1.602s] [  3%] Built target my_robot_interfaces__rs
[1.604s] [ 14%] Built target my_robot_interfaces__rosidl_generator_c
[1.612s] [ 14%] Built target ament_cmake_python_symlink_my_robot_interfaces
[1.618s] [35m[1mConsolidate compiler generated dependencies of target my_robot_interfaces__rosidl_typesupport_cpp[0m
[1.618s] [35m[1mConsolidate compiler generated dependencies of target my_robot_interfaces__rosidl_typesupport_introspection_cpp[0m
[1.618s] [35m[1mConsolidate compiler generated dependencies of target my_robot_interfaces__rosidl_typesupport_fastrtps_cpp[0m
[1.620s] [35m[1mConsolidate compiler generated dependencies of target my_robot_interfaces__rosidl_typesupport_c[0m
[1.620s] [35m[1mConsolidate compiler generated dependencies of target my_robot_interfaces__rosidl_typesupport_introspection_c[0m
[1.621s] [35m[1mConsolidate compiler generated dependencies of target my_robot_interfaces__rosidl_typesupport_fastrtps_c[0m
[1.638s] [ 43%] Built target my_robot_interfaces__rosidl_typesupport_cpp
[1.639s] [ 43%] Built target my_robot_interfaces__rosidl_typesupport_introspection_cpp
[1.639s] [ 57%] Built target my_robot_interfaces__rosidl_typesupport_introspection_c
[1.639s] [ 56%] Built target my_robot_interfaces__rosidl_typesupport_c
[1.639s] [ 68%] Built target my_robot_interfaces__rosidl_typesupport_fastrtps_cpp
[1.642s] [ 79%] Built target my_robot_interfaces__rosidl_typesupport_fastrtps_c
[1.674s] [ 79%] Built target my_robot_interfaces
[1.705s] [ 81%] Built target my_robot_interfaces__py
[1.722s] [35m[1mConsolidate compiler generated dependencies of target my_robot_interfaces__rosidl_generator_py[0m
[1.744s] [ 90%] Built target my_robot_interfaces__rosidl_generator_py
[1.760s] [35m[1mConsolidate compiler generated dependencies of target my_robot_interfaces__rosidl_typesupport_introspection_c__pyext[0m
[1.760s] [35m[1mConsolidate compiler generated dependencies of target my_robot_interfaces__rosidl_typesupport_fastrtps_c__pyext[0m
[1.761s] [35m[1mConsolidate compiler generated dependencies of target my_robot_interfaces__rosidl_typesupport_c__pyext[0m
[1.778s] [ 93%] Built target my_robot_interfaces__rosidl_typesupport_fastrtps_c__pyext
[1.778s] [ 96%] Built target my_robot_interfaces__rosidl_typesupport_introspection_c__pyext
[1.778s] [100%] Built target my_robot_interfaces__rosidl_typesupport_c__pyext
[1.860s] running egg_info
[1.861s] writing my_robot_interfaces.egg-info/PKG-INFO
[1.861s] writing dependency_links to my_robot_interfaces.egg-info/dependency_links.txt
[1.861s] writing top-level names to my_robot_interfaces.egg-info/top_level.txt
[1.863s] reading manifest file 'my_robot_interfaces.egg-info/SOURCES.txt'
[1.864s] writing manifest file 'my_robot_interfaces.egg-info/SOURCES.txt'
[1.890s] [100%] Built target ament_cmake_python_build_my_robot_interfaces_egg
[1.907s] Invoked command in '/home/fog/ros2_ws/build/my_robot_interfaces' returned '0': CMAKE_PREFIX_PATH=/opt/ros/humble /usr/bin/cmake --build /home/fog/ros2_ws/build/my_robot_interfaces -- -j16 -l16
[1.908s] Invoking command in '/home/fog/ros2_ws/build/my_robot_interfaces': CMAKE_PREFIX_PATH=/opt/ros/humble /usr/bin/cmake --install /home/fog/ros2_ws/build/my_robot_interfaces
[1.917s] -- Install configuration: ""
[1.918s] -- Execute custom install script
[1.918s] -- Up-to-date symlink: /home/fog/ros2_ws/install/my_robot_interfaces/share/ament_index/resource_index/rosidl_interfaces/my_robot_interfaces
[1.919s] -- Up-to-date symlink: /home/fog/ros2_ws/install/my_robot_interfaces/include/my_robot_interfaces/my_robot_interfaces/msg/detail/turtle__functions.h
[1.919s] -- Up-to-date symlink: /home/fog/ros2_ws/install/my_robot_interfaces/include/my_robot_interfaces/my_robot_interfaces/msg/detail/turtle__struct.h
[1.919s] -- Up-to-date symlink: /home/fog/ros2_ws/install/my_robot_interfaces/include/my_robot_interfaces/my_robot_interfaces/msg/detail/turtle__type_support.h
[1.920s] -- Up-to-date symlink: /home/fog/ros2_ws/install/my_robot_interfaces/include/my_robot_interfaces/my_robot_interfaces/msg/detail/turtle_array__functions.h
[1.920s] -- Up-to-date symlink: /home/fog/ros2_ws/install/my_robot_interfaces/include/my_robot_interfaces/my_robot_interfaces/msg/detail/turtle_array__struct.h
[1.920s] -- Up-to-date symlink: /home/fog/ros2_ws/install/my_robot_interfaces/include/my_robot_interfaces/my_robot_interfaces/msg/detail/turtle_array__type_support.h
[1.920s] -- Up-to-date symlink: /home/fog/ros2_ws/install/my_robot_interfaces/include/my_robot_interfaces/my_robot_interfaces/msg/detail/weather__functions.h
[1.920s] -- Up-to-date symlink: /home/fog/ros2_ws/install/my_robot_interfaces/include/my_robot_interfaces/my_robot_interfaces/msg/detail/weather__struct.h
[1.920s] -- Up-to-date symlink: /home/fog/ros2_ws/install/my_robot_interfaces/include/my_robot_interfaces/my_robot_interfaces/msg/detail/weather__type_support.h
[1.920s] -- Up-to-date symlink: /home/fog/ros2_ws/install/my_robot_interfaces/include/my_robot_interfaces/my_robot_interfaces/msg/rosidl_generator_c__visibility_control.h
[1.920s] -- Up-to-date symlink: /home/fog/ros2_ws/install/my_robot_interfaces/include/my_robot_interfaces/my_robot_interfaces/msg/turtle.h
[1.921s] -- Up-to-date symlink: /home/fog/ros2_ws/install/my_robot_interfaces/include/my_robot_interfaces/my_robot_interfaces/msg/turtle_array.h
[1.921s] -- Up-to-date symlink: /home/fog/ros2_ws/install/my_robot_interfaces/include/my_robot_interfaces/my_robot_interfaces/msg/weather.h
[1.921s] -- Up-to-date symlink: /home/fog/ros2_ws/install/my_robot_interfaces/include/my_robot_interfaces/my_robot_interfaces/srv/addthree_ints.h
[1.921s] -- Up-to-date symlink: /home/fog/ros2_ws/install/my_robot_interfaces/include/my_robot_interfaces/my_robot_interfaces/srv/catch_turtle.h
[1.921s] -- Up-to-date symlink: /home/fog/ros2_ws/install/my_robot_interfaces/include/my_robot_interfaces/my_robot_interfaces/srv/detail/addthree_ints__functions.h
[1.921s] -- Up-to-date symlink: /home/fog/ros2_ws/install/my_robot_interfaces/include/my_robot_interfaces/my_robot_interfaces/srv/detail/addthree_ints__struct.h
[1.921s] -- Up-to-date symlink: /home/fog/ros2_ws/install/my_robot_interfaces/include/my_robot_interfaces/my_robot_interfaces/srv/detail/addthree_ints__type_support.h
[1.921s] -- Up-to-date symlink: /home/fog/ros2_ws/install/my_robot_interfaces/include/my_robot_interfaces/my_robot_interfaces/srv/detail/catch_turtle__functions.h
[1.921s] -- Up-to-date symlink: /home/fog/ros2_ws/install/my_robot_interfaces/include/my_robot_interfaces/my_robot_interfaces/srv/detail/catch_turtle__struct.h
[1.921s] -- Up-to-date symlink: /home/fog/ros2_ws/install/my_robot_interfaces/include/my_robot_interfaces/my_robot_interfaces/srv/detail/catch_turtle__type_support.h
[1.922s] -- Up-to-date symlink: /home/fog/ros2_ws/install/my_robot_interfaces/share/my_robot_interfaces/environment/library_path.sh
[1.922s] -- Up-to-date symlink: /home/fog/ros2_ws/install/my_robot_interfaces/share/my_robot_interfaces/environment/library_path.dsv
[1.923s] -- Up-to-date symlink: /home/fog/ros2_ws/install/my_robot_interfaces/include/my_robot_interfaces/my_robot_interfaces/msg/detail/turtle__rosidl_typesupport_fastrtps_c.h
[1.923s] -- Up-to-date symlink: /home/fog/ros2_ws/install/my_robot_interfaces/include/my_robot_interfaces/my_robot_interfaces/msg/detail/turtle_array__rosidl_typesupport_fastrtps_c.h
[1.923s] -- Up-to-date symlink: /home/fog/ros2_ws/install/my_robot_interfaces/include/my_robot_interfaces/my_robot_interfaces/msg/detail/weather__rosidl_typesupport_fastrtps_c.h
[1.923s] -- Up-to-date symlink: /home/fog/ros2_ws/install/my_robot_interfaces/include/my_robot_interfaces/my_robot_interfaces/msg/rosidl_typesupport_fastrtps_c__visibility_control.h
[1.923s] -- Up-to-date symlink: /home/fog/ros2_ws/install/my_robot_interfaces/include/my_robot_interfaces/my_robot_interfaces/srv/detail/addthree_ints__rosidl_typesupport_fastrtps_c.h
[1.923s] -- Up-to-date symlink: /home/fog/ros2_ws/install/my_robot_interfaces/include/my_robot_interfaces/my_robot_interfaces/srv/detail/catch_turtle__rosidl_typesupport_fastrtps_c.h
[1.924s] -- Up-to-date symlink: /home/fog/ros2_ws/install/my_robot_interfaces/include/my_robot_interfaces/my_robot_interfaces/msg/detail/turtle__rosidl_typesupport_introspection_c.h
[1.924s] -- Up-to-date symlink: /home/fog/ros2_ws/install/my_robot_interfaces/include/my_robot_interfaces/my_robot_interfaces/msg/detail/turtle_array__rosidl_typesupport_introspection_c.h
[1.924s] -- Up-to-date symlink: /home/fog/ros2_ws/install/my_robot_interfaces/include/my_robot_interfaces/my_robot_interfaces/msg/detail/weather__rosidl_typesupport_introspection_c.h
[1.924s] -- Up-to-date symlink: /home/fog/ros2_ws/install/my_robot_interfaces/include/my_robot_interfaces/my_robot_interfaces/msg/rosidl_typesupport_introspection_c__visibility_control.h
[1.924s] -- Up-to-date symlink: /home/fog/ros2_ws/install/my_robot_interfaces/include/my_robot_interfaces/my_robot_interfaces/srv/detail/addthree_ints__rosidl_typesupport_introspection_c.h
[1.924s] -- Up-to-date symlink: /home/fog/ros2_ws/install/my_robot_interfaces/include/my_robot_interfaces/my_robot_interfaces/srv/detail/catch_turtle__rosidl_typesupport_introspection_c.h
[1.924s] -- Up-to-date symlink: /home/fog/ros2_ws/install/my_robot_interfaces/include/my_robot_interfaces/my_robot_interfaces/msg/detail/turtle__builder.hpp
[1.924s] -- Up-to-date symlink: /home/fog/ros2_ws/install/my_robot_interfaces/include/my_robot_interfaces/my_robot_interfaces/msg/detail/turtle__struct.hpp
[1.924s] -- Up-to-date symlink: /home/fog/ros2_ws/install/my_robot_interfaces/include/my_robot_interfaces/my_robot_interfaces/msg/detail/turtle__traits.hpp
[1.925s] -- Up-to-date symlink: /home/fog/ros2_ws/install/my_robot_interfaces/include/my_robot_interfaces/my_robot_interfaces/msg/detail/turtle__type_support.hpp
[1.925s] -- Up-to-date symlink: /home/fog/ros2_ws/install/my_robot_interfaces/include/my_robot_interfaces/my_robot_interfaces/msg/detail/turtle_array__builder.hpp
[1.925s] -- Up-to-date symlink: /home/fog/ros2_ws/install/my_robot_interfaces/include/my_robot_interfaces/my_robot_interfaces/msg/detail/turtle_array__struct.hpp
[1.925s] -- Up-to-date symlink: /home/fog/ros2_ws/install/my_robot_interfaces/include/my_robot_interfaces/my_robot_interfaces/msg/detail/turtle_array__traits.hpp
[1.925s] -- Up-to-date symlink: /home/fog/ros2_ws/install/my_robot_interfaces/include/my_robot_interfaces/my_robot_interfaces/msg/detail/turtle_array__type_support.hpp
[1.925s] -- Up-to-date symlink: /home/fog/ros2_ws/install/my_robot_interfaces/include/my_robot_interfaces/my_robot_interfaces/msg/detail/weather__builder.hpp
[1.926s] -- Up-to-date symlink: /home/fog/ros2_ws/install/my_robot_interfaces/include/my_robot_interfaces/my_robot_interfaces/msg/detail/weather__struct.hpp
[1.926s] -- Up-to-date symlink: /home/fog/ros2_ws/install/my_robot_interfaces/include/my_robot_interfaces/my_robot_interfaces/msg/detail/weather__traits.hpp
[1.926s] -- Up-to-date symlink: /home/fog/ros2_ws/install/my_robot_interfaces/include/my_robot_interfaces/my_robot_interfaces/msg/detail/weather__type_support.hpp
[1.926s] -- Up-to-date symlink: /home/fog/ros2_ws/install/my_robot_interfaces/include/my_robot_interfaces/my_robot_interfaces/msg/rosidl_generator_cpp__visibility_control.hpp
[1.926s] -- Up-to-date symlink: /home/fog/ros2_ws/install/my_robot_interfaces/include/my_robot_interfaces/my_robot_interfaces/msg/turtle.hpp
[1.926s] -- Up-to-date symlink: /home/fog/ros2_ws/install/my_robot_interfaces/include/my_robot_interfaces/my_robot_interfaces/msg/turtle_array.hpp
[1.926s] -- Up-to-date symlink: /home/fog/ros2_ws/install/my_robot_interfaces/include/my_robot_interfaces/my_robot_interfaces/msg/weather.hpp
[1.926s] -- Up-to-date symlink: /home/fog/ros2_ws/install/my_robot_interfaces/include/my_robot_interfaces/my_robot_interfaces/srv/addthree_ints.hpp
[1.926s] -- Up-to-date symlink: /home/fog/ros2_ws/install/my_robot_interfaces/include/my_robot_interfaces/my_robot_interfaces/srv/catch_turtle.hpp
[1.927s] -- Up-to-date symlink: /home/fog/ros2_ws/install/my_robot_interfaces/include/my_robot_interfaces/my_robot_interfaces/srv/detail/addthree_ints__builder.hpp
[1.927s] -- Up-to-date symlink: /home/fog/ros2_ws/install/my_robot_interfaces/include/my_robot_interfaces/my_robot_interfaces/srv/detail/addthree_ints__struct.hpp
[1.927s] -- Up-to-date symlink: /home/fog/ros2_ws/install/my_robot_interfaces/include/my_robot_interfaces/my_robot_interfaces/srv/detail/addthree_ints__traits.hpp
[1.927s] -- Up-to-date symlink: /home/fog/ros2_ws/install/my_robot_interfaces/include/my_robot_interfaces/my_robot_interfaces/srv/detail/addthree_ints__type_support.hpp
[1.927s] -- Up-to-date symlink: /home/fog/ros2_ws/install/my_robot_interfaces/include/my_robot_interfaces/my_robot_interfaces/srv/detail/catch_turtle__builder.hpp
[1.927s] -- Up-to-date symlink: /home/fog/ros2_ws/install/my_robot_interfaces/include/my_robot_interfaces/my_robot_interfaces/srv/detail/catch_turtle__struct.hpp
[1.927s] -- Up-to-date symlink: /home/fog/ros2_ws/install/my_robot_interfaces/include/my_robot_interfaces/my_robot_interfaces/srv/detail/catch_turtle__traits.hpp
[1.927s] -- Up-to-date symlink: /home/fog/ros2_ws/install/my_robot_interfaces/include/my_robot_interfaces/my_robot_interfaces/srv/detail/catch_turtle__type_support.hpp
[1.928s] -- Up-to-date symlink: /home/fog/ros2_ws/install/my_robot_interfaces/include/my_robot_interfaces/my_robot_interfaces/msg/detail/turtle__rosidl_typesupport_fastrtps_cpp.hpp
[1.928s] -- Up-to-date symlink: /home/fog/ros2_ws/install/my_robot_interfaces/include/my_robot_interfaces/my_robot_interfaces/msg/detail/turtle_array__rosidl_typesupport_fastrtps_cpp.hpp
[1.928s] -- Up-to-date symlink: /home/fog/ros2_ws/install/my_robot_interfaces/include/my_robot_interfaces/my_robot_interfaces/msg/detail/weather__rosidl_typesupport_fastrtps_cpp.hpp
[1.928s] -- Up-to-date symlink: /home/fog/ros2_ws/install/my_robot_interfaces/include/my_robot_interfaces/my_robot_interfaces/msg/rosidl_typesupport_fastrtps_cpp__visibility_control.h
[1.928s] -- Up-to-date symlink: /home/fog/ros2_ws/install/my_robot_interfaces/include/my_robot_interfaces/my_robot_interfaces/srv/detail/addthree_ints__rosidl_typesupport_fastrtps_cpp.hpp
[1.929s] -- Up-to-date symlink: /home/fog/ros2_ws/install/my_robot_interfaces/include/my_robot_interfaces/my_robot_interfaces/srv/detail/catch_turtle__rosidl_typesupport_fastrtps_cpp.hpp
[1.929s] -- Up-to-date symlink: /home/fog/ros2_ws/install/my_robot_interfaces/include/my_robot_interfaces/my_robot_interfaces/msg/detail/turtle__rosidl_typesupport_introspection_cpp.hpp
[1.929s] -- Up-to-date symlink: /home/fog/ros2_ws/install/my_robot_interfaces/include/my_robot_interfaces/my_robot_interfaces/msg/detail/turtle_array__rosidl_typesupport_introspection_cpp.hpp
[1.929s] -- Up-to-date symlink: /home/fog/ros2_ws/install/my_robot_interfaces/include/my_robot_interfaces/my_robot_interfaces/msg/detail/weather__rosidl_typesupport_introspection_cpp.hpp
[1.929s] -- Up-to-date symlink: /home/fog/ros2_ws/install/my_robot_interfaces/include/my_robot_interfaces/my_robot_interfaces/srv/detail/addthree_ints__rosidl_typesupport_introspection_cpp.hpp
[1.929s] -- Up-to-date symlink: /home/fog/ros2_ws/install/my_robot_interfaces/include/my_robot_interfaces/my_robot_interfaces/srv/detail/catch_turtle__rosidl_typesupport_introspection_cpp.hpp
[1.930s] -- Up-to-date symlink: /home/fog/ros2_ws/install/my_robot_interfaces/share/my_robot_interfaces/environment/pythonpath.sh
[1.930s] -- Up-to-date symlink: /home/fog/ros2_ws/install/my_robot_interfaces/share/my_robot_interfaces/environment/pythonpath.dsv
[1.930s] -- Up-to-date symlink: /home/fog/ros2_ws/install/my_robot_interfaces/local/lib/python3.10/dist-packages/my_robot_interfaces-0.0.0-py3.10.egg-info/PKG-INFO
[1.930s] -- Up-to-date symlink: /home/fog/ros2_ws/install/my_robot_interfaces/local/lib/python3.10/dist-packages/my_robot_interfaces-0.0.0-py3.10.egg-info/SOURCES.txt
[1.930s] -- Up-to-date symlink: /home/fog/ros2_ws/install/my_robot_interfaces/local/lib/python3.10/dist-packages/my_robot_interfaces-0.0.0-py3.10.egg-info/dependency_links.txt
[1.930s] -- Up-to-date symlink: /home/fog/ros2_ws/install/my_robot_interfaces/local/lib/python3.10/dist-packages/my_robot_interfaces-0.0.0-py3.10.egg-info/top_level.txt
[1.931s] -- Up-to-date symlink: /home/fog/ros2_ws/install/my_robot_interfaces/local/lib/python3.10/dist-packages/my_robot_interfaces/__init__.py
[1.931s] -- Up-to-date symlink: /home/fog/ros2_ws/install/my_robot_interfaces/local/lib/python3.10/dist-packages/my_robot_interfaces/_my_robot_interfaces_s.ep.rosidl_typesupport_c.c
[1.931s] -- Up-to-date symlink: /home/fog/ros2_ws/install/my_robot_interfaces/local/lib/python3.10/dist-packages/my_robot_interfaces/_my_robot_interfaces_s.ep.rosidl_typesupport_fastrtps_c.c
[1.932s] -- Up-to-date symlink: /home/fog/ros2_ws/install/my_robot_interfaces/local/lib/python3.10/dist-packages/my_robot_interfaces/_my_robot_interfaces_s.ep.rosidl_typesupport_introspection_c.c
[1.932s] -- Up-to-date symlink: /home/fog/ros2_ws/install/my_robot_interfaces/local/lib/python3.10/dist-packages/my_robot_interfaces/libmy_robot_interfaces__rosidl_generator_py.so
[1.932s] -- Up-to-date symlink: /home/fog/ros2_ws/install/my_robot_interfaces/local/lib/python3.10/dist-packages/my_robot_interfaces/msg/__init__.py
[1.932s] -- Up-to-date symlink: /home/fog/ros2_ws/install/my_robot_interfaces/local/lib/python3.10/dist-packages/my_robot_interfaces/msg/_turtle.py
[1.932s] -- Up-to-date symlink: /home/fog/ros2_ws/install/my_robot_interfaces/local/lib/python3.10/dist-packages/my_robot_interfaces/msg/_turtle_array.py
[1.932s] -- Up-to-date symlink: /home/fog/ros2_ws/install/my_robot_interfaces/local/lib/python3.10/dist-packages/my_robot_interfaces/msg/_turtle_array_s.c
[1.932s] -- Up-to-date symlink: /home/fog/ros2_ws/install/my_robot_interfaces/local/lib/python3.10/dist-packages/my_robot_interfaces/msg/_turtle_s.c
[1.933s] -- Up-to-date symlink: /home/fog/ros2_ws/install/my_robot_interfaces/local/lib/python3.10/dist-packages/my_robot_interfaces/msg/_weather.py
[1.933s] -- Up-to-date symlink: /home/fog/ros2_ws/install/my_robot_interfaces/local/lib/python3.10/dist-packages/my_robot_interfaces/msg/_weather_s.c
[1.933s] -- Up-to-date symlink: /home/fog/ros2_ws/install/my_robot_interfaces/local/lib/python3.10/dist-packages/my_robot_interfaces/my_robot_interfaces_s__rosidl_typesupport_c.cpython-310-x86_64-linux-gnu.so
[1.933s] -- Up-to-date symlink: /home/fog/ros2_ws/install/my_robot_interfaces/local/lib/python3.10/dist-packages/my_robot_interfaces/my_robot_interfaces_s__rosidl_typesupport_fastrtps_c.cpython-310-x86_64-linux-gnu.so
[1.933s] -- Up-to-date symlink: /home/fog/ros2_ws/install/my_robot_interfaces/local/lib/python3.10/dist-packages/my_robot_interfaces/my_robot_interfaces_s__rosidl_typesupport_introspection_c.cpython-310-x86_64-linux-gnu.so
[1.933s] -- Up-to-date symlink: /home/fog/ros2_ws/install/my_robot_interfaces/local/lib/python3.10/dist-packages/my_robot_interfaces/srv/__init__.py
[1.933s] -- Up-to-date symlink: /home/fog/ros2_ws/install/my_robot_interfaces/local/lib/python3.10/dist-packages/my_robot_interfaces/srv/_addthree_ints.py
[1.934s] -- Up-to-date symlink: /home/fog/ros2_ws/install/my_robot_interfaces/local/lib/python3.10/dist-packages/my_robot_interfaces/srv/_addthree_ints_s.c
[1.934s] -- Up-to-date symlink: /home/fog/ros2_ws/install/my_robot_interfaces/local/lib/python3.10/dist-packages/my_robot_interfaces/srv/_catch_turtle.py
[1.934s] -- Up-to-date symlink: /home/fog/ros2_ws/install/my_robot_interfaces/local/lib/python3.10/dist-packages/my_robot_interfaces/srv/_catch_turtle_s.c
[1.934s] -- Up-to-date symlink: /home/fog/ros2_ws/install/my_robot_interfaces/local/lib/python3.10/dist-packages/my_robot_interfaces/my_robot_interfaces_s__rosidl_typesupport_fastrtps_c.cpython-310-x86_64-linux-gnu.so
[1.934s] -- Up-to-date symlink: /home/fog/ros2_ws/install/my_robot_interfaces/local/lib/python3.10/dist-packages/my_robot_interfaces/my_robot_interfaces_s__rosidl_typesupport_introspection_c.cpython-310-x86_64-linux-gnu.so
[1.934s] -- Up-to-date symlink: /home/fog/ros2_ws/install/my_robot_interfaces/local/lib/python3.10/dist-packages/my_robot_interfaces/my_robot_interfaces_s__rosidl_typesupport_c.cpython-310-x86_64-linux-gnu.so
[1.934s] -- Up-to-date symlink: /home/fog/ros2_ws/install/my_robot_interfaces/share/ament_index/resource_index/rust_packages/my_robot_interfaces
[1.935s] -- Up-to-date symlink: /home/fog/ros2_ws/install/my_robot_interfaces/share/my_robot_interfaces/rust/Cargo.toml
[1.935s] -- Up-to-date symlink: /home/fog/ros2_ws/install/my_robot_interfaces/share/my_robot_interfaces/rust/build.rs
[1.935s] -- Up-to-date symlink: /home/fog/ros2_ws/install/my_robot_interfaces/share/my_robot_interfaces/rust/src/lib.rs
[1.935s] -- Up-to-date symlink: /home/fog/ros2_ws/install/my_robot_interfaces/share/my_robot_interfaces/rust/src/msg.rs
[1.935s] -- Up-to-date symlink: /home/fog/ros2_ws/install/my_robot_interfaces/share/my_robot_interfaces/rust/src/msg/rmw.rs
[1.935s] -- Up-to-date symlink: /home/fog/ros2_ws/install/my_robot_interfaces/share/my_robot_interfaces/rust/src/srv.rs
[1.935s] -- Up-to-date symlink: /home/fog/ros2_ws/install/my_robot_interfaces/share/my_robot_interfaces/rust/src/srv/rmw.rs
[1.935s] -- Up-to-date symlink: /home/fog/ros2_ws/install/my_robot_interfaces/share/my_robot_interfaces/msg/Weather.idl
[1.936s] -- Up-to-date symlink: /home/fog/ros2_ws/install/my_robot_interfaces/share/my_robot_interfaces/msg/Turtle.idl
[1.936s] -- Up-to-date symlink: /home/fog/ros2_ws/install/my_robot_interfaces/share/my_robot_interfaces/msg/TurtleArray.idl
[1.936s] -- Up-to-date symlink: /home/fog/ros2_ws/install/my_robot_interfaces/share/my_robot_interfaces/srv/AddthreeInts.idl
[1.936s] -- Up-to-date symlink: /home/fog/ros2_ws/install/my_robot_interfaces/share/my_robot_interfaces/srv/CatchTurtle.idl
[1.936s] -- Up-to-date symlink: /home/fog/ros2_ws/install/my_robot_interfaces/share/my_robot_interfaces/msg/Weather.msg
[1.936s] -- Up-to-date symlink: /home/fog/ros2_ws/install/my_robot_interfaces/share/my_robot_interfaces/msg/Turtle.msg
[1.936s] -- Up-to-date symlink: /home/fog/ros2_ws/install/my_robot_interfaces/share/my_robot_interfaces/msg/TurtleArray.msg
[1.937s] -- Up-to-date symlink: /home/fog/ros2_ws/install/my_robot_interfaces/share/my_robot_interfaces/srv/AddthreeInts.srv
[1.937s] -- Up-to-date symlink: /home/fog/ros2_ws/install/my_robot_interfaces/share/my_robot_interfaces/srv/AddthreeInts_Request.msg
[1.937s] -- Up-to-date symlink: /home/fog/ros2_ws/install/my_robot_interfaces/share/my_robot_interfaces/srv/AddthreeInts_Response.msg
[1.937s] -- Up-to-date symlink: /home/fog/ros2_ws/install/my_robot_interfaces/share/my_robot_interfaces/srv/CatchTurtle.srv
[1.937s] -- Up-to-date symlink: /home/fog/ros2_ws/install/my_robot_interfaces/share/my_robot_interfaces/srv/CatchTurtle_Request.msg
[1.937s] -- Up-to-date symlink: /home/fog/ros2_ws/install/my_robot_interfaces/share/my_robot_interfaces/srv/CatchTurtle_Response.msg
[1.938s] -- Up-to-date symlink: /home/fog/ros2_ws/install/my_robot_interfaces/share/ament_index/resource_index/package_run_dependencies/my_robot_interfaces
[1.938s] -- Up-to-date symlink: /home/fog/ros2_ws/install/my_robot_interfaces/share/ament_index/resource_index/parent_prefix_path/my_robot_interfaces
[1.938s] -- Up-to-date symlink: /home/fog/ros2_ws/install/my_robot_interfaces/share/my_robot_interfaces/environment/ament_prefix_path.sh
[1.938s] -- Up-to-date symlink: /home/fog/ros2_ws/install/my_robot_interfaces/share/my_robot_interfaces/environment/ament_prefix_path.dsv
[1.938s] -- Up-to-date symlink: /home/fog/ros2_ws/install/my_robot_interfaces/share/my_robot_interfaces/environment/path.sh
[1.938s] -- Up-to-date symlink: /home/fog/ros2_ws/install/my_robot_interfaces/share/my_robot_interfaces/environment/path.dsv
[1.938s] -- Up-to-date symlink: /home/fog/ros2_ws/install/my_robot_interfaces/share/my_robot_interfaces/local_setup.bash
[1.939s] -- Up-to-date symlink: /home/fog/ros2_ws/install/my_robot_interfaces/share/my_robot_interfaces/local_setup.sh
[1.939s] -- Up-to-date symlink: /home/fog/ros2_ws/install/my_robot_interfaces/share/my_robot_interfaces/local_setup.zsh
[1.939s] -- Up-to-date symlink: /home/fog/ros2_ws/install/my_robot_interfaces/share/my_robot_interfaces/local_setup.dsv
[1.939s] -- Symlinking: /home/fog/ros2_ws/install/my_robot_interfaces/share/my_robot_interfaces/package.dsv
[1.952s] -- Up-to-date symlink: /home/fog/ros2_ws/install/my_robot_interfaces/share/ament_index/resource_index/packages/my_robot_interfaces
[1.952s] -- Up-to-date symlink: /home/fog/ros2_ws/install/my_robot_interfaces/share/my_robot_interfaces/cmake/rosidl_cmake-extras.cmake
[1.952s] -- Up-to-date symlink: /home/fog/ros2_ws/install/my_robot_interfaces/share/my_robot_interfaces/cmake/ament_cmake_export_include_directories-extras.cmake
[1.952s] -- Up-to-date symlink: /home/fog/ros2_ws/install/my_robot_interfaces/share/my_robot_interfaces/cmake/ament_cmake_export_libraries-extras.cmake
[1.952s] -- Up-to-date symlink: /home/fog/ros2_ws/install/my_robot_interfaces/share/my_robot_interfaces/cmake/ament_cmake_export_targets-extras.cmake
[1.952s] -- Up-to-date symlink: /home/fog/ros2_ws/install/my_robot_interfaces/share/my_robot_interfaces/cmake/rosidl_cmake_export_typesupport_targets-extras.cmake
[1.952s] -- Up-to-date symlink: /home/fog/ros2_ws/install/my_robot_interfaces/share/my_robot_interfaces/cmake/ament_cmake_export_dependencies-extras.cmake
[1.953s] -- Up-to-date symlink: /home/fog/ros2_ws/install/my_robot_interfaces/share/my_robot_interfaces/cmake/rosidl_cmake_export_typesupport_libraries-extras.cmake
[1.953s] -- Up-to-date symlink: /home/fog/ros2_ws/install/my_robot_interfaces/share/my_robot_interfaces/cmake/my_robot_interfacesConfig.cmake
[1.953s] -- Up-to-date symlink: /home/fog/ros2_ws/install/my_robot_interfaces/share/my_robot_interfaces/cmake/my_robot_interfacesConfig-version.cmake
[1.953s] -- Up-to-date symlink: /home/fog/ros2_ws/install/my_robot_interfaces/share/my_robot_interfaces/package.xml
[1.953s] -- Up-to-date: /home/fog/ros2_ws/install/my_robot_interfaces/lib/libmy_robot_interfaces__rosidl_generator_c.so
[1.953s] -- Up-to-date: /home/fog/ros2_ws/install/my_robot_interfaces/lib/libmy_robot_interfaces__rosidl_typesupport_fastrtps_c.so
[1.954s] -- Up-to-date: /home/fog/ros2_ws/install/my_robot_interfaces/lib/libmy_robot_interfaces__rosidl_typesupport_introspection_c.so
[1.954s] -- Up-to-date: /home/fog/ros2_ws/install/my_robot_interfaces/lib/libmy_robot_interfaces__rosidl_typesupport_c.so
[1.954s] -- Up-to-date: /home/fog/ros2_ws/install/my_robot_interfaces/lib/libmy_robot_interfaces__rosidl_typesupport_fastrtps_cpp.so
[1.955s] -- Up-to-date: /home/fog/ros2_ws/install/my_robot_interfaces/lib/libmy_robot_interfaces__rosidl_typesupport_introspection_cpp.so
[1.955s] -- Up-to-date: /home/fog/ros2_ws/install/my_robot_interfaces/lib/libmy_robot_interfaces__rosidl_typesupport_cpp.so
[1.992s] Listing '/home/fog/ros2_ws/install/my_robot_interfaces/local/lib/python3.10/dist-packages/my_robot_interfaces'...
[1.992s] Compiling '/home/fog/ros2_ws/install/my_robot_interfaces/local/lib/python3.10/dist-packages/my_robot_interfaces/__init__.py'...
[1.992s] Listing '/home/fog/ros2_ws/install/my_robot_interfaces/local/lib/python3.10/dist-packages/my_robot_interfaces/msg'...
[1.992s] Listing '/home/fog/ros2_ws/install/my_robot_interfaces/local/lib/python3.10/dist-packages/my_robot_interfaces/srv'...
[1.996s] -- Up-to-date: /home/fog/ros2_ws/install/my_robot_interfaces/lib/libmy_robot_interfaces__rosidl_generator_py.so
[1.996s] -- Up-to-date: /home/fog/ros2_ws/install/my_robot_interfaces/share/my_robot_interfaces/cmake/export_my_robot_interfaces__rosidl_generator_cExport.cmake
[1.996s] -- Up-to-date: /home/fog/ros2_ws/install/my_robot_interfaces/share/my_robot_interfaces/cmake/export_my_robot_interfaces__rosidl_generator_cExport-noconfig.cmake
[1.996s] -- Up-to-date: /home/fog/ros2_ws/install/my_robot_interfaces/share/my_robot_interfaces/cmake/export_my_robot_interfaces__rosidl_typesupport_fastrtps_cExport.cmake
[1.996s] -- Up-to-date: /home/fog/ros2_ws/install/my_robot_interfaces/share/my_robot_interfaces/cmake/export_my_robot_interfaces__rosidl_typesupport_fastrtps_cExport-noconfig.cmake
[1.997s] -- Up-to-date: /home/fog/ros2_ws/install/my_robot_interfaces/share/my_robot_interfaces/cmake/my_robot_interfaces__rosidl_typesupport_introspection_cExport.cmake
[1.997s] -- Up-to-date: /home/fog/ros2_ws/install/my_robot_interfaces/share/my_robot_interfaces/cmake/my_robot_interfaces__rosidl_typesupport_introspection_cExport-noconfig.cmake
[1.997s] -- Up-to-date: /home/fog/ros2_ws/install/my_robot_interfaces/share/my_robot_interfaces/cmake/my_robot_interfaces__rosidl_typesupport_cExport.cmake
[1.997s] -- Up-to-date: /home/fog/ros2_ws/install/my_robot_interfaces/share/my_robot_interfaces/cmake/my_robot_interfaces__rosidl_typesupport_cExport-noconfig.cmake
[1.997s] -- Up-to-date: /home/fog/ros2_ws/install/my_robot_interfaces/share/my_robot_interfaces/cmake/export_my_robot_interfaces__rosidl_generator_cppExport.cmake
[1.997s] -- Up-to-date: /home/fog/ros2_ws/install/my_robot_interfaces/share/my_robot_interfaces/cmake/export_my_robot_interfaces__rosidl_typesupport_fastrtps_cppExport.cmake
[1.998s] -- Up-to-date: /home/fog/ros2_ws/install/my_robot_interfaces/share/my_robot_interfaces/cmake/export_my_robot_interfaces__rosidl_typesupport_fastrtps_cppExport-noconfig.cmake
[1.998s] -- Up-to-date: /home/fog/ros2_ws/install/my_robot_interfaces/share/my_robot_interfaces/cmake/my_robot_interfaces__rosidl_typesupport_introspection_cppExport.cmake
[1.998s] -- Up-to-date: /home/fog/ros2_ws/install/my_robot_interfaces/share/my_robot_interfaces/cmake/my_robot_interfaces__rosidl_typesupport_introspection_cppExport-noconfig.cmake
[1.998s] -- Up-to-date: /home/fog/ros2_ws/install/my_robot_interfaces/share/my_robot_interfaces/cmake/my_robot_interfaces__rosidl_typesupport_cppExport.cmake
[1.998s] -- Up-to-date: /home/fog/ros2_ws/install/my_robot_interfaces/share/my_robot_interfaces/cmake/my_robot_interfaces__rosidl_typesupport_cppExport-noconfig.cmake
[1.998s] -- Up-to-date: /home/fog/ros2_ws/install/my_robot_interfaces/share/my_robot_interfaces/cmake/export_my_robot_interfaces__rosidl_generator_pyExport.cmake
[1.998s] -- Up-to-date: /home/fog/ros2_ws/install/my_robot_interfaces/share/my_robot_interfaces/cmake/export_my_robot_interfaces__rosidl_generator_pyExport-noconfig.cmake
[2.002s] Invoked command in '/home/fog/ros2_ws/build/my_robot_interfaces' returned '0': CMAKE_PREFIX_PATH=/opt/ros/humble /usr/bin/cmake --install /home/fog/ros2_ws/build/my_robot_interfaces
