[0.612s] Invoking command in '/home/fog/ros2_ws/build/my_py_pkg': PYTHONPATH=/home/fog/ros2_ws/build/my_py_pkg/prefix_override:/usr/lib/python3/dist-packages/colcon_core/task/python/colcon_distutils_commands:/home/fog/ros2_ws/install/my_py_pkg/lib/python3.10/site-packages:${PYTHONPATH} /usr/bin/python3 -W ignore:setup.py install is deprecated -W ignore:easy_install command is deprecated setup.py develop --editable --build-directory /home/fog/ros2_ws/build/my_py_pkg/build --no-deps symlink_data --force
[0.861s] running develop
[1.016s] running egg_info
[1.016s] writing my_py_pkg.egg-info/PKG-INFO
[1.016s] writing dependency_links to my_py_pkg.egg-info/dependency_links.txt
[1.017s] writing entry points to my_py_pkg.egg-info/entry_points.txt
[1.017s] writing requirements to my_py_pkg.egg-info/requires.txt
[1.017s] writing top-level names to my_py_pkg.egg-info/top_level.txt
[1.019s] reading manifest file 'my_py_pkg.egg-info/SOURCES.txt'
[1.020s] writing manifest file 'my_py_pkg.egg-info/SOURCES.txt'
[1.021s] running build_ext
[1.021s] Creating /home/fog/ros2_ws/install/my_py_pkg/lib/python3.10/site-packages/my-py-pkg.egg-link (link to .)
[1.022s] Installing add_three_ints_server script to /home/fog/ros2_ws/install/my_py_pkg/lib/my_py_pkg
[1.022s] Installing add_two_ints_client script to /home/fog/ros2_ws/install/my_py_pkg/lib/my_py_pkg
[1.022s] Installing add_two_ints_server script to /home/fog/ros2_ws/install/my_py_pkg/lib/my_py_pkg
[1.022s] Installing number_count script to /home/fog/ros2_ws/install/my_py_pkg/lib/my_py_pkg
[1.022s] Installing number_pub script to /home/fog/ros2_ws/install/my_py_pkg/lib/my_py_pkg
[1.022s] Installing robot_pub script to /home/fog/ros2_ws/install/my_py_pkg/lib/my_py_pkg
[1.023s] Installing robot_sub script to /home/fog/ros2_ws/install/my_py_pkg/lib/my_py_pkg
[1.023s] Installing weather_show_pub script to /home/fog/ros2_ws/install/my_py_pkg/lib/my_py_pkg
[1.023s] 
[1.023s] Installed /home/fog/ros2_ws/build/my_py_pkg
[1.023s] running symlink_data
[1.023s] symbolically linking /home/fog/ros2_ws/build/my_py_pkg/resource/my_py_pkg -> /home/fog/ros2_ws/install/my_py_pkg/share/ament_index/resource_index/packages
[1.023s] symbolically linking /home/fog/ros2_ws/build/my_py_pkg/package.xml -> /home/fog/ros2_ws/install/my_py_pkg/share/my_py_pkg
[1.045s] Invoked command in '/home/fog/ros2_ws/build/my_py_pkg' returned '0': PYTHONPATH=/home/fog/ros2_ws/build/my_py_pkg/prefix_override:/usr/lib/python3/dist-packages/colcon_core/task/python/colcon_distutils_commands:/home/fog/ros2_ws/install/my_py_pkg/lib/python3.10/site-packages:${PYTHONPATH} /usr/bin/python3 -W ignore:setup.py install is deprecated -W ignore:easy_install command is deprecated setup.py develop --editable --build-directory /home/fog/ros2_ws/build/my_py_pkg/build --no-deps symlink_data --force
