[0.616s] Invoking command in '/home/fog/ros2_ws/build/turtlesim_catch_sim': AMENT_PREFIX_PATH=/home/fog/ros2_ws/install/my_robot_interfaces:${AMENT_PREFIX_PATH} CMAKE_PREFIX_PATH=/home/fog/ros2_ws/install/my_robot_interfaces LD_LIBRARY_PATH=/home/fog/ros2_ws/install/my_robot_interfaces/lib:/usr/lib/x86_64-linux-gnu/gazebo-11/plugins:/opt/ros/humble/opt/rviz_ogre_vendor/lib:/opt/ros/humble/lib/x86_64-linux-gnu:/opt/ros/humble/lib:/usr/share/gazebo/../../lib/x86_64-linux-gnu/gazebo-11/plugins PYTHONPATH=/home/fog/ros2_ws/build/turtlesim_catch_sim/prefix_override:/usr/lib/python3/dist-packages/colcon_core/task/python/colcon_distutils_commands:/home/fog/ros2_ws/install/turtlesim_catch_sim/lib/python3.10/site-packages:/home/fog/ros2_ws/install/my_robot_interfaces/local/lib/python3.10/dist-packages:${PYTHONPATH} /usr/bin/python3 -W ignore:setup.py install is deprecated -W ignore:easy_install command is deprecated setup.py develop --editable --build-directory /home/fog/ros2_ws/build/turtlesim_catch_sim/build --no-deps symlink_data --force
[0.867s] running develop
[1.021s] running egg_info
[1.021s] writing turtlesim_catch_sim.egg-info/PKG-INFO
[1.021s] writing dependency_links to turtlesim_catch_sim.egg-info/dependency_links.txt
[1.022s] writing entry points to turtlesim_catch_sim.egg-info/entry_points.txt
[1.022s] writing requirements to turtlesim_catch_sim.egg-info/requires.txt
[1.022s] writing top-level names to turtlesim_catch_sim.egg-info/top_level.txt
[1.024s] reading manifest file 'turtlesim_catch_sim.egg-info/SOURCES.txt'
[1.024s] writing manifest file 'turtlesim_catch_sim.egg-info/SOURCES.txt'
[1.026s] running build_ext
[1.026s] Creating /home/fog/ros2_ws/install/turtlesim_catch_sim/lib/python3.10/site-packages/turtlesim-catch-sim.egg-link (link to .)
[1.026s] Installing turtle_controller_node script to /home/fog/ros2_ws/install/turtlesim_catch_sim/lib/turtlesim_catch_sim
[1.026s] Installing turtle_spawner_node script to /home/fog/ros2_ws/install/turtlesim_catch_sim/lib/turtlesim_catch_sim
[1.027s] 
[1.027s] Installed /home/fog/ros2_ws/build/turtlesim_catch_sim
[1.027s] running symlink_data
[1.027s] symbolically linking /home/fog/ros2_ws/build/turtlesim_catch_sim/resource/turtlesim_catch_sim -> /home/fog/ros2_ws/install/turtlesim_catch_sim/share/ament_index/resource_index/packages
[1.027s] symbolically linking /home/fog/ros2_ws/build/turtlesim_catch_sim/package.xml -> /home/fog/ros2_ws/install/turtlesim_catch_sim/share/turtlesim_catch_sim
[1.047s] Invoked command in '/home/fog/ros2_ws/build/turtlesim_catch_sim' returned '0': AMENT_PREFIX_PATH=/home/fog/ros2_ws/install/my_robot_interfaces:${AMENT_PREFIX_PATH} CMAKE_PREFIX_PATH=/home/fog/ros2_ws/install/my_robot_interfaces LD_LIBRARY_PATH=/home/fog/ros2_ws/install/my_robot_interfaces/lib:/usr/lib/x86_64-linux-gnu/gazebo-11/plugins:/opt/ros/humble/opt/rviz_ogre_vendor/lib:/opt/ros/humble/lib/x86_64-linux-gnu:/opt/ros/humble/lib:/usr/share/gazebo/../../lib/x86_64-linux-gnu/gazebo-11/plugins PYTHONPATH=/home/fog/ros2_ws/build/turtlesim_catch_sim/prefix_override:/usr/lib/python3/dist-packages/colcon_core/task/python/colcon_distutils_commands:/home/fog/ros2_ws/install/turtlesim_catch_sim/lib/python3.10/site-packages:/home/fog/ros2_ws/install/my_robot_interfaces/local/lib/python3.10/dist-packages:${PYTHONPATH} /usr/bin/python3 -W ignore:setup.py install is deprecated -W ignore:easy_install command is deprecated setup.py develop --editable --build-directory /home/fog/ros2_ws/build/turtlesim_catch_sim/build --no-deps symlink_data --force
