[0.016s] Invoking command in '/home/fog/ros2_ws/build/my_robot_bringup': AMENT_PREFIX_PATH=/home/fog/ros2_ws/install/my_py_pkg:${AMENT_PREFIX_PATH} CMAKE_PREFIX_PATH=/opt/ros/humble PYTHONPATH=/home/fog/ros2_ws/build/my_py_pkg:/home/fog/ros2_ws/install/my_py_pkg/lib/python3.10/site-packages:${PYTHONPATH} /usr/bin/cmake --build /home/fog/ros2_ws/build/my_robot_bringup -- -j16 -l16
[0.075s] Invoked command in '/home/fog/ros2_ws/build/my_robot_bringup' returned '0': AMENT_PREFIX_PATH=/home/fog/ros2_ws/install/my_py_pkg:${AMENT_PREFIX_PATH} CMAKE_PREFIX_PATH=/opt/ros/humble PYTHONPATH=/home/fog/ros2_ws/build/my_py_pkg:/home/fog/ros2_ws/install/my_py_pkg/lib/python3.10/site-packages:${PYTHONPATH} /usr/bin/cmake --build /home/fog/ros2_ws/build/my_robot_bringup -- -j16 -l16
[0.079s] Invoking command in '/home/fog/ros2_ws/build/my_robot_bringup': AMENT_PREFIX_PATH=/home/fog/ros2_ws/install/my_py_pkg:${AMENT_PREFIX_PATH} CMAKE_PREFIX_PATH=/opt/ros/humble PYTHONPATH=/home/fog/ros2_ws/build/my_py_pkg:/home/fog/ros2_ws/install/my_py_pkg/lib/python3.10/site-packages:${PYTHONPATH} /usr/bin/cmake --install /home/fog/ros2_ws/build/my_robot_bringup
[0.091s] -- Install configuration: ""
[0.092s] -- Execute custom install script
[0.092s] -- Up-to-date symlink: /home/fog/ros2_ws/install/my_robot_bringup/share/my_robot_bringup//launch/number_app.launch.py
[0.093s] -- Up-to-date symlink: /home/fog/ros2_ws/install/my_robot_bringup/share/my_robot_bringup//launch/number_app.launch.xml
[0.093s] -- Up-to-date symlink: /home/fog/ros2_ws/install/my_robot_bringup/share/my_robot_bringup//launch/number_app_from_py.launch.xml
[0.093s] -- Up-to-date symlink: /home/fog/ros2_ws/install/my_robot_bringup/share/my_robot_bringup//config/number_app.yaml
[0.094s] -- Up-to-date symlink: /home/fog/ros2_ws/install/my_robot_bringup/share/ament_index/resource_index/package_run_dependencies/my_robot_bringup
[0.094s] -- Up-to-date symlink: /home/fog/ros2_ws/install/my_robot_bringup/share/ament_index/resource_index/parent_prefix_path/my_robot_bringup
[0.094s] -- Up-to-date symlink: /home/fog/ros2_ws/install/my_robot_bringup/share/my_robot_bringup/environment/ament_prefix_path.sh
[0.095s] -- Up-to-date symlink: /home/fog/ros2_ws/install/my_robot_bringup/share/my_robot_bringup/environment/ament_prefix_path.dsv
[0.095s] -- Up-to-date symlink: /home/fog/ros2_ws/install/my_robot_bringup/share/my_robot_bringup/environment/path.sh
[0.095s] -- Up-to-date symlink: /home/fog/ros2_ws/install/my_robot_bringup/share/my_robot_bringup/environment/path.dsv
[0.095s] -- Up-to-date symlink: /home/fog/ros2_ws/install/my_robot_bringup/share/my_robot_bringup/local_setup.bash
[0.095s] -- Up-to-date symlink: /home/fog/ros2_ws/install/my_robot_bringup/share/my_robot_bringup/local_setup.sh
[0.095s] -- Up-to-date symlink: /home/fog/ros2_ws/install/my_robot_bringup/share/my_robot_bringup/local_setup.zsh
[0.095s] -- Up-to-date symlink: /home/fog/ros2_ws/install/my_robot_bringup/share/my_robot_bringup/local_setup.dsv
[0.095s] -- Symlinking: /home/fog/ros2_ws/install/my_robot_bringup/share/my_robot_bringup/package.dsv
[0.111s] -- Up-to-date symlink: /home/fog/ros2_ws/install/my_robot_bringup/share/ament_index/resource_index/packages/my_robot_bringup
[0.111s] -- Up-to-date symlink: /home/fog/ros2_ws/install/my_robot_bringup/share/my_robot_bringup/cmake/my_robot_bringupConfig.cmake
[0.111s] -- Up-to-date symlink: /home/fog/ros2_ws/install/my_robot_bringup/share/my_robot_bringup/cmake/my_robot_bringupConfig-version.cmake
[0.111s] -- Up-to-date symlink: /home/fog/ros2_ws/install/my_robot_bringup/share/my_robot_bringup/package.xml
[0.115s] Invoked command in '/home/fog/ros2_ws/build/my_robot_bringup' returned '0': AMENT_PREFIX_PATH=/home/fog/ros2_ws/install/my_py_pkg:${AMENT_PREFIX_PATH} CMAKE_PREFIX_PATH=/opt/ros/humble PYTHONPATH=/home/fog/ros2_ws/build/my_py_pkg:/home/fog/ros2_ws/install/my_py_pkg/lib/python3.10/site-packages:${PYTHONPATH} /usr/bin/cmake --install /home/fog/ros2_ws/build/my_robot_bringup
