running develop
Removing /home/fog/ros2_ws/install/my_py_pkg/lib/python3.10/site-packages/my-py-pkg.egg-link (link to .)
running egg_info
writing ../../build/my_py_pkg/my_py_pkg.egg-info/PKG-INFO
writing dependency_links to ../../build/my_py_pkg/my_py_pkg.egg-info/dependency_links.txt
writing entry points to ../../build/my_py_pkg/my_py_pkg.egg-info/entry_points.txt
writing requirements to ../../build/my_py_pkg/my_py_pkg.egg-info/requires.txt
writing top-level names to ../../build/my_py_pkg/my_py_pkg.egg-info/top_level.txt
reading manifest file '../../build/my_py_pkg/my_py_pkg.egg-info/SOURCES.txt'
writing manifest file '../../build/my_py_pkg/my_py_pkg.egg-info/SOURCES.txt'
running build
running build_py
creating /home/fog/ros2_ws/build/my_py_pkg/build
creating /home/fog/ros2_ws/build/my_py_pkg/build/lib
creating /home/fog/ros2_ws/build/my_py_pkg/build/lib/my_py_pkg
copying my_py_pkg/number_count.py -> /home/fog/ros2_ws/build/my_py_pkg/build/lib/my_py_pkg
copying my_py_pkg/__init__.py -> /home/fog/ros2_ws/build/my_py_pkg/build/lib/my_py_pkg
copying my_py_pkg/model_node.py -> /home/fog/ros2_ws/build/my_py_pkg/build/lib/my_py_pkg
copying my_py_pkg/add_two_ints_client.py -> /home/fog/ros2_ws/build/my_py_pkg/build/lib/my_py_pkg
copying my_py_pkg/add_two_ints_server.py -> /home/fog/ros2_ws/build/my_py_pkg/build/lib/my_py_pkg
copying my_py_pkg/robot_sub.py -> /home/fog/ros2_ws/build/my_py_pkg/build/lib/my_py_pkg
copying my_py_pkg/weather_show.py -> /home/fog/ros2_ws/build/my_py_pkg/build/lib/my_py_pkg
copying my_py_pkg/number_pub.py -> /home/fog/ros2_ws/build/my_py_pkg/build/lib/my_py_pkg
copying my_py_pkg/add_three_ints_server.py -> /home/fog/ros2_ws/build/my_py_pkg/build/lib/my_py_pkg
copying my_py_pkg/robot_pub.py -> /home/fog/ros2_ws/build/my_py_pkg/build/lib/my_py_pkg
running install
running install_lib
creating /home/fog/ros2_ws/install/my_py_pkg/lib/python3.10/site-packages/my_py_pkg
copying /home/fog/ros2_ws/build/my_py_pkg/build/lib/my_py_pkg/number_count.py -> /home/fog/ros2_ws/install/my_py_pkg/lib/python3.10/site-packages/my_py_pkg
copying /home/fog/ros2_ws/build/my_py_pkg/build/lib/my_py_pkg/__init__.py -> /home/fog/ros2_ws/install/my_py_pkg/lib/python3.10/site-packages/my_py_pkg
copying /home/fog/ros2_ws/build/my_py_pkg/build/lib/my_py_pkg/model_node.py -> /home/fog/ros2_ws/install/my_py_pkg/lib/python3.10/site-packages/my_py_pkg
copying /home/fog/ros2_ws/build/my_py_pkg/build/lib/my_py_pkg/add_two_ints_client.py -> /home/fog/ros2_ws/install/my_py_pkg/lib/python3.10/site-packages/my_py_pkg
copying /home/fog/ros2_ws/build/my_py_pkg/build/lib/my_py_pkg/add_two_ints_server.py -> /home/fog/ros2_ws/install/my_py_pkg/lib/python3.10/site-packages/my_py_pkg
copying /home/fog/ros2_ws/build/my_py_pkg/build/lib/my_py_pkg/robot_sub.py -> /home/fog/ros2_ws/install/my_py_pkg/lib/python3.10/site-packages/my_py_pkg
copying /home/fog/ros2_ws/build/my_py_pkg/build/lib/my_py_pkg/weather_show.py -> /home/fog/ros2_ws/install/my_py_pkg/lib/python3.10/site-packages/my_py_pkg
copying /home/fog/ros2_ws/build/my_py_pkg/build/lib/my_py_pkg/number_pub.py -> /home/fog/ros2_ws/install/my_py_pkg/lib/python3.10/site-packages/my_py_pkg
copying /home/fog/ros2_ws/build/my_py_pkg/build/lib/my_py_pkg/add_three_ints_server.py -> /home/fog/ros2_ws/install/my_py_pkg/lib/python3.10/site-packages/my_py_pkg
copying /home/fog/ros2_ws/build/my_py_pkg/build/lib/my_py_pkg/robot_pub.py -> /home/fog/ros2_ws/install/my_py_pkg/lib/python3.10/site-packages/my_py_pkg
byte-compiling /home/fog/ros2_ws/install/my_py_pkg/lib/python3.10/site-packages/my_py_pkg/number_count.py to number_count.cpython-310.pyc
byte-compiling /home/fog/ros2_ws/install/my_py_pkg/lib/python3.10/site-packages/my_py_pkg/__init__.py to __init__.cpython-310.pyc
byte-compiling /home/fog/ros2_ws/install/my_py_pkg/lib/python3.10/site-packages/my_py_pkg/model_node.py to model_node.cpython-310.pyc
byte-compiling /home/fog/ros2_ws/install/my_py_pkg/lib/python3.10/site-packages/my_py_pkg/add_two_ints_client.py to add_two_ints_client.cpython-310.pyc
byte-compiling /home/fog/ros2_ws/install/my_py_pkg/lib/python3.10/site-packages/my_py_pkg/add_two_ints_server.py to add_two_ints_server.cpython-310.pyc
byte-compiling /home/fog/ros2_ws/install/my_py_pkg/lib/python3.10/site-packages/my_py_pkg/robot_sub.py to robot_sub.cpython-310.pyc
byte-compiling /home/fog/ros2_ws/install/my_py_pkg/lib/python3.10/site-packages/my_py_pkg/weather_show.py to weather_show.cpython-310.pyc
byte-compiling /home/fog/ros2_ws/install/my_py_pkg/lib/python3.10/site-packages/my_py_pkg/number_pub.py to number_pub.cpython-310.pyc
byte-compiling /home/fog/ros2_ws/install/my_py_pkg/lib/python3.10/site-packages/my_py_pkg/add_three_ints_server.py to add_three_ints_server.cpython-310.pyc
byte-compiling /home/fog/ros2_ws/install/my_py_pkg/lib/python3.10/site-packages/my_py_pkg/robot_pub.py to robot_pub.cpython-310.pyc
running install_data
copying resource/my_py_pkg -> /home/fog/ros2_ws/install/my_py_pkg/share/ament_index/resource_index/packages
copying package.xml -> /home/fog/ros2_ws/install/my_py_pkg/share/my_py_pkg
running install_egg_info
Copying ../../build/my_py_pkg/my_py_pkg.egg-info to /home/fog/ros2_ws/install/my_py_pkg/lib/python3.10/site-packages/my_py_pkg-0.0.0-py3.10.egg-info
running install_scripts
Installing add_three_ints_server script to /home/fog/ros2_ws/install/my_py_pkg/lib/my_py_pkg
Installing add_two_ints_client script to /home/fog/ros2_ws/install/my_py_pkg/lib/my_py_pkg
Installing add_two_ints_server script to /home/fog/ros2_ws/install/my_py_pkg/lib/my_py_pkg
Installing number_count script to /home/fog/ros2_ws/install/my_py_pkg/lib/my_py_pkg
Installing number_pub script to /home/fog/ros2_ws/install/my_py_pkg/lib/my_py_pkg
Installing robot_pub script to /home/fog/ros2_ws/install/my_py_pkg/lib/my_py_pkg
Installing robot_sub script to /home/fog/ros2_ws/install/my_py_pkg/lib/my_py_pkg
Installing weather_show_pub script to /home/fog/ros2_ws/install/my_py_pkg/lib/my_py_pkg
writing list of installed files to '/home/fog/ros2_ws/build/my_py_pkg/install.log'
