[0.026s] Invoking command in '/home/fog/rob_ws/build/three_car_description': CMAKE_PREFIX_PATH=${CMAKE_PREFIX_PATH}:/opt/ros/humble /usr/bin/cmake --build /home/fog/rob_ws/build/three_car_description -- -j16 -l16
[0.084s] Invoked command in '/home/fog/rob_ws/build/three_car_description' returned '0': CMAKE_PREFIX_PATH=${CMAKE_PREFIX_PATH}:/opt/ros/humble /usr/bin/cmake --build /home/fog/rob_ws/build/three_car_description -- -j16 -l16
[0.097s] Invoking command in '/home/fog/rob_ws/build/three_car_description': CMAKE_PREFIX_PATH=${CMAKE_PREFIX_PATH}:/opt/ros/humble /usr/bin/cmake --install /home/fog/rob_ws/build/three_car_description
[0.107s] -- Install configuration: ""
[0.108s] -- Execute custom install script
[0.108s] -- Up-to-date symlink: /home/fog/rob_ws/install/three_car_description/share/three_car_description//urdf/common_properties.xacro
[0.108s] -- Up-to-date symlink: /home/fog/rob_ws/install/three_car_description/share/three_car_description//urdf/mobile_base.xacro
[0.109s] -- Up-to-date symlink: /home/fog/rob_ws/install/three_car_description/share/three_car_description//urdf/three_car.urdf.xacro
[0.109s] -- Up-to-date symlink: /home/fog/rob_ws/install/three_car_description/share/three_car_description//launch/display.launch.xml
[0.109s] -- Up-to-date symlink: /home/fog/rob_ws/install/three_car_description/share/three_car_description//rviz/model.rviz
[0.110s] -- Up-to-date symlink: /home/fog/rob_ws/install/three_car_description/share/ament_index/resource_index/package_run_dependencies/three_car_description
[0.111s] -- Up-to-date symlink: /home/fog/rob_ws/install/three_car_description/share/ament_index/resource_index/parent_prefix_path/three_car_description
[0.111s] -- Up-to-date symlink: /home/fog/rob_ws/install/three_car_description/share/three_car_description/environment/ament_prefix_path.sh
[0.111s] -- Up-to-date symlink: /home/fog/rob_ws/install/three_car_description/share/three_car_description/environment/ament_prefix_path.dsv
[0.111s] -- Up-to-date symlink: /home/fog/rob_ws/install/three_car_description/share/three_car_description/environment/path.sh
[0.111s] -- Up-to-date symlink: /home/fog/rob_ws/install/three_car_description/share/three_car_description/environment/path.dsv
[0.111s] -- Up-to-date symlink: /home/fog/rob_ws/install/three_car_description/share/three_car_description/local_setup.bash
[0.112s] -- Up-to-date symlink: /home/fog/rob_ws/install/three_car_description/share/three_car_description/local_setup.sh
[0.112s] -- Up-to-date symlink: /home/fog/rob_ws/install/three_car_description/share/three_car_description/local_setup.zsh
[0.112s] -- Up-to-date symlink: /home/fog/rob_ws/install/three_car_description/share/three_car_description/local_setup.dsv
[0.112s] -- Symlinking: /home/fog/rob_ws/install/three_car_description/share/three_car_description/package.dsv
[0.128s] -- Up-to-date symlink: /home/fog/rob_ws/install/three_car_description/share/ament_index/resource_index/packages/three_car_description
[0.128s] -- Up-to-date symlink: /home/fog/rob_ws/install/three_car_description/share/three_car_description/cmake/three_car_descriptionConfig.cmake
[0.128s] -- Up-to-date symlink: /home/fog/rob_ws/install/three_car_description/share/three_car_description/cmake/three_car_descriptionConfig-version.cmake
[0.128s] -- Up-to-date symlink: /home/fog/rob_ws/install/three_car_description/share/three_car_description/package.xml
[0.131s] Invoked command in '/home/fog/rob_ws/build/three_car_description' returned '0': CMAKE_PREFIX_PATH=${CMAKE_PREFIX_PATH}:/opt/ros/humble /usr/bin/cmake --install /home/fog/rob_ws/build/three_car_description
