[0.018s] Invoking command in '/home/fog/rob_ws/build/three_car_bringup': CMAKE_PREFIX_PATH=${CMAKE_PREFIX_PATH}:/opt/ros/humble /usr/bin/cmake --build /home/fog/rob_ws/build/three_car_bringup -- -j16 -l16
[0.074s] Invoked command in '/home/fog/rob_ws/build/three_car_bringup' returned '0': CMAKE_PREFIX_PATH=${CMAKE_PREFIX_PATH}:/opt/ros/humble /usr/bin/cmake --build /home/fog/rob_ws/build/three_car_bringup -- -j16 -l16
[0.088s] Invoking command in '/home/fog/rob_ws/build/three_car_bringup': CMAKE_PREFIX_PATH=${CMAKE_PREFIX_PATH}:/opt/ros/humble /usr/bin/cmake --install /home/fog/rob_ws/build/three_car_bringup
[0.097s] -- Install configuration: ""
[0.097s] -- Up-to-date: /home/fog/rob_ws/install/three_car_bringup/share/three_car_bringup//launch
[0.098s] -- Installing: /home/fog/rob_ws/install/three_car_bringup/share/three_car_bringup//launch/three_car_gazebo.launch.xml
[0.098s] -- Up-to-date: /home/fog/rob_ws/install/three_car_bringup/share/ament_index/resource_index/package_run_dependencies/three_car_bringup
[0.098s] -- Up-to-date: /home/fog/rob_ws/install/three_car_bringup/share/ament_index/resource_index/parent_prefix_path/three_car_bringup
[0.098s] -- Up-to-date: /home/fog/rob_ws/install/three_car_bringup/share/three_car_bringup/environment/ament_prefix_path.sh
[0.098s] -- Up-to-date: /home/fog/rob_ws/install/three_car_bringup/share/three_car_bringup/environment/ament_prefix_path.dsv
[0.099s] -- Up-to-date: /home/fog/rob_ws/install/three_car_bringup/share/three_car_bringup/environment/path.sh
[0.099s] -- Up-to-date: /home/fog/rob_ws/install/three_car_bringup/share/three_car_bringup/environment/path.dsv
[0.099s] -- Up-to-date: /home/fog/rob_ws/install/three_car_bringup/share/three_car_bringup/local_setup.bash
[0.099s] -- Up-to-date: /home/fog/rob_ws/install/three_car_bringup/share/three_car_bringup/local_setup.sh
[0.099s] -- Up-to-date: /home/fog/rob_ws/install/three_car_bringup/share/three_car_bringup/local_setup.zsh
[0.099s] -- Up-to-date: /home/fog/rob_ws/install/three_car_bringup/share/three_car_bringup/local_setup.dsv
[0.099s] -- Up-to-date: /home/fog/rob_ws/install/three_car_bringup/share/three_car_bringup/package.dsv
[0.100s] -- Up-to-date: /home/fog/rob_ws/install/three_car_bringup/share/ament_index/resource_index/packages/three_car_bringup
[0.100s] -- Up-to-date: /home/fog/rob_ws/install/three_car_bringup/share/three_car_bringup/cmake/three_car_bringupConfig.cmake
[0.100s] -- Up-to-date: /home/fog/rob_ws/install/three_car_bringup/share/three_car_bringup/cmake/three_car_bringupConfig-version.cmake
[0.100s] -- Up-to-date: /home/fog/rob_ws/install/three_car_bringup/share/three_car_bringup/package.xml
[0.102s] Invoked command in '/home/fog/rob_ws/build/three_car_bringup' returned '0': CMAKE_PREFIX_PATH=${CMAKE_PREFIX_PATH}:/opt/ros/humble /usr/bin/cmake --install /home/fog/rob_ws/build/three_car_bringup
