[0.025s] Invoking command in '/home/fog/rob_ws/build/three_car_bringup': CMAKE_PREFIX_PATH=${CMAKE_PREFIX_PATH}:/opt/ros/humble /usr/bin/cmake --build /home/fog/rob_ws/build/three_car_bringup -- -j16 -l16
[0.176s] Invoked command in '/home/fog/rob_ws/build/three_car_bringup' returned '0': CMAKE_PREFIX_PATH=${CMAKE_PREFIX_PATH}:/opt/ros/humble /usr/bin/cmake --build /home/fog/rob_ws/build/three_car_bringup -- -j16 -l16
[0.191s] Invoking command in '/home/fog/rob_ws/build/three_car_bringup': CMAKE_PREFIX_PATH=${CMAKE_PREFIX_PATH}:/opt/ros/humble /usr/bin/cmake --install /home/fog/rob_ws/build/three_car_bringup
[0.200s] -- Install configuration: ""
[0.201s] -- Execute custom install script
[0.203s] -- Up-to-date symlink: /home/fog/rob_ws/install/three_car_bringup/share/three_car_bringup//launch/three_car_gazebo.launch.xml
[0.204s] -- Up-to-date symlink: /home/fog/rob_ws/install/three_car_bringup/share/three_car_bringup//config/gazebo_bridge.yaml
[0.204s] -- Up-to-date symlink: /home/fog/rob_ws/install/three_car_bringup/share/ament_index/resource_index/package_run_dependencies/three_car_bringup
[0.205s] -- Up-to-date symlink: /home/fog/rob_ws/install/three_car_bringup/share/ament_index/resource_index/parent_prefix_path/three_car_bringup
[0.205s] -- Up-to-date symlink: /home/fog/rob_ws/install/three_car_bringup/share/three_car_bringup/environment/ament_prefix_path.sh
[0.205s] -- Up-to-date symlink: /home/fog/rob_ws/install/three_car_bringup/share/three_car_bringup/environment/ament_prefix_path.dsv
[0.206s] -- Up-to-date symlink: /home/fog/rob_ws/install/three_car_bringup/share/three_car_bringup/environment/path.sh
[0.206s] -- Up-to-date symlink: /home/fog/rob_ws/install/three_car_bringup/share/three_car_bringup/environment/path.dsv
[0.207s] -- Up-to-date symlink: /home/fog/rob_ws/install/three_car_bringup/share/three_car_bringup/local_setup.bash
[0.207s] -- Up-to-date symlink: /home/fog/rob_ws/install/three_car_bringup/share/three_car_bringup/local_setup.sh
[0.208s] -- Up-to-date symlink: /home/fog/rob_ws/install/three_car_bringup/share/three_car_bringup/local_setup.zsh
[0.208s] -- Up-to-date symlink: /home/fog/rob_ws/install/three_car_bringup/share/three_car_bringup/local_setup.dsv
[0.208s] -- Symlinking: /home/fog/rob_ws/install/three_car_bringup/share/three_car_bringup/package.dsv
[0.224s] -- Up-to-date symlink: /home/fog/rob_ws/install/three_car_bringup/share/ament_index/resource_index/packages/three_car_bringup
[0.225s] -- Up-to-date symlink: /home/fog/rob_ws/install/three_car_bringup/share/three_car_bringup/cmake/three_car_bringupConfig.cmake
[0.225s] -- Up-to-date symlink: /home/fog/rob_ws/install/three_car_bringup/share/three_car_bringup/cmake/three_car_bringupConfig-version.cmake
[0.225s] -- Up-to-date symlink: /home/fog/rob_ws/install/three_car_bringup/share/three_car_bringup/package.xml
[0.228s] Invoked command in '/home/fog/rob_ws/build/three_car_bringup' returned '0': CMAKE_PREFIX_PATH=${CMAKE_PREFIX_PATH}:/opt/ros/humble /usr/bin/cmake --install /home/fog/rob_ws/build/three_car_bringup
