[0.429s] DEBUG:colcon:Command line arguments: ['/usr/bin/colcon', 'build', '--symlink-install']
[0.429s] DEBUG:colcon:Parsed command line arguments: Namespace(log_base=None, log_level=None, verb_name='build', build_base='build', install_base='install', merge_install=False, symlink_install=True, test_result_base=None, continue_on_error=False, executor='parallel', parallel_workers=16, event_handlers=None, ignore_user_meta=False, metas=['./colcon.meta'], base_paths=['.'], packages_ignore=None, packages_ignore_regex=None, paths=None, packages_up_to=None, packages_up_to_regex=None, packages_above=None, packages_above_and_dependencies=None, packages_above_depth=None, packages_select_by_dep=None, packages_skip_by_dep=None, packages_skip_up_to=None, packages_select_build_failed=False, packages_skip_build_finished=False, packages_select_test_failures=False, packages_skip_test_passed=False, packages_select=None, packages_skip=None, packages_select_regex=None, packages_skip_regex=None, packages_start=None, packages_end=None, allow_overriding=[], cmake_args=None, cmake_target=None, cmake_target_skip_unavailable=False, cmake_clean_cache=False, cmake_clean_first=False, cmake_force_configure=False, ament_cmake_args=None, catkin_cmake_args=None, catkin_skip_building_tests=False, verb_parser=<colcon_defaults.argument_parser.defaults.DefaultArgumentsDecorator object at 0x775c2af60730>, verb_extension=<colcon_core.verb.build.BuildVerb object at 0x775c2b0d0e20>, main=<bound method BuildVerb.main of <colcon_core.verb.build.BuildVerb object at 0x775c2b0d0e20>>)
[0.917s] Level 1:colcon.colcon_core.package_discovery:discover_packages(colcon_meta) check parameters
[0.917s] Level 1:colcon.colcon_core.package_discovery:discover_packages(recursive) check parameters
[0.917s] Level 1:colcon.colcon_core.package_discovery:discover_packages(ignore) check parameters
[0.917s] Level 1:colcon.colcon_core.package_discovery:discover_packages(path) check parameters
[0.917s] Level 1:colcon.colcon_core.package_discovery:discover_packages(colcon_meta) discover
[0.917s] Level 1:colcon.colcon_core.package_discovery:discover_packages(recursive) discover
[0.917s] INFO:colcon.colcon_core.package_discovery:Crawling recursively for packages in '/home/fog/ros2_ws'
[0.918s] Level 1:colcon.colcon_core.package_identification:_identify(.) by extensions ['ignore', 'ignore_ament_install']
[0.918s] Level 1:colcon.colcon_core.package_identification:_identify(.) by extension 'ignore'
[0.918s] Level 1:colcon.colcon_core.package_identification:_identify(.) by extension 'ignore_ament_install'
[0.918s] Level 1:colcon.colcon_core.package_identification:_identify(.) by extensions ['colcon_pkg']
[0.918s] Level 1:colcon.colcon_core.package_identification:_identify(.) by extension 'colcon_pkg'
[0.918s] Level 1:colcon.colcon_core.package_identification:_identify(.) by extensions ['colcon_meta']
[0.918s] Level 1:colcon.colcon_core.package_identification:_identify(.) by extension 'colcon_meta'
[0.918s] Level 1:colcon.colcon_core.package_identification:_identify(.) by extensions ['ros']
[0.918s] Level 1:colcon.colcon_core.package_identification:_identify(.) by extension 'ros'
[0.956s] Level 1:colcon.colcon_core.package_identification:_identify(.) by extensions ['cmake', 'python']
[0.956s] Level 1:colcon.colcon_core.package_identification:_identify(.) by extension 'cmake'
[0.956s] Level 1:colcon.colcon_core.package_identification:_identify(.) by extension 'python'
[0.956s] Level 1:colcon.colcon_core.package_identification:_identify(.) by extensions ['python_setup_py']
[0.956s] Level 1:colcon.colcon_core.package_identification:_identify(.) by extension 'python_setup_py'
[0.956s] Level 1:colcon.colcon_core.package_identification:_identify(build) by extensions ['ignore', 'ignore_ament_install']
[0.956s] Level 1:colcon.colcon_core.package_identification:_identify(build) by extension 'ignore'
[0.956s] Level 1:colcon.colcon_core.package_identification:_identify(build) ignored
[0.957s] Level 1:colcon.colcon_core.package_identification:_identify(install) by extensions ['ignore', 'ignore_ament_install']
[0.957s] Level 1:colcon.colcon_core.package_identification:_identify(install) by extension 'ignore'
[0.957s] Level 1:colcon.colcon_core.package_identification:_identify(install) ignored
[0.957s] Level 1:colcon.colcon_core.package_identification:_identify(log) by extensions ['ignore', 'ignore_ament_install']
[0.957s] Level 1:colcon.colcon_core.package_identification:_identify(log) by extension 'ignore'
[0.957s] Level 1:colcon.colcon_core.package_identification:_identify(log) ignored
[0.957s] Level 1:colcon.colcon_core.package_identification:_identify(src) by extensions ['ignore', 'ignore_ament_install']
[0.957s] Level 1:colcon.colcon_core.package_identification:_identify(src) by extension 'ignore'
[0.957s] Level 1:colcon.colcon_core.package_identification:_identify(src) by extension 'ignore_ament_install'
[0.957s] Level 1:colcon.colcon_core.package_identification:_identify(src) by extensions ['colcon_pkg']
[0.957s] Level 1:colcon.colcon_core.package_identification:_identify(src) by extension 'colcon_pkg'
[0.957s] Level 1:colcon.colcon_core.package_identification:_identify(src) by extensions ['colcon_meta']
[0.958s] Level 1:colcon.colcon_core.package_identification:_identify(src) by extension 'colcon_meta'
[0.958s] Level 1:colcon.colcon_core.package_identification:_identify(src) by extensions ['ros']
[0.958s] Level 1:colcon.colcon_core.package_identification:_identify(src) by extension 'ros'
[0.958s] Level 1:colcon.colcon_core.package_identification:_identify(src) by extensions ['cmake', 'python']
[0.958s] Level 1:colcon.colcon_core.package_identification:_identify(src) by extension 'cmake'
[0.958s] Level 1:colcon.colcon_core.package_identification:_identify(src) by extension 'python'
[0.958s] Level 1:colcon.colcon_core.package_identification:_identify(src) by extensions ['python_setup_py']
[0.958s] Level 1:colcon.colcon_core.package_identification:_identify(src) by extension 'python_setup_py'
[0.959s] Level 1:colcon.colcon_core.package_identification:_identify(src/my_py_pkg) by extensions ['ignore', 'ignore_ament_install']
[0.959s] Level 1:colcon.colcon_core.package_identification:_identify(src/my_py_pkg) by extension 'ignore'
[0.959s] Level 1:colcon.colcon_core.package_identification:_identify(src/my_py_pkg) by extension 'ignore_ament_install'
[0.959s] Level 1:colcon.colcon_core.package_identification:_identify(src/my_py_pkg) by extensions ['colcon_pkg']
[0.959s] Level 1:colcon.colcon_core.package_identification:_identify(src/my_py_pkg) by extension 'colcon_pkg'
[0.959s] Level 1:colcon.colcon_core.package_identification:_identify(src/my_py_pkg) by extensions ['colcon_meta']
[0.959s] Level 1:colcon.colcon_core.package_identification:_identify(src/my_py_pkg) by extension 'colcon_meta'
[0.959s] Level 1:colcon.colcon_core.package_identification:_identify(src/my_py_pkg) by extensions ['ros']
[0.959s] Level 1:colcon.colcon_core.package_identification:_identify(src/my_py_pkg) by extension 'ros'
[0.966s] DEBUG:colcon.colcon_core.package_identification:Package 'src/my_py_pkg' with type 'ros.ament_python' and name 'my_py_pkg'
[0.966s] Level 1:colcon.colcon_core.package_identification:_identify(src/my_robot_bringup) by extensions ['ignore', 'ignore_ament_install']
[0.966s] Level 1:colcon.colcon_core.package_identification:_identify(src/my_robot_bringup) by extension 'ignore'
[0.966s] Level 1:colcon.colcon_core.package_identification:_identify(src/my_robot_bringup) by extension 'ignore_ament_install'
[0.966s] Level 1:colcon.colcon_core.package_identification:_identify(src/my_robot_bringup) by extensions ['colcon_pkg']
[0.966s] Level 1:colcon.colcon_core.package_identification:_identify(src/my_robot_bringup) by extension 'colcon_pkg'
[0.966s] Level 1:colcon.colcon_core.package_identification:_identify(src/my_robot_bringup) by extensions ['colcon_meta']
[0.966s] Level 1:colcon.colcon_core.package_identification:_identify(src/my_robot_bringup) by extension 'colcon_meta'
[0.966s] Level 1:colcon.colcon_core.package_identification:_identify(src/my_robot_bringup) by extensions ['ros']
[0.966s] Level 1:colcon.colcon_core.package_identification:_identify(src/my_robot_bringup) by extension 'ros'
[0.968s] DEBUG:colcon.colcon_core.package_identification:Package 'src/my_robot_bringup' with type 'ros.ament_cmake' and name 'my_robot_bringup'
[0.968s] Level 1:colcon.colcon_core.package_identification:_identify(src/my_robot_interfaces) by extensions ['ignore', 'ignore_ament_install']
[0.968s] Level 1:colcon.colcon_core.package_identification:_identify(src/my_robot_interfaces) by extension 'ignore'
[0.969s] Level 1:colcon.colcon_core.package_identification:_identify(src/my_robot_interfaces) by extension 'ignore_ament_install'
[0.969s] Level 1:colcon.colcon_core.package_identification:_identify(src/my_robot_interfaces) by extensions ['colcon_pkg']
[0.969s] Level 1:colcon.colcon_core.package_identification:_identify(src/my_robot_interfaces) by extension 'colcon_pkg'
[0.969s] Level 1:colcon.colcon_core.package_identification:_identify(src/my_robot_interfaces) by extensions ['colcon_meta']
[0.969s] Level 1:colcon.colcon_core.package_identification:_identify(src/my_robot_interfaces) by extension 'colcon_meta'
[0.969s] Level 1:colcon.colcon_core.package_identification:_identify(src/my_robot_interfaces) by extensions ['ros']
[0.969s] Level 1:colcon.colcon_core.package_identification:_identify(src/my_robot_interfaces) by extension 'ros'
[0.970s] DEBUG:colcon.colcon_core.package_identification:Package 'src/my_robot_interfaces' with type 'ros.ament_cmake' and name 'my_robot_interfaces'
[0.970s] Level 1:colcon.colcon_core.package_identification:_identify(src/turtlesim_catch_sim) by extensions ['ignore', 'ignore_ament_install']
[0.970s] Level 1:colcon.colcon_core.package_identification:_identify(src/turtlesim_catch_sim) by extension 'ignore'
[0.970s] Level 1:colcon.colcon_core.package_identification:_identify(src/turtlesim_catch_sim) by extension 'ignore_ament_install'
[0.970s] Level 1:colcon.colcon_core.package_identification:_identify(src/turtlesim_catch_sim) by extensions ['colcon_pkg']
[0.970s] Level 1:colcon.colcon_core.package_identification:_identify(src/turtlesim_catch_sim) by extension 'colcon_pkg'
[0.970s] Level 1:colcon.colcon_core.package_identification:_identify(src/turtlesim_catch_sim) by extensions ['colcon_meta']
[0.970s] Level 1:colcon.colcon_core.package_identification:_identify(src/turtlesim_catch_sim) by extension 'colcon_meta'
[0.971s] Level 1:colcon.colcon_core.package_identification:_identify(src/turtlesim_catch_sim) by extensions ['ros']
[0.971s] Level 1:colcon.colcon_core.package_identification:_identify(src/turtlesim_catch_sim) by extension 'ros'
[0.972s] DEBUG:colcon.colcon_core.package_identification:Package 'src/turtlesim_catch_sim' with type 'ros.ament_python' and name 'turtlesim_catch_sim'
[0.972s] Level 1:colcon.colcon_core.package_discovery:discover_packages(recursive) using defaults
[0.973s] Level 1:colcon.colcon_core.package_discovery:discover_packages(ignore) discover
[0.973s] Level 1:colcon.colcon_core.package_discovery:discover_packages(ignore) using defaults
[0.973s] Level 1:colcon.colcon_core.package_discovery:discover_packages(path) discover
[0.973s] Level 1:colcon.colcon_core.package_discovery:discover_packages(path) using defaults
[1.051s] Level 1:colcon.colcon_core.package_discovery:discover_packages(prefix_path) check parameters
[1.051s] Level 1:colcon.colcon_core.package_discovery:discover_packages(prefix_path) discover
[1.059s] DEBUG:colcon.colcon_installed_package_information.package_discovery:Found 442 installed packages in /opt/ros/humble
[1.062s] Level 1:colcon.colcon_core.package_discovery:discover_packages(prefix_path) using defaults
[1.150s] Level 5:colcon.colcon_core.verb:set package 'my_py_pkg' build argument 'cmake_args' from command line to 'None'
[1.151s] Level 5:colcon.colcon_core.verb:set package 'my_py_pkg' build argument 'cmake_target' from command line to 'None'
[1.151s] Level 5:colcon.colcon_core.verb:set package 'my_py_pkg' build argument 'cmake_target_skip_unavailable' from command line to 'False'
[1.151s] Level 5:colcon.colcon_core.verb:set package 'my_py_pkg' build argument 'cmake_clean_cache' from command line to 'False'
[1.151s] Level 5:colcon.colcon_core.verb:set package 'my_py_pkg' build argument 'cmake_clean_first' from command line to 'False'
[1.151s] Level 5:colcon.colcon_core.verb:set package 'my_py_pkg' build argument 'cmake_force_configure' from command line to 'False'
[1.151s] Level 5:colcon.colcon_core.verb:set package 'my_py_pkg' build argument 'ament_cmake_args' from command line to 'None'
[1.151s] Level 5:colcon.colcon_core.verb:set package 'my_py_pkg' build argument 'catkin_cmake_args' from command line to 'None'
[1.151s] Level 5:colcon.colcon_core.verb:set package 'my_py_pkg' build argument 'catkin_skip_building_tests' from command line to 'False'
[1.151s] DEBUG:colcon.colcon_core.verb:Building package 'my_py_pkg' with the following arguments: {'ament_cmake_args': None, 'build_base': '/home/fog/ros2_ws/build/my_py_pkg', 'catkin_cmake_args': None, 'catkin_skip_building_tests': False, 'cmake_args': None, 'cmake_clean_cache': False, 'cmake_clean_first': False, 'cmake_force_configure': False, 'cmake_target': None, 'cmake_target_skip_unavailable': False, 'install_base': '/home/fog/ros2_ws/install/my_py_pkg', 'merge_install': False, 'path': '/home/fog/ros2_ws/src/my_py_pkg', 'symlink_install': True, 'test_result_base': None}
[1.152s] Level 5:colcon.colcon_core.verb:set package 'my_robot_interfaces' build argument 'cmake_args' from command line to 'None'
[1.152s] Level 5:colcon.colcon_core.verb:set package 'my_robot_interfaces' build argument 'cmake_target' from command line to 'None'
[1.152s] Level 5:colcon.colcon_core.verb:set package 'my_robot_interfaces' build argument 'cmake_target_skip_unavailable' from command line to 'False'
[1.152s] Level 5:colcon.colcon_core.verb:set package 'my_robot_interfaces' build argument 'cmake_clean_cache' from command line to 'False'
[1.152s] Level 5:colcon.colcon_core.verb:set package 'my_robot_interfaces' build argument 'cmake_clean_first' from command line to 'False'
[1.152s] Level 5:colcon.colcon_core.verb:set package 'my_robot_interfaces' build argument 'cmake_force_configure' from command line to 'False'
[1.152s] Level 5:colcon.colcon_core.verb:set package 'my_robot_interfaces' build argument 'ament_cmake_args' from command line to 'None'
[1.152s] Level 5:colcon.colcon_core.verb:set package 'my_robot_interfaces' build argument 'catkin_cmake_args' from command line to 'None'
[1.152s] Level 5:colcon.colcon_core.verb:set package 'my_robot_interfaces' build argument 'catkin_skip_building_tests' from command line to 'False'
[1.152s] DEBUG:colcon.colcon_core.verb:Building package 'my_robot_interfaces' with the following arguments: {'ament_cmake_args': None, 'build_base': '/home/fog/ros2_ws/build/my_robot_interfaces', 'catkin_cmake_args': None, 'catkin_skip_building_tests': False, 'cmake_args': None, 'cmake_clean_cache': False, 'cmake_clean_first': False, 'cmake_force_configure': False, 'cmake_target': None, 'cmake_target_skip_unavailable': False, 'install_base': '/home/fog/ros2_ws/install/my_robot_interfaces', 'merge_install': False, 'path': '/home/fog/ros2_ws/src/my_robot_interfaces', 'symlink_install': True, 'test_result_base': None}
[1.152s] Level 5:colcon.colcon_core.verb:set package 'my_robot_bringup' build argument 'cmake_args' from command line to 'None'
[1.153s] Level 5:colcon.colcon_core.verb:set package 'my_robot_bringup' build argument 'cmake_target' from command line to 'None'
[1.153s] Level 5:colcon.colcon_core.verb:set package 'my_robot_bringup' build argument 'cmake_target_skip_unavailable' from command line to 'False'
[1.153s] Level 5:colcon.colcon_core.verb:set package 'my_robot_bringup' build argument 'cmake_clean_cache' from command line to 'False'
[1.153s] Level 5:colcon.colcon_core.verb:set package 'my_robot_bringup' build argument 'cmake_clean_first' from command line to 'False'
[1.153s] Level 5:colcon.colcon_core.verb:set package 'my_robot_bringup' build argument 'cmake_force_configure' from command line to 'False'
[1.153s] Level 5:colcon.colcon_core.verb:set package 'my_robot_bringup' build argument 'ament_cmake_args' from command line to 'None'
[1.153s] Level 5:colcon.colcon_core.verb:set package 'my_robot_bringup' build argument 'catkin_cmake_args' from command line to 'None'
[1.153s] Level 5:colcon.colcon_core.verb:set package 'my_robot_bringup' build argument 'catkin_skip_building_tests' from command line to 'False'
[1.153s] DEBUG:colcon.colcon_core.verb:Building package 'my_robot_bringup' with the following arguments: {'ament_cmake_args': None, 'build_base': '/home/fog/ros2_ws/build/my_robot_bringup', 'catkin_cmake_args': None, 'catkin_skip_building_tests': False, 'cmake_args': None, 'cmake_clean_cache': False, 'cmake_clean_first': False, 'cmake_force_configure': False, 'cmake_target': None, 'cmake_target_skip_unavailable': False, 'install_base': '/home/fog/ros2_ws/install/my_robot_bringup', 'merge_install': False, 'path': '/home/fog/ros2_ws/src/my_robot_bringup', 'symlink_install': True, 'test_result_base': None}
[1.153s] Level 5:colcon.colcon_core.verb:set package 'turtlesim_catch_sim' build argument 'cmake_args' from command line to 'None'
[1.153s] Level 5:colcon.colcon_core.verb:set package 'turtlesim_catch_sim' build argument 'cmake_target' from command line to 'None'
[1.153s] Level 5:colcon.colcon_core.verb:set package 'turtlesim_catch_sim' build argument 'cmake_target_skip_unavailable' from command line to 'False'
[1.153s] Level 5:colcon.colcon_core.verb:set package 'turtlesim_catch_sim' build argument 'cmake_clean_cache' from command line to 'False'
[1.153s] Level 5:colcon.colcon_core.verb:set package 'turtlesim_catch_sim' build argument 'cmake_clean_first' from command line to 'False'
[1.153s] Level 5:colcon.colcon_core.verb:set package 'turtlesim_catch_sim' build argument 'cmake_force_configure' from command line to 'False'
[1.153s] Level 5:colcon.colcon_core.verb:set package 'turtlesim_catch_sim' build argument 'ament_cmake_args' from command line to 'None'
[1.153s] Level 5:colcon.colcon_core.verb:set package 'turtlesim_catch_sim' build argument 'catkin_cmake_args' from command line to 'None'
[1.153s] Level 5:colcon.colcon_core.verb:set package 'turtlesim_catch_sim' build argument 'catkin_skip_building_tests' from command line to 'False'
[1.153s] DEBUG:colcon.colcon_core.verb:Building package 'turtlesim_catch_sim' with the following arguments: {'ament_cmake_args': None, 'build_base': '/home/fog/ros2_ws/build/turtlesim_catch_sim', 'catkin_cmake_args': None, 'catkin_skip_building_tests': False, 'cmake_args': None, 'cmake_clean_cache': False, 'cmake_clean_first': False, 'cmake_force_configure': False, 'cmake_target': None, 'cmake_target_skip_unavailable': False, 'install_base': '/home/fog/ros2_ws/install/turtlesim_catch_sim', 'merge_install': False, 'path': '/home/fog/ros2_ws/src/turtlesim_catch_sim', 'symlink_install': True, 'test_result_base': None}
[1.154s] INFO:colcon.colcon_core.executor:Executing jobs using 'parallel' executor
[1.155s] DEBUG:colcon.colcon_parallel_executor.executor.parallel:run_until_complete
[1.156s] INFO:colcon.colcon_ros.task.ament_python.build:Building ROS package in '/home/fog/ros2_ws/src/my_py_pkg' with build type 'ament_python'
[1.156s] Level 1:colcon.colcon_core.shell:create_environment_hook('my_py_pkg', 'ament_prefix_path')
[1.166s] INFO:colcon.colcon_core.plugin_system:Skipping extension 'colcon_core.shell.bat': Not used on non-Windows systems
[1.166s] INFO:colcon.colcon_core.shell:Creating environment hook '/home/fog/ros2_ws/install/my_py_pkg/share/my_py_pkg/hook/ament_prefix_path.ps1'
[1.171s] INFO:colcon.colcon_core.shell:Creating environment descriptor '/home/fog/ros2_ws/install/my_py_pkg/share/my_py_pkg/hook/ament_prefix_path.dsv'
[1.172s] INFO:colcon.colcon_core.shell:Creating environment hook '/home/fog/ros2_ws/install/my_py_pkg/share/my_py_pkg/hook/ament_prefix_path.sh'
[1.173s] INFO:colcon.colcon_core.shell:Skip shell extension 'powershell' for command environment: Not usable outside of PowerShell
[1.173s] DEBUG:colcon.colcon_core.shell:Skip shell extension 'dsv' for command environment
[1.179s] INFO:colcon.colcon_ros.task.ament_cmake.build:Building ROS package in '/home/fog/ros2_ws/src/my_robot_interfaces' with build type 'ament_cmake'
[1.179s] INFO:colcon.colcon_cmake.task.cmake.build:Building CMake package in '/home/fog/ros2_ws/src/my_robot_interfaces'
[1.179s] INFO:colcon.colcon_core.shell:Skip shell extension 'powershell' for command environment: Not usable outside of PowerShell
[1.179s] DEBUG:colcon.colcon_core.shell:Skip shell extension 'dsv' for command environment
[1.564s] INFO:colcon.colcon_core.task.python.build:Building Python package in '/home/fog/ros2_ws/src/my_py_pkg'
[1.564s] INFO:colcon.colcon_core.shell:Skip shell extension 'powershell' for command environment: Not usable outside of PowerShell
[1.564s] DEBUG:colcon.colcon_core.shell:Skip shell extension 'dsv' for command environment
[1.580s] DEBUG:colcon.colcon_core.event_handler.log_command:Invoking command in '/home/fog/ros2_ws/build/my_robot_interfaces': CMAKE_PREFIX_PATH=/opt/ros/humble /usr/bin/cmake --build /home/fog/ros2_ws/build/my_robot_interfaces -- -j16 -l16
[2.237s] DEBUG:colcon.colcon_core.event_handler.log_command:Invoked command in '/home/fog/ros2_ws/build/my_robot_interfaces' returned '0': CMAKE_PREFIX_PATH=/opt/ros/humble /usr/bin/cmake --build /home/fog/ros2_ws/build/my_robot_interfaces -- -j16 -l16
[2.276s] DEBUG:colcon.colcon_core.event_handler.log_command:Invoking command in '/home/fog/ros2_ws/build/my_robot_interfaces': CMAKE_PREFIX_PATH=/opt/ros/humble /usr/bin/cmake --install /home/fog/ros2_ws/build/my_robot_interfaces
[2.321s] DEBUG:colcon.colcon_core.event_handler.log_command:Invoking command in '/home/fog/ros2_ws/build/my_py_pkg': PYTHONPATH=/home/fog/ros2_ws/build/my_py_pkg/prefix_override:/usr/lib/python3/dist-packages/colcon_core/task/python/colcon_distutils_commands:/home/fog/ros2_ws/install/my_py_pkg/lib/python3.10/site-packages:${PYTHONPATH} /usr/bin/python3 -W ignore:setup.py install is deprecated -W ignore:easy_install command is deprecated setup.py develop --editable --build-directory /home/fog/ros2_ws/build/my_py_pkg/build --no-deps symlink_data
[2.510s] Level 1:colcon.colcon_core.environment:create_environment_scripts_only(my_robot_interfaces)
[2.511s] DEBUG:colcon.colcon_core.event_handler.log_command:Invoked command in '/home/fog/ros2_ws/build/my_robot_interfaces' returned '0': CMAKE_PREFIX_PATH=/opt/ros/humble /usr/bin/cmake --install /home/fog/ros2_ws/build/my_robot_interfaces
[2.523s] Level 1:colcon.colcon_core.environment:checking '/home/fog/ros2_ws/install/my_robot_interfaces' for CMake module files
[2.523s] Level 1:colcon.colcon_core.environment:checking '/home/fog/ros2_ws/install/my_robot_interfaces' for CMake config files
[2.525s] Level 1:colcon.colcon_core.shell:create_environment_hook('my_robot_interfaces', 'cmake_prefix_path')
[2.525s] INFO:colcon.colcon_core.shell:Creating environment hook '/home/fog/ros2_ws/install/my_robot_interfaces/share/my_robot_interfaces/hook/cmake_prefix_path.ps1'
[2.527s] INFO:colcon.colcon_core.shell:Creating environment descriptor '/home/fog/ros2_ws/install/my_robot_interfaces/share/my_robot_interfaces/hook/cmake_prefix_path.dsv'
[2.527s] INFO:colcon.colcon_core.shell:Creating environment hook '/home/fog/ros2_ws/install/my_robot_interfaces/share/my_robot_interfaces/hook/cmake_prefix_path.sh'
[2.528s] Level 1:colcon.colcon_core.environment:checking '/home/fog/ros2_ws/install/my_robot_interfaces/lib'
[2.528s] Level 1:colcon.colcon_core.shell:create_environment_hook('my_robot_interfaces', 'ld_library_path_lib')
[2.528s] INFO:colcon.colcon_core.shell:Creating environment hook '/home/fog/ros2_ws/install/my_robot_interfaces/share/my_robot_interfaces/hook/ld_library_path_lib.ps1'
[2.529s] INFO:colcon.colcon_core.shell:Creating environment descriptor '/home/fog/ros2_ws/install/my_robot_interfaces/share/my_robot_interfaces/hook/ld_library_path_lib.dsv'
[2.529s] INFO:colcon.colcon_core.shell:Creating environment hook '/home/fog/ros2_ws/install/my_robot_interfaces/share/my_robot_interfaces/hook/ld_library_path_lib.sh'
[2.530s] Level 1:colcon.colcon_core.environment:checking '/home/fog/ros2_ws/install/my_robot_interfaces/bin'
[2.530s] Level 1:colcon.colcon_core.environment:checking '/home/fog/ros2_ws/install/my_robot_interfaces/lib/pkgconfig/my_robot_interfaces.pc'
[2.530s] Level 1:colcon.colcon_core.environment:checking '/home/fog/ros2_ws/install/my_robot_interfaces/lib/python3.10/site-packages'
[2.531s] Level 1:colcon.colcon_core.environment:checking '/home/fog/ros2_ws/install/my_robot_interfaces/bin'
[2.531s] INFO:colcon.colcon_core.shell:Creating package script '/home/fog/ros2_ws/install/my_robot_interfaces/share/my_robot_interfaces/package.ps1'
[2.533s] INFO:colcon.colcon_core.shell:Creating package descriptor '/home/fog/ros2_ws/install/my_robot_interfaces/share/my_robot_interfaces/package.dsv'
[2.534s] INFO:colcon.colcon_core.shell:Creating package script '/home/fog/ros2_ws/install/my_robot_interfaces/share/my_robot_interfaces/package.sh'
[2.535s] INFO:colcon.colcon_core.shell:Creating package script '/home/fog/ros2_ws/install/my_robot_interfaces/share/my_robot_interfaces/package.bash'
[2.537s] INFO:colcon.colcon_core.shell:Creating package script '/home/fog/ros2_ws/install/my_robot_interfaces/share/my_robot_interfaces/package.zsh'
[2.538s] Level 1:colcon.colcon_core.environment:create_file_with_runtime_dependencies(/home/fog/ros2_ws/install/my_robot_interfaces/share/colcon-core/packages/my_robot_interfaces)
[2.539s] Level 1:colcon.colcon_core.environment:create_environment_scripts_only(my_robot_interfaces)
[2.539s] Level 1:colcon.colcon_core.environment:checking '/home/fog/ros2_ws/install/my_robot_interfaces' for CMake module files
[2.540s] Level 1:colcon.colcon_core.environment:checking '/home/fog/ros2_ws/install/my_robot_interfaces' for CMake config files
[2.540s] Level 1:colcon.colcon_core.shell:create_environment_hook('my_robot_interfaces', 'cmake_prefix_path')
[2.541s] INFO:colcon.colcon_core.shell:Creating environment hook '/home/fog/ros2_ws/install/my_robot_interfaces/share/my_robot_interfaces/hook/cmake_prefix_path.ps1'
[2.541s] INFO:colcon.colcon_core.shell:Creating environment descriptor '/home/fog/ros2_ws/install/my_robot_interfaces/share/my_robot_interfaces/hook/cmake_prefix_path.dsv'
[2.542s] INFO:colcon.colcon_core.shell:Creating environment hook '/home/fog/ros2_ws/install/my_robot_interfaces/share/my_robot_interfaces/hook/cmake_prefix_path.sh'
[2.542s] Level 1:colcon.colcon_core.environment:checking '/home/fog/ros2_ws/install/my_robot_interfaces/lib'
[2.543s] Level 1:colcon.colcon_core.shell:create_environment_hook('my_robot_interfaces', 'ld_library_path_lib')
[2.543s] INFO:colcon.colcon_core.shell:Creating environment hook '/home/fog/ros2_ws/install/my_robot_interfaces/share/my_robot_interfaces/hook/ld_library_path_lib.ps1'
[2.543s] INFO:colcon.colcon_core.shell:Creating environment descriptor '/home/fog/ros2_ws/install/my_robot_interfaces/share/my_robot_interfaces/hook/ld_library_path_lib.dsv'
[2.544s] INFO:colcon.colcon_core.shell:Creating environment hook '/home/fog/ros2_ws/install/my_robot_interfaces/share/my_robot_interfaces/hook/ld_library_path_lib.sh'
[2.544s] Level 1:colcon.colcon_core.environment:checking '/home/fog/ros2_ws/install/my_robot_interfaces/bin'
[2.544s] Level 1:colcon.colcon_core.environment:checking '/home/fog/ros2_ws/install/my_robot_interfaces/lib/pkgconfig/my_robot_interfaces.pc'
[2.545s] Level 1:colcon.colcon_core.environment:checking '/home/fog/ros2_ws/install/my_robot_interfaces/lib/python3.10/site-packages'
[2.545s] Level 1:colcon.colcon_core.environment:checking '/home/fog/ros2_ws/install/my_robot_interfaces/bin'
[2.545s] INFO:colcon.colcon_core.shell:Creating package script '/home/fog/ros2_ws/install/my_robot_interfaces/share/my_robot_interfaces/package.ps1'
[2.546s] INFO:colcon.colcon_core.shell:Creating package descriptor '/home/fog/ros2_ws/install/my_robot_interfaces/share/my_robot_interfaces/package.dsv'
[2.547s] INFO:colcon.colcon_core.shell:Creating package script '/home/fog/ros2_ws/install/my_robot_interfaces/share/my_robot_interfaces/package.sh'
[2.547s] INFO:colcon.colcon_core.shell:Creating package script '/home/fog/ros2_ws/install/my_robot_interfaces/share/my_robot_interfaces/package.bash'
[2.548s] INFO:colcon.colcon_core.shell:Creating package script '/home/fog/ros2_ws/install/my_robot_interfaces/share/my_robot_interfaces/package.zsh'
[2.548s] Level 1:colcon.colcon_core.environment:create_file_with_runtime_dependencies(/home/fog/ros2_ws/install/my_robot_interfaces/share/colcon-core/packages/my_robot_interfaces)
[2.549s] INFO:colcon.colcon_ros.task.ament_python.build:Building ROS package in '/home/fog/ros2_ws/src/turtlesim_catch_sim' with build type 'ament_python'
[2.549s] Level 1:colcon.colcon_core.shell:create_environment_hook('turtlesim_catch_sim', 'ament_prefix_path')
[2.549s] INFO:colcon.colcon_core.shell:Creating environment hook '/home/fog/ros2_ws/install/turtlesim_catch_sim/share/turtlesim_catch_sim/hook/ament_prefix_path.ps1'
[2.551s] INFO:colcon.colcon_core.shell:Creating environment descriptor '/home/fog/ros2_ws/install/turtlesim_catch_sim/share/turtlesim_catch_sim/hook/ament_prefix_path.dsv'
[2.552s] INFO:colcon.colcon_core.shell:Creating environment hook '/home/fog/ros2_ws/install/turtlesim_catch_sim/share/turtlesim_catch_sim/hook/ament_prefix_path.sh'
[2.553s] INFO:colcon.colcon_core.shell:Skip shell extension 'powershell' for command environment: Not usable outside of PowerShell
[2.553s] DEBUG:colcon.colcon_core.shell:Skip shell extension 'dsv' for command environment
[2.862s] INFO:colcon.colcon_core.task.python.build:Building Python package in '/home/fog/ros2_ws/src/turtlesim_catch_sim'
[2.862s] INFO:colcon.colcon_core.shell:Skip shell extension 'powershell' for command environment: Not usable outside of PowerShell
[2.862s] DEBUG:colcon.colcon_core.shell:Skip shell extension 'dsv' for command environment
[2.867s] Level 1:colcon.colcon_core.shell:create_environment_hook('my_py_pkg', 'pythonpath_develop')
[2.868s] INFO:colcon.colcon_core.shell:Creating environment hook '/home/fog/ros2_ws/build/my_py_pkg/share/my_py_pkg/hook/pythonpath_develop.ps1'
[2.869s] INFO:colcon.colcon_core.shell:Creating environment descriptor '/home/fog/ros2_ws/build/my_py_pkg/share/my_py_pkg/hook/pythonpath_develop.dsv'
[2.869s] DEBUG:colcon.colcon_core.event_handler.log_command:Invoked command in '/home/fog/ros2_ws/build/my_py_pkg' returned '0': PYTHONPATH=/home/fog/ros2_ws/build/my_py_pkg/prefix_override:/usr/lib/python3/dist-packages/colcon_core/task/python/colcon_distutils_commands:/home/fog/ros2_ws/install/my_py_pkg/lib/python3.10/site-packages:${PYTHONPATH} /usr/bin/python3 -W ignore:setup.py install is deprecated -W ignore:easy_install command is deprecated setup.py develop --editable --build-directory /home/fog/ros2_ws/build/my_py_pkg/build --no-deps symlink_data
[2.870s] INFO:colcon.colcon_core.shell:Creating environment hook '/home/fog/ros2_ws/build/my_py_pkg/share/my_py_pkg/hook/pythonpath_develop.sh'
[2.871s] Level 1:colcon.colcon_core.environment:checking '/home/fog/ros2_ws/install/my_py_pkg' for CMake module files
[2.872s] Level 1:colcon.colcon_core.environment:checking '/home/fog/ros2_ws/install/my_py_pkg' for CMake config files
[2.873s] Level 1:colcon.colcon_core.environment:checking '/home/fog/ros2_ws/install/my_py_pkg/lib'
[2.873s] Level 1:colcon.colcon_core.environment:checking '/home/fog/ros2_ws/install/my_py_pkg/bin'
[2.873s] Level 1:colcon.colcon_core.environment:checking '/home/fog/ros2_ws/install/my_py_pkg/lib/pkgconfig/my_py_pkg.pc'
[2.873s] Level 1:colcon.colcon_core.environment:checking '/home/fog/ros2_ws/install/my_py_pkg/lib/python3.10/site-packages'
[2.873s] Level 1:colcon.colcon_core.shell:create_environment_hook('my_py_pkg', 'pythonpath')
[2.874s] INFO:colcon.colcon_core.shell:Creating environment hook '/home/fog/ros2_ws/install/my_py_pkg/share/my_py_pkg/hook/pythonpath.ps1'
[2.874s] INFO:colcon.colcon_core.shell:Creating environment descriptor '/home/fog/ros2_ws/install/my_py_pkg/share/my_py_pkg/hook/pythonpath.dsv'
[2.875s] INFO:colcon.colcon_core.shell:Creating environment hook '/home/fog/ros2_ws/install/my_py_pkg/share/my_py_pkg/hook/pythonpath.sh'
[2.875s] Level 1:colcon.colcon_core.environment:checking '/home/fog/ros2_ws/install/my_py_pkg/bin'
[2.875s] Level 1:colcon.colcon_core.environment:create_environment_scripts_only(my_py_pkg)
[2.876s] INFO:colcon.colcon_core.shell:Creating package script '/home/fog/ros2_ws/install/my_py_pkg/share/my_py_pkg/package.ps1'
[2.877s] INFO:colcon.colcon_core.shell:Creating package descriptor '/home/fog/ros2_ws/install/my_py_pkg/share/my_py_pkg/package.dsv'
[2.877s] INFO:colcon.colcon_core.shell:Creating package script '/home/fog/ros2_ws/install/my_py_pkg/share/my_py_pkg/package.sh'
[2.878s] INFO:colcon.colcon_core.shell:Creating package script '/home/fog/ros2_ws/install/my_py_pkg/share/my_py_pkg/package.bash'
[2.878s] INFO:colcon.colcon_core.shell:Creating package script '/home/fog/ros2_ws/install/my_py_pkg/share/my_py_pkg/package.zsh'
[2.879s] Level 1:colcon.colcon_core.environment:create_file_with_runtime_dependencies(/home/fog/ros2_ws/install/my_py_pkg/share/colcon-core/packages/my_py_pkg)
[2.880s] INFO:colcon.colcon_ros.task.ament_cmake.build:Building ROS package in '/home/fog/ros2_ws/src/my_robot_bringup' with build type 'ament_cmake'
[2.880s] INFO:colcon.colcon_cmake.task.cmake.build:Building CMake package in '/home/fog/ros2_ws/src/my_robot_bringup'
[2.880s] INFO:colcon.colcon_core.shell:Skip shell extension 'powershell' for command environment: Not usable outside of PowerShell
[2.881s] DEBUG:colcon.colcon_core.shell:Skip shell extension 'dsv' for command environment
[2.898s] DEBUG:colcon.colcon_core.event_handler.log_command:Invoking command in '/home/fog/ros2_ws/build/my_robot_bringup': AMENT_PREFIX_PATH=/home/fog/ros2_ws/install/my_py_pkg:${AMENT_PREFIX_PATH} CMAKE_PREFIX_PATH=/opt/ros/humble PYTHONPATH=/home/fog/ros2_ws/build/my_py_pkg:/home/fog/ros2_ws/install/my_py_pkg/lib/python3.10/site-packages:${PYTHONPATH} /usr/bin/cmake --build /home/fog/ros2_ws/build/my_robot_bringup -- -j16 -l16
[2.957s] DEBUG:colcon.colcon_core.event_handler.log_command:Invoked command in '/home/fog/ros2_ws/build/my_robot_bringup' returned '0': AMENT_PREFIX_PATH=/home/fog/ros2_ws/install/my_py_pkg:${AMENT_PREFIX_PATH} CMAKE_PREFIX_PATH=/opt/ros/humble PYTHONPATH=/home/fog/ros2_ws/build/my_py_pkg:/home/fog/ros2_ws/install/my_py_pkg/lib/python3.10/site-packages:${PYTHONPATH} /usr/bin/cmake --build /home/fog/ros2_ws/build/my_robot_bringup -- -j16 -l16
[2.961s] DEBUG:colcon.colcon_core.event_handler.log_command:Invoking command in '/home/fog/ros2_ws/build/my_robot_bringup': AMENT_PREFIX_PATH=/home/fog/ros2_ws/install/my_py_pkg:${AMENT_PREFIX_PATH} CMAKE_PREFIX_PATH=/opt/ros/humble PYTHONPATH=/home/fog/ros2_ws/build/my_py_pkg:/home/fog/ros2_ws/install/my_py_pkg/lib/python3.10/site-packages:${PYTHONPATH} /usr/bin/cmake --install /home/fog/ros2_ws/build/my_robot_bringup
[2.995s] Level 1:colcon.colcon_core.environment:create_environment_scripts_only(my_robot_bringup)
[2.996s] Level 1:colcon.colcon_core.environment:checking '/home/fog/ros2_ws/install/my_robot_bringup' for CMake module files
[2.996s] DEBUG:colcon.colcon_core.event_handler.log_command:Invoked command in '/home/fog/ros2_ws/build/my_robot_bringup' returned '0': AMENT_PREFIX_PATH=/home/fog/ros2_ws/install/my_py_pkg:${AMENT_PREFIX_PATH} CMAKE_PREFIX_PATH=/opt/ros/humble PYTHONPATH=/home/fog/ros2_ws/build/my_py_pkg:/home/fog/ros2_ws/install/my_py_pkg/lib/python3.10/site-packages:${PYTHONPATH} /usr/bin/cmake --install /home/fog/ros2_ws/build/my_robot_bringup
[2.997s] Level 1:colcon.colcon_core.environment:checking '/home/fog/ros2_ws/install/my_robot_bringup' for CMake config files
[2.997s] Level 1:colcon.colcon_core.shell:create_environment_hook('my_robot_bringup', 'cmake_prefix_path')
[2.997s] INFO:colcon.colcon_core.shell:Creating environment hook '/home/fog/ros2_ws/install/my_robot_bringup/share/my_robot_bringup/hook/cmake_prefix_path.ps1'
[2.998s] INFO:colcon.colcon_core.shell:Creating environment descriptor '/home/fog/ros2_ws/install/my_robot_bringup/share/my_robot_bringup/hook/cmake_prefix_path.dsv'
[2.999s] INFO:colcon.colcon_core.shell:Creating environment hook '/home/fog/ros2_ws/install/my_robot_bringup/share/my_robot_bringup/hook/cmake_prefix_path.sh'
[2.999s] Level 1:colcon.colcon_core.environment:checking '/home/fog/ros2_ws/install/my_robot_bringup/bin'
[2.999s] Level 1:colcon.colcon_core.environment:checking '/home/fog/ros2_ws/install/my_robot_bringup/lib/pkgconfig/my_robot_bringup.pc'
[3.000s] Level 1:colcon.colcon_core.environment:checking '/home/fog/ros2_ws/install/my_robot_bringup/lib/python3.10/site-packages'
[3.000s] Level 1:colcon.colcon_core.environment:checking '/home/fog/ros2_ws/install/my_robot_bringup/bin'
[3.000s] INFO:colcon.colcon_core.shell:Creating package script '/home/fog/ros2_ws/install/my_robot_bringup/share/my_robot_bringup/package.ps1'
[3.001s] INFO:colcon.colcon_core.shell:Creating package descriptor '/home/fog/ros2_ws/install/my_robot_bringup/share/my_robot_bringup/package.dsv'
[3.002s] INFO:colcon.colcon_core.shell:Creating package script '/home/fog/ros2_ws/install/my_robot_bringup/share/my_robot_bringup/package.sh'
[3.002s] INFO:colcon.colcon_core.shell:Creating package script '/home/fog/ros2_ws/install/my_robot_bringup/share/my_robot_bringup/package.bash'
[3.003s] INFO:colcon.colcon_core.shell:Creating package script '/home/fog/ros2_ws/install/my_robot_bringup/share/my_robot_bringup/package.zsh'
[3.003s] Level 1:colcon.colcon_core.environment:create_file_with_runtime_dependencies(/home/fog/ros2_ws/install/my_robot_bringup/share/colcon-core/packages/my_robot_bringup)
[3.004s] Level 1:colcon.colcon_core.environment:create_environment_scripts_only(my_robot_bringup)
[3.004s] Level 1:colcon.colcon_core.environment:checking '/home/fog/ros2_ws/install/my_robot_bringup' for CMake module files
[3.005s] Level 1:colcon.colcon_core.environment:checking '/home/fog/ros2_ws/install/my_robot_bringup' for CMake config files
[3.005s] Level 1:colcon.colcon_core.shell:create_environment_hook('my_robot_bringup', 'cmake_prefix_path')
[3.005s] INFO:colcon.colcon_core.shell:Creating environment hook '/home/fog/ros2_ws/install/my_robot_bringup/share/my_robot_bringup/hook/cmake_prefix_path.ps1'
[3.006s] INFO:colcon.colcon_core.shell:Creating environment descriptor '/home/fog/ros2_ws/install/my_robot_bringup/share/my_robot_bringup/hook/cmake_prefix_path.dsv'
[3.007s] INFO:colcon.colcon_core.shell:Creating environment hook '/home/fog/ros2_ws/install/my_robot_bringup/share/my_robot_bringup/hook/cmake_prefix_path.sh'
[3.007s] Level 1:colcon.colcon_core.environment:checking '/home/fog/ros2_ws/install/my_robot_bringup/bin'
[3.007s] Level 1:colcon.colcon_core.environment:checking '/home/fog/ros2_ws/install/my_robot_bringup/lib/pkgconfig/my_robot_bringup.pc'
[3.007s] Level 1:colcon.colcon_core.environment:checking '/home/fog/ros2_ws/install/my_robot_bringup/lib/python3.10/site-packages'
[3.008s] Level 1:colcon.colcon_core.environment:checking '/home/fog/ros2_ws/install/my_robot_bringup/bin'
[3.008s] INFO:colcon.colcon_core.shell:Creating package script '/home/fog/ros2_ws/install/my_robot_bringup/share/my_robot_bringup/package.ps1'
[3.009s] INFO:colcon.colcon_core.shell:Creating package descriptor '/home/fog/ros2_ws/install/my_robot_bringup/share/my_robot_bringup/package.dsv'
[3.009s] INFO:colcon.colcon_core.shell:Creating package script '/home/fog/ros2_ws/install/my_robot_bringup/share/my_robot_bringup/package.sh'
[3.010s] INFO:colcon.colcon_core.shell:Creating package script '/home/fog/ros2_ws/install/my_robot_bringup/share/my_robot_bringup/package.bash'
[3.010s] INFO:colcon.colcon_core.shell:Creating package script '/home/fog/ros2_ws/install/my_robot_bringup/share/my_robot_bringup/package.zsh'
[3.011s] Level 1:colcon.colcon_core.environment:create_file_with_runtime_dependencies(/home/fog/ros2_ws/install/my_robot_bringup/share/colcon-core/packages/my_robot_bringup)
[3.316s] DEBUG:colcon.colcon_core.event_handler.log_command:Invoking command in '/home/fog/ros2_ws/build/turtlesim_catch_sim': AMENT_PREFIX_PATH=/home/fog/ros2_ws/install/my_robot_interfaces:${AMENT_PREFIX_PATH} CMAKE_PREFIX_PATH=/home/fog/ros2_ws/install/my_robot_interfaces LD_LIBRARY_PATH=/home/fog/ros2_ws/install/my_robot_interfaces/lib:/usr/lib/x86_64-linux-gnu/gazebo-11/plugins:/opt/ros/humble/opt/rviz_ogre_vendor/lib:/opt/ros/humble/lib/x86_64-linux-gnu:/opt/ros/humble/lib:/usr/share/gazebo/../../lib/x86_64-linux-gnu/gazebo-11/plugins PYTHONPATH=/home/fog/ros2_ws/build/turtlesim_catch_sim/prefix_override:/usr/lib/python3/dist-packages/colcon_core/task/python/colcon_distutils_commands:/home/fog/ros2_ws/install/turtlesim_catch_sim/lib/python3.10/site-packages:/home/fog/ros2_ws/install/my_robot_interfaces/local/lib/python3.10/dist-packages:${PYTHONPATH} /usr/bin/python3 -W ignore:setup.py install is deprecated -W ignore:easy_install command is deprecated setup.py develop --editable --build-directory /home/fog/ros2_ws/build/turtlesim_catch_sim/build --no-deps symlink_data
[3.824s] Level 1:colcon.colcon_core.shell:create_environment_hook('turtlesim_catch_sim', 'pythonpath_develop')
[3.824s] INFO:colcon.colcon_core.shell:Creating environment hook '/home/fog/ros2_ws/build/turtlesim_catch_sim/share/turtlesim_catch_sim/hook/pythonpath_develop.ps1'
[3.826s] DEBUG:colcon.colcon_core.event_handler.log_command:Invoked command in '/home/fog/ros2_ws/build/turtlesim_catch_sim' returned '0': AMENT_PREFIX_PATH=/home/fog/ros2_ws/install/my_robot_interfaces:${AMENT_PREFIX_PATH} CMAKE_PREFIX_PATH=/home/fog/ros2_ws/install/my_robot_interfaces LD_LIBRARY_PATH=/home/fog/ros2_ws/install/my_robot_interfaces/lib:/usr/lib/x86_64-linux-gnu/gazebo-11/plugins:/opt/ros/humble/opt/rviz_ogre_vendor/lib:/opt/ros/humble/lib/x86_64-linux-gnu:/opt/ros/humble/lib:/usr/share/gazebo/../../lib/x86_64-linux-gnu/gazebo-11/plugins PYTHONPATH=/home/fog/ros2_ws/build/turtlesim_catch_sim/prefix_override:/usr/lib/python3/dist-packages/colcon_core/task/python/colcon_distutils_commands:/home/fog/ros2_ws/install/turtlesim_catch_sim/lib/python3.10/site-packages:/home/fog/ros2_ws/install/my_robot_interfaces/local/lib/python3.10/dist-packages:${PYTHONPATH} /usr/bin/python3 -W ignore:setup.py install is deprecated -W ignore:easy_install command is deprecated setup.py develop --editable --build-directory /home/fog/ros2_ws/build/turtlesim_catch_sim/build --no-deps symlink_data
[3.826s] INFO:colcon.colcon_core.shell:Creating environment descriptor '/home/fog/ros2_ws/build/turtlesim_catch_sim/share/turtlesim_catch_sim/hook/pythonpath_develop.dsv'
[3.826s] INFO:colcon.colcon_core.shell:Creating environment hook '/home/fog/ros2_ws/build/turtlesim_catch_sim/share/turtlesim_catch_sim/hook/pythonpath_develop.sh'
[3.827s] Level 1:colcon.colcon_core.environment:checking '/home/fog/ros2_ws/install/turtlesim_catch_sim' for CMake module files
[3.828s] Level 1:colcon.colcon_core.environment:checking '/home/fog/ros2_ws/install/turtlesim_catch_sim' for CMake config files
[3.828s] Level 1:colcon.colcon_core.environment:checking '/home/fog/ros2_ws/install/turtlesim_catch_sim/lib'
[3.829s] Level 1:colcon.colcon_core.environment:checking '/home/fog/ros2_ws/install/turtlesim_catch_sim/bin'
[3.829s] Level 1:colcon.colcon_core.environment:checking '/home/fog/ros2_ws/install/turtlesim_catch_sim/lib/pkgconfig/turtlesim_catch_sim.pc'
[3.829s] Level 1:colcon.colcon_core.environment:checking '/home/fog/ros2_ws/install/turtlesim_catch_sim/lib/python3.10/site-packages'
[3.829s] Level 1:colcon.colcon_core.shell:create_environment_hook('turtlesim_catch_sim', 'pythonpath')
[3.829s] INFO:colcon.colcon_core.shell:Creating environment hook '/home/fog/ros2_ws/install/turtlesim_catch_sim/share/turtlesim_catch_sim/hook/pythonpath.ps1'
[3.830s] INFO:colcon.colcon_core.shell:Creating environment descriptor '/home/fog/ros2_ws/install/turtlesim_catch_sim/share/turtlesim_catch_sim/hook/pythonpath.dsv'
[3.830s] INFO:colcon.colcon_core.shell:Creating environment hook '/home/fog/ros2_ws/install/turtlesim_catch_sim/share/turtlesim_catch_sim/hook/pythonpath.sh'
[3.831s] Level 1:colcon.colcon_core.environment:checking '/home/fog/ros2_ws/install/turtlesim_catch_sim/bin'
[3.831s] Level 1:colcon.colcon_core.environment:create_environment_scripts_only(turtlesim_catch_sim)
[3.831s] INFO:colcon.colcon_core.shell:Creating package script '/home/fog/ros2_ws/install/turtlesim_catch_sim/share/turtlesim_catch_sim/package.ps1'
[3.832s] INFO:colcon.colcon_core.shell:Creating package descriptor '/home/fog/ros2_ws/install/turtlesim_catch_sim/share/turtlesim_catch_sim/package.dsv'
[3.833s] INFO:colcon.colcon_core.shell:Creating package script '/home/fog/ros2_ws/install/turtlesim_catch_sim/share/turtlesim_catch_sim/package.sh'
[3.833s] INFO:colcon.colcon_core.shell:Creating package script '/home/fog/ros2_ws/install/turtlesim_catch_sim/share/turtlesim_catch_sim/package.bash'
[3.834s] INFO:colcon.colcon_core.shell:Creating package script '/home/fog/ros2_ws/install/turtlesim_catch_sim/share/turtlesim_catch_sim/package.zsh'
[3.834s] Level 1:colcon.colcon_core.environment:create_file_with_runtime_dependencies(/home/fog/ros2_ws/install/turtlesim_catch_sim/share/colcon-core/packages/turtlesim_catch_sim)
[3.835s] DEBUG:colcon.colcon_parallel_executor.executor.parallel:closing loop
[3.835s] DEBUG:colcon.colcon_parallel_executor.executor.parallel:loop closed
[3.835s] DEBUG:colcon.colcon_parallel_executor.executor.parallel:run_until_complete finished with '0'
[3.835s] DEBUG:colcon.colcon_core.event_reactor:joining thread
[3.854s] INFO:colcon.colcon_core.plugin_system:Skipping extension 'colcon_notification.desktop_notification.terminal_notifier': Not used on non-Darwin systems
[3.854s] INFO:colcon.colcon_core.plugin_system:Skipping extension 'colcon_notification.desktop_notification.win32': Not used on non-Windows systems
[3.854s] INFO:colcon.colcon_notification.desktop_notification:Sending desktop notification using 'notify2'
[4.121s] DEBUG:colcon.colcon_core.event_reactor:joined thread
[4.121s] INFO:colcon.colcon_core.shell:Creating prefix script '/home/fog/ros2_ws/install/local_setup.ps1'
[4.122s] INFO:colcon.colcon_core.shell:Creating prefix util module '/home/fog/ros2_ws/install/_local_setup_util_ps1.py'
[4.124s] INFO:colcon.colcon_core.shell:Creating prefix chain script '/home/fog/ros2_ws/install/setup.ps1'
[4.126s] INFO:colcon.colcon_core.shell:Creating prefix script '/home/fog/ros2_ws/install/local_setup.sh'
[4.127s] INFO:colcon.colcon_core.shell:Creating prefix util module '/home/fog/ros2_ws/install/_local_setup_util_sh.py'
[4.128s] INFO:colcon.colcon_core.shell:Creating prefix chain script '/home/fog/ros2_ws/install/setup.sh'
[4.129s] INFO:colcon.colcon_core.shell:Creating prefix script '/home/fog/ros2_ws/install/local_setup.bash'
[4.131s] INFO:colcon.colcon_core.shell:Creating prefix chain script '/home/fog/ros2_ws/install/setup.bash'
[4.133s] INFO:colcon.colcon_core.shell:Creating prefix script '/home/fog/ros2_ws/install/local_setup.zsh'
[4.133s] INFO:colcon.colcon_core.shell:Creating prefix chain script '/home/fog/ros2_ws/install/setup.zsh'
