-- Found ament_cmake: 1.3.14 (/opt/ros/humble/share/ament_cmake/cmake)
-- Override CMake install command with custom implementation using symlinks instead of copying resources
-- Configuring done
-- Generating done
-- Build files have been written to: /home/fog/rob_ws/build/three_car_description
-- Install configuration: ""
-- Execute custom install script
-- Symlinking: /home/fog/rob_ws/install/three_car_description/share/three_car_description//urdf/three_car.urdf
-- Symlinking: /home/fog/rob_ws/install/three_car_description/share/three_car_description//urdf/three_car.urdf.xacro
-- Symlinking: /home/fog/rob_ws/install/three_car_description/share/three_car_description//launch/display.launch.xml
-- Symlinking: /home/fog/rob_ws/install/three_car_description/share/three_car_description//rviz/model.rviz
-- Symlinking: /home/fog/rob_ws/install/three_car_description/share/ament_index/resource_index/package_run_dependencies/three_car_description
-- Symlinking: /home/fog/rob_ws/install/three_car_description/share/ament_index/resource_index/parent_prefix_path/three_car_description
-- Symlinking: /home/fog/rob_ws/install/three_car_description/share/three_car_description/environment/ament_prefix_path.sh
-- Symlinking: /home/fog/rob_ws/install/three_car_description/share/three_car_description/environment/ament_prefix_path.dsv
-- Symlinking: /home/fog/rob_ws/install/three_car_description/share/three_car_description/environment/path.sh
-- Symlinking: /home/fog/rob_ws/install/three_car_description/share/three_car_description/environment/path.dsv
-- Symlinking: /home/fog/rob_ws/install/three_car_description/share/three_car_description/local_setup.bash
-- Symlinking: /home/fog/rob_ws/install/three_car_description/share/three_car_description/local_setup.sh
-- Symlinking: /home/fog/rob_ws/install/three_car_description/share/three_car_description/local_setup.zsh
-- Symlinking: /home/fog/rob_ws/install/three_car_description/share/three_car_description/local_setup.dsv
-- Symlinking: /home/fog/rob_ws/install/three_car_description/share/three_car_description/package.dsv
-- Symlinking: /home/fog/rob_ws/install/three_car_description/share/ament_index/resource_index/packages/three_car_description
-- Symlinking: /home/fog/rob_ws/install/three_car_description/share/three_car_description/cmake/three_car_descriptionConfig.cmake
-- Symlinking: /home/fog/rob_ws/install/three_car_description/share/three_car_description/cmake/three_car_descriptionConfig-version.cmake
-- Symlinking: /home/fog/rob_ws/install/three_car_description/share/three_car_description/package.xml
