[0.031s] Invoking command in '/home/fog/rob_ws/build/three_car_description': CMAKE_PREFIX_PATH=${CMAKE_PREFIX_PATH}:/opt/ros/humble /usr/bin/cmake --build /home/fog/rob_ws/build/three_car_description -- -j16 -l16
[0.061s] -- Found ament_cmake: 1.3.14 (/opt/ros/humble/share/ament_cmake/cmake)
[0.259s] -- Configuring done
[0.262s] -- Generating done
[0.264s] -- Build files have been written to: /home/fog/rob_ws/build/three_car_description
[0.293s] Invoked command in '/home/fog/rob_ws/build/three_car_description' returned '0': CMAKE_PREFIX_PATH=${CMAKE_PREFIX_PATH}:/opt/ros/humble /usr/bin/cmake --build /home/fog/rob_ws/build/three_car_description -- -j16 -l16
[0.307s] Invoking command in '/home/fog/rob_ws/build/three_car_description': CMAKE_PREFIX_PATH=${CMAKE_PREFIX_PATH}:/opt/ros/humble /usr/bin/cmake --install /home/fog/rob_ws/build/three_car_description
[0.315s] -- Install configuration: ""
[0.315s] -- Up-to-date: /home/fog/rob_ws/install/three_car_description/share/three_car_description//urdf
[0.316s] -- Up-to-date: /home/fog/rob_ws/install/three_car_description/share/three_car_description//urdf/three_car.urdf
[0.316s] -- Up-to-date: /home/fog/rob_ws/install/three_car_description/share/three_car_description//launch
[0.316s] -- Installing: /home/fog/rob_ws/install/three_car_description/share/three_car_description//launch/display.launch.xml
[0.316s] -- Installing: /home/fog/rob_ws/install/three_car_description/share/three_car_description//rviz
[0.316s] -- Installing: /home/fog/rob_ws/install/three_car_description/share/three_car_description//rviz/model.rviz
[0.316s] -- Up-to-date: /home/fog/rob_ws/install/three_car_description/share/ament_index/resource_index/package_run_dependencies/three_car_description
[0.316s] -- Up-to-date: /home/fog/rob_ws/install/three_car_description/share/ament_index/resource_index/parent_prefix_path/three_car_description
[0.317s] -- Up-to-date: /home/fog/rob_ws/install/three_car_description/share/three_car_description/environment/ament_prefix_path.sh
[0.317s] -- Installing: /home/fog/rob_ws/install/three_car_description/share/three_car_description/environment/ament_prefix_path.dsv
[0.317s] -- Up-to-date: /home/fog/rob_ws/install/three_car_description/share/three_car_description/environment/path.sh
[0.317s] -- Installing: /home/fog/rob_ws/install/three_car_description/share/three_car_description/environment/path.dsv
[0.317s] -- Up-to-date: /home/fog/rob_ws/install/three_car_description/share/three_car_description/local_setup.bash
[0.317s] -- Up-to-date: /home/fog/rob_ws/install/three_car_description/share/three_car_description/local_setup.sh
[0.317s] -- Up-to-date: /home/fog/rob_ws/install/three_car_description/share/three_car_description/local_setup.zsh
[0.317s] -- Installing: /home/fog/rob_ws/install/three_car_description/share/three_car_description/local_setup.dsv
[0.317s] -- Installing: /home/fog/rob_ws/install/three_car_description/share/three_car_description/package.dsv
[0.318s] -- Up-to-date: /home/fog/rob_ws/install/three_car_description/share/ament_index/resource_index/packages/three_car_description
[0.318s] -- Up-to-date: /home/fog/rob_ws/install/three_car_description/share/three_car_description/cmake/three_car_descriptionConfig.cmake
[0.318s] -- Up-to-date: /home/fog/rob_ws/install/three_car_description/share/three_car_description/cmake/three_car_descriptionConfig-version.cmake
[0.318s] -- Up-to-date: /home/fog/rob_ws/install/three_car_description/share/three_car_description/package.xml
[0.320s] Invoked command in '/home/fog/rob_ws/build/three_car_description' returned '0': CMAKE_PREFIX_PATH=${CMAKE_PREFIX_PATH}:/opt/ros/humble /usr/bin/cmake --install /home/fog/rob_ws/build/three_car_description
