[0.013s] Invoking command in '/home/fog/rob_ws/build/three_car_description': CMAKE_PREFIX_PATH=${CMAKE_PREFIX_PATH}:/opt/ros/humble /usr/bin/cmake /home/fog/rob_ws/src/three_car_description -DCMAKE_INSTALL_PREFIX=/home/fog/rob_ws/install/three_car_description
[0.089s] -- The C compiler identification is GNU 11.4.0
[0.163s] -- The CXX compiler identification is GNU 11.4.0
[0.171s] -- Detecting C compiler ABI info
[0.272s] -- Detecting C compiler ABI info - done
[0.278s] -- Check for working C compiler: /usr/bin/cc - skipped
[0.279s] -- Detecting C compile features
[0.279s] -- Detecting C compile features - done
[0.282s] -- Detecting CXX compiler ABI info
[0.392s] -- Detecting CXX compiler ABI info - done
[0.399s] -- Check for working CXX compiler: /usr/bin/c++ - skipped
[0.400s] -- Detecting CXX compile features
[0.400s] -- Detecting CXX compile features - done
[0.403s] -- Found ament_cmake: 1.3.14 (/opt/ros/humble/share/ament_cmake/cmake)
[0.566s] -- Found Python3: /usr/bin/python3 (found version "3.10.12") found components: Interpreter 
[0.725s] -- Configuring done
[0.728s] -- Generating done
[0.730s] -- Build files have been written to: /home/fog/rob_ws/build/three_car_description
[0.735s] Invoked command in '/home/fog/rob_ws/build/three_car_description' returned '0': CMAKE_PREFIX_PATH=${CMAKE_PREFIX_PATH}:/opt/ros/humble /usr/bin/cmake /home/fog/rob_ws/src/three_car_description -DCMAKE_INSTALL_PREFIX=/home/fog/rob_ws/install/three_car_description
[0.737s] Invoking command in '/home/fog/rob_ws/build/three_car_description': CMAKE_PREFIX_PATH=${CMAKE_PREFIX_PATH}:/opt/ros/humble /usr/bin/cmake --build /home/fog/rob_ws/build/three_car_description -- -j16 -l16
[0.791s] Invoked command in '/home/fog/rob_ws/build/three_car_description' returned '0': CMAKE_PREFIX_PATH=${CMAKE_PREFIX_PATH}:/opt/ros/humble /usr/bin/cmake --build /home/fog/rob_ws/build/three_car_description -- -j16 -l16
[0.806s] Invoking command in '/home/fog/rob_ws/build/three_car_description': CMAKE_PREFIX_PATH=${CMAKE_PREFIX_PATH}:/opt/ros/humble /usr/bin/cmake --install /home/fog/rob_ws/build/three_car_description
[0.816s] -- Install configuration: ""
[0.816s] -- Installing: /home/fog/rob_ws/install/three_car_description/share/three_car_description//urdf
[0.816s] -- Installing: /home/fog/rob_ws/install/three_car_description/share/three_car_description//urdf/three_car.urdf
[0.816s] -- Installing: /home/fog/rob_ws/install/three_car_description/share/three_car_description//launch
[0.816s] -- Installing: /home/fog/rob_ws/install/three_car_description/share/three_car_description//launch/display.launch.xml
[0.817s] -- Installing: /home/fog/rob_ws/install/three_car_description/share/ament_index/resource_index/package_run_dependencies/three_car_description
[0.817s] -- Installing: /home/fog/rob_ws/install/three_car_description/share/ament_index/resource_index/parent_prefix_path/three_car_description
[0.817s] -- Installing: /home/fog/rob_ws/install/three_car_description/share/three_car_description/environment/ament_prefix_path.sh
[0.817s] -- Installing: /home/fog/rob_ws/install/three_car_description/share/three_car_description/environment/ament_prefix_path.dsv
[0.817s] -- Installing: /home/fog/rob_ws/install/three_car_description/share/three_car_description/environment/path.sh
[0.817s] -- Installing: /home/fog/rob_ws/install/three_car_description/share/three_car_description/environment/path.dsv
[0.817s] -- Installing: /home/fog/rob_ws/install/three_car_description/share/three_car_description/local_setup.bash
[0.818s] -- Installing: /home/fog/rob_ws/install/three_car_description/share/three_car_description/local_setup.sh
[0.818s] -- Installing: /home/fog/rob_ws/install/three_car_description/share/three_car_description/local_setup.zsh
[0.818s] -- Installing: /home/fog/rob_ws/install/three_car_description/share/three_car_description/local_setup.dsv
[0.818s] -- Installing: /home/fog/rob_ws/install/three_car_description/share/three_car_description/package.dsv
[0.818s] -- Installing: /home/fog/rob_ws/install/three_car_description/share/ament_index/resource_index/packages/three_car_description
[0.818s] -- Installing: /home/fog/rob_ws/install/three_car_description/share/three_car_description/cmake/three_car_descriptionConfig.cmake
[0.818s] -- Installing: /home/fog/rob_ws/install/three_car_description/share/three_car_description/cmake/three_car_descriptionConfig-version.cmake
[0.818s] -- Installing: /home/fog/rob_ws/install/three_car_description/share/three_car_description/package.xml
[0.821s] Invoked command in '/home/fog/rob_ws/build/three_car_description' returned '0': CMAKE_PREFIX_PATH=${CMAKE_PREFIX_PATH}:/opt/ros/humble /usr/bin/cmake --install /home/fog/rob_ws/build/three_car_description
