-- Found ament_cmake: 1.3.14 (/opt/ros/humble/share/ament_cmake/cmake)
-- Override CMake install command with custom implementation using symlinks instead of copying resources
-- Configuring done
-- Generating done
-- Build files have been written to: /home/fog/rob_ws/build/three_car_bringup
-- Install configuration: ""
-- Execute custom install script
-- Symlinking: /home/fog/rob_ws/install/three_car_bringup/share/three_car_bringup//launch/three_car_gazebo.launch.xml
-- Symlinking: /home/fog/rob_ws/install/three_car_bringup/share/three_car_bringup//config/gazebo_bridge.yaml
-- Symlinking: /home/fog/rob_ws/install/three_car_bringup/share/ament_index/resource_index/package_run_dependencies/three_car_bringup
-- Symlinking: /home/fog/rob_ws/install/three_car_bringup/share/ament_index/resource_index/parent_prefix_path/three_car_bringup
-- Symlinking: /home/fog/rob_ws/install/three_car_bringup/share/three_car_bringup/environment/ament_prefix_path.sh
-- Symlinking: /home/fog/rob_ws/install/three_car_bringup/share/three_car_bringup/environment/ament_prefix_path.dsv
-- Symlinking: /home/fog/rob_ws/install/three_car_bringup/share/three_car_bringup/environment/path.sh
-- Symlinking: /home/fog/rob_ws/install/three_car_bringup/share/three_car_bringup/environment/path.dsv
-- Symlinking: /home/fog/rob_ws/install/three_car_bringup/share/three_car_bringup/local_setup.bash
-- Symlinking: /home/fog/rob_ws/install/three_car_bringup/share/three_car_bringup/local_setup.sh
-- Symlinking: /home/fog/rob_ws/install/three_car_bringup/share/three_car_bringup/local_setup.zsh
-- Symlinking: /home/fog/rob_ws/install/three_car_bringup/share/three_car_bringup/local_setup.dsv
-- Symlinking: /home/fog/rob_ws/install/three_car_bringup/share/three_car_bringup/package.dsv
-- Symlinking: /home/fog/rob_ws/install/three_car_bringup/share/ament_index/resource_index/packages/three_car_bringup
-- Symlinking: /home/fog/rob_ws/install/three_car_bringup/share/three_car_bringup/cmake/three_car_bringupConfig.cmake
-- Symlinking: /home/fog/rob_ws/install/three_car_bringup/share/three_car_bringup/cmake/three_car_bringupConfig-version.cmake
-- Symlinking: /home/fog/rob_ws/install/three_car_bringup/share/three_car_bringup/package.xml
