[0.036s] Invoking command in '/home/fog/rob_ws/build/three_car_bringup': CMAKE_PREFIX_PATH=${CMAKE_PREFIX_PATH}:/opt/ros/humble /usr/bin/cmake /home/fog/rob_ws/src/three_car_bringup -DAMENT_CMAKE_SYMLINK_INSTALL=1 -DCMAKE_INSTALL_PREFIX=/home/fog/rob_ws/install/three_car_bringup
[0.077s] -- Found ament_cmake: 1.3.14 (/opt/ros/humble/share/ament_cmake/cmake)
[0.229s] -- Override CMake install command with custom implementation using symlinks instead of copying resources
[0.341s] -- Configuring done
[0.346s] -- Generating done
[0.348s] -- Build files have been written to: /home/fog/rob_ws/build/three_car_bringup
[0.352s] Invoked command in '/home/fog/rob_ws/build/three_car_bringup' returned '0': CMAKE_PREFIX_PATH=${CMAKE_PREFIX_PATH}:/opt/ros/humble /usr/bin/cmake /home/fog/rob_ws/src/three_car_bringup -DAMENT_CMAKE_SYMLINK_INSTALL=1 -DCMAKE_INSTALL_PREFIX=/home/fog/rob_ws/install/three_car_bringup
[0.354s] Invoking command in '/home/fog/rob_ws/build/three_car_bringup': CMAKE_PREFIX_PATH=${CMAKE_PREFIX_PATH}:/opt/ros/humble /usr/bin/cmake --build /home/fog/rob_ws/build/three_car_bringup -- -j16 -l16
[0.400s] Invoked command in '/home/fog/rob_ws/build/three_car_bringup' returned '0': CMAKE_PREFIX_PATH=${CMAKE_PREFIX_PATH}:/opt/ros/humble /usr/bin/cmake --build /home/fog/rob_ws/build/three_car_bringup -- -j16 -l16
[0.413s] Invoking command in '/home/fog/rob_ws/build/three_car_bringup': CMAKE_PREFIX_PATH=${CMAKE_PREFIX_PATH}:/opt/ros/humble /usr/bin/cmake --install /home/fog/rob_ws/build/three_car_bringup
[0.422s] -- Install configuration: ""
[0.422s] -- Execute custom install script
[0.422s] -- Symlinking: /home/fog/rob_ws/install/three_car_bringup/share/three_car_bringup//launch/three_car_gazebo.launch.xml
[0.434s] -- Symlinking: /home/fog/rob_ws/install/three_car_bringup/share/three_car_bringup//config/gazebo_bridge.yaml
[0.445s] -- Symlinking: /home/fog/rob_ws/install/three_car_bringup/share/ament_index/resource_index/package_run_dependencies/three_car_bringup
[0.457s] -- Symlinking: /home/fog/rob_ws/install/three_car_bringup/share/ament_index/resource_index/parent_prefix_path/three_car_bringup
[0.468s] -- Symlinking: /home/fog/rob_ws/install/three_car_bringup/share/three_car_bringup/environment/ament_prefix_path.sh
[0.480s] -- Symlinking: /home/fog/rob_ws/install/three_car_bringup/share/three_car_bringup/environment/ament_prefix_path.dsv
[0.490s] -- Symlinking: /home/fog/rob_ws/install/three_car_bringup/share/three_car_bringup/environment/path.sh
[0.500s] -- Symlinking: /home/fog/rob_ws/install/three_car_bringup/share/three_car_bringup/environment/path.dsv
[0.510s] -- Symlinking: /home/fog/rob_ws/install/three_car_bringup/share/three_car_bringup/local_setup.bash
[0.522s] -- Symlinking: /home/fog/rob_ws/install/three_car_bringup/share/three_car_bringup/local_setup.sh
[0.533s] -- Symlinking: /home/fog/rob_ws/install/three_car_bringup/share/three_car_bringup/local_setup.zsh
[0.543s] -- Symlinking: /home/fog/rob_ws/install/three_car_bringup/share/three_car_bringup/local_setup.dsv
[0.555s] -- Symlinking: /home/fog/rob_ws/install/three_car_bringup/share/three_car_bringup/package.dsv
[0.565s] -- Symlinking: /home/fog/rob_ws/install/three_car_bringup/share/ament_index/resource_index/packages/three_car_bringup
[0.576s] -- Symlinking: /home/fog/rob_ws/install/three_car_bringup/share/three_car_bringup/cmake/three_car_bringupConfig.cmake
[0.589s] -- Symlinking: /home/fog/rob_ws/install/three_car_bringup/share/three_car_bringup/cmake/three_car_bringupConfig-version.cmake
[0.601s] -- Symlinking: /home/fog/rob_ws/install/three_car_bringup/share/three_car_bringup/package.xml
[0.615s] Invoked command in '/home/fog/rob_ws/build/three_car_bringup' returned '0': CMAKE_PREFIX_PATH=${CMAKE_PREFIX_PATH}:/opt/ros/humble /usr/bin/cmake --install /home/fog/rob_ws/build/three_car_bringup
