[0.015s] Invoking command in '/home/fog/ros2_ws/build/my_robot_bringup': AMENT_PREFIX_PATH=/home/fog/ros2_ws/install/my_py_pkg:${AMENT_PREFIX_PATH} CMAKE_PREFIX_PATH=/opt/ros/humble PYTHONPATH=/home/fog/ros2_ws/install/my_py_pkg/lib/python3.10/site-packages:${PYTHONPATH} /usr/bin/cmake /home/fog/ros2_ws/src/my_robot_bringup -DCMAKE_INSTALL_PREFIX=/home/fog/ros2_ws/install/my_robot_bringup
[0.043s] -- Found ament_cmake: 1.3.14 (/opt/ros/humble/share/ament_cmake/cmake)
[0.199s] -- Override CMake install command with custom implementation using symlinks instead of copying resources
[0.309s] -- Configuring done
[0.318s] -- Generating done
[0.321s] -- Build files have been written to: /home/fog/ros2_ws/build/my_robot_bringup
[0.324s] Invoked command in '/home/fog/ros2_ws/build/my_robot_bringup' returned '0': AMENT_PREFIX_PATH=/home/fog/ros2_ws/install/my_py_pkg:${AMENT_PREFIX_PATH} CMAKE_PREFIX_PATH=/opt/ros/humble PYTHONPATH=/home/fog/ros2_ws/install/my_py_pkg/lib/python3.10/site-packages:${PYTHONPATH} /usr/bin/cmake /home/fog/ros2_ws/src/my_robot_bringup -DCMAKE_INSTALL_PREFIX=/home/fog/ros2_ws/install/my_robot_bringup
[0.324s] Invoking command in '/home/fog/ros2_ws/build/my_robot_bringup': AMENT_PREFIX_PATH=/home/fog/ros2_ws/install/my_py_pkg:${AMENT_PREFIX_PATH} CMAKE_PREFIX_PATH=/opt/ros/humble PYTHONPATH=/home/fog/ros2_ws/install/my_py_pkg/lib/python3.10/site-packages:${PYTHONPATH} /usr/bin/cmake --build /home/fog/ros2_ws/build/my_robot_bringup -- -j16 -l16
[0.377s] Invoked command in '/home/fog/ros2_ws/build/my_robot_bringup' returned '0': AMENT_PREFIX_PATH=/home/fog/ros2_ws/install/my_py_pkg:${AMENT_PREFIX_PATH} CMAKE_PREFIX_PATH=/opt/ros/humble PYTHONPATH=/home/fog/ros2_ws/install/my_py_pkg/lib/python3.10/site-packages:${PYTHONPATH} /usr/bin/cmake --build /home/fog/ros2_ws/build/my_robot_bringup -- -j16 -l16
[0.380s] Invoking command in '/home/fog/ros2_ws/build/my_robot_bringup': AMENT_PREFIX_PATH=/home/fog/ros2_ws/install/my_py_pkg:${AMENT_PREFIX_PATH} CMAKE_PREFIX_PATH=/opt/ros/humble PYTHONPATH=/home/fog/ros2_ws/install/my_py_pkg/lib/python3.10/site-packages:${PYTHONPATH} /usr/bin/cmake --install /home/fog/ros2_ws/build/my_robot_bringup
[0.390s] -- Install configuration: ""
[0.390s] -- Execute custom install script
[0.392s] -- Up-to-date symlink: /home/fog/ros2_ws/install/my_robot_bringup/share/my_robot_bringup//launch/number_app.launch.py
[0.392s] -- Up-to-date symlink: /home/fog/ros2_ws/install/my_robot_bringup/share/my_robot_bringup//launch/number_app.launch.xml
[0.393s] -- Up-to-date symlink: /home/fog/ros2_ws/install/my_robot_bringup/share/my_robot_bringup//launch/number_app_from_py.launch.xml
[0.393s] -- Up-to-date symlink: /home/fog/ros2_ws/install/my_robot_bringup/share/my_robot_bringup//config/number_app.yaml
[0.394s] -- Up-to-date symlink: /home/fog/ros2_ws/install/my_robot_bringup/share/ament_index/resource_index/package_run_dependencies/my_robot_bringup
[0.395s] -- Up-to-date symlink: /home/fog/ros2_ws/install/my_robot_bringup/share/ament_index/resource_index/parent_prefix_path/my_robot_bringup
[0.396s] -- Up-to-date symlink: /home/fog/ros2_ws/install/my_robot_bringup/share/my_robot_bringup/environment/ament_prefix_path.sh
[0.396s] -- Up-to-date symlink: /home/fog/ros2_ws/install/my_robot_bringup/share/my_robot_bringup/environment/ament_prefix_path.dsv
[0.397s] -- Up-to-date symlink: /home/fog/ros2_ws/install/my_robot_bringup/share/my_robot_bringup/environment/path.sh
[0.397s] -- Up-to-date symlink: /home/fog/ros2_ws/install/my_robot_bringup/share/my_robot_bringup/environment/path.dsv
[0.398s] -- Up-to-date symlink: /home/fog/ros2_ws/install/my_robot_bringup/share/my_robot_bringup/local_setup.bash
[0.399s] -- Up-to-date symlink: /home/fog/ros2_ws/install/my_robot_bringup/share/my_robot_bringup/local_setup.sh
[0.399s] -- Up-to-date symlink: /home/fog/ros2_ws/install/my_robot_bringup/share/my_robot_bringup/local_setup.zsh
[0.400s] -- Up-to-date symlink: /home/fog/ros2_ws/install/my_robot_bringup/share/my_robot_bringup/local_setup.dsv
[0.400s] -- Symlinking: /home/fog/ros2_ws/install/my_robot_bringup/share/my_robot_bringup/package.dsv
[0.412s] -- Up-to-date symlink: /home/fog/ros2_ws/install/my_robot_bringup/share/ament_index/resource_index/packages/my_robot_bringup
[0.413s] -- Up-to-date symlink: /home/fog/ros2_ws/install/my_robot_bringup/share/my_robot_bringup/cmake/my_robot_bringupConfig.cmake
[0.413s] -- Up-to-date symlink: /home/fog/ros2_ws/install/my_robot_bringup/share/my_robot_bringup/cmake/my_robot_bringupConfig-version.cmake
[0.413s] -- Up-to-date symlink: /home/fog/ros2_ws/install/my_robot_bringup/share/my_robot_bringup/package.xml
[0.416s] Invoked command in '/home/fog/ros2_ws/build/my_robot_bringup' returned '0': AMENT_PREFIX_PATH=/home/fog/ros2_ws/install/my_py_pkg:${AMENT_PREFIX_PATH} CMAKE_PREFIX_PATH=/opt/ros/humble PYTHONPATH=/home/fog/ros2_ws/install/my_py_pkg/lib/python3.10/site-packages:${PYTHONPATH} /usr/bin/cmake --install /home/fog/ros2_ws/build/my_robot_bringup
