[0.271s] DEBUG:colcon:Command line arguments: ['/usr/bin/colcon', 'build']
[0.271s] DEBUG:colcon:Parsed command line arguments: Namespace(log_base=None, log_level=None, verb_name='build', build_base='build', install_base='install', merge_install=False, symlink_install=False, test_result_base=None, continue_on_error=False, executor='parallel', parallel_workers=16, event_handlers=None, ignore_user_meta=False, metas=['./colcon.meta'], base_paths=['.'], packages_ignore=None, packages_ignore_regex=None, paths=None, packages_up_to=None, packages_up_to_regex=None, packages_above=None, packages_above_and_dependencies=None, packages_above_depth=None, packages_select_by_dep=None, packages_skip_by_dep=None, packages_skip_up_to=None, packages_select_build_failed=False, packages_skip_build_finished=False, packages_select_test_failures=False, packages_skip_test_passed=False, packages_select=None, packages_skip=None, packages_select_regex=None, packages_skip_regex=None, packages_start=None, packages_end=None, allow_overriding=[], cmake_args=None, cmake_target=None, cmake_target_skip_unavailable=False, cmake_clean_cache=False, cmake_clean_first=False, cmake_force_configure=False, ament_cmake_args=None, catkin_cmake_args=None, catkin_skip_building_tests=False, verb_parser=<colcon_defaults.argument_parser.defaults.DefaultArgumentsDecorator object at 0x771ea64147c0>, verb_extension=<colcon_core.verb.build.BuildVerb object at 0x771ea65c0eb0>, main=<bound method BuildVerb.main of <colcon_core.verb.build.BuildVerb object at 0x771ea65c0eb0>>)
[0.772s] Level 1:colcon.colcon_core.package_discovery:discover_packages(colcon_meta) check parameters
[0.772s] Level 1:colcon.colcon_core.package_discovery:discover_packages(recursive) check parameters
[0.772s] Level 1:colcon.colcon_core.package_discovery:discover_packages(ignore) check parameters
[0.772s] Level 1:colcon.colcon_core.package_discovery:discover_packages(path) check parameters
[0.772s] Level 1:colcon.colcon_core.package_discovery:discover_packages(colcon_meta) discover
[0.772s] Level 1:colcon.colcon_core.package_discovery:discover_packages(recursive) discover
[0.772s] INFO:colcon.colcon_core.package_discovery:Crawling recursively for packages in '/home/fog/ros2_ws'
[0.772s] Level 1:colcon.colcon_core.package_identification:_identify(.) by extensions ['ignore', 'ignore_ament_install']
[0.772s] Level 1:colcon.colcon_core.package_identification:_identify(.) by extension 'ignore'
[0.772s] Level 1:colcon.colcon_core.package_identification:_identify(.) by extension 'ignore_ament_install'
[0.773s] Level 1:colcon.colcon_core.package_identification:_identify(.) by extensions ['colcon_pkg']
[0.773s] Level 1:colcon.colcon_core.package_identification:_identify(.) by extension 'colcon_pkg'
[0.773s] Level 1:colcon.colcon_core.package_identification:_identify(.) by extensions ['colcon_meta']
[0.773s] Level 1:colcon.colcon_core.package_identification:_identify(.) by extension 'colcon_meta'
[0.773s] Level 1:colcon.colcon_core.package_identification:_identify(.) by extensions ['ros']
[0.773s] Level 1:colcon.colcon_core.package_identification:_identify(.) by extension 'ros'
[0.792s] Level 1:colcon.colcon_core.package_identification:_identify(.) by extensions ['cmake', 'python']
[0.792s] Level 1:colcon.colcon_core.package_identification:_identify(.) by extension 'cmake'
[0.792s] Level 1:colcon.colcon_core.package_identification:_identify(.) by extension 'python'
[0.792s] Level 1:colcon.colcon_core.package_identification:_identify(.) by extensions ['python_setup_py']
[0.793s] Level 1:colcon.colcon_core.package_identification:_identify(.) by extension 'python_setup_py'
[0.793s] Level 1:colcon.colcon_core.package_identification:_identify(build) by extensions ['ignore', 'ignore_ament_install']
[0.793s] Level 1:colcon.colcon_core.package_identification:_identify(build) by extension 'ignore'
[0.793s] Level 1:colcon.colcon_core.package_identification:_identify(build) ignored
[0.793s] Level 1:colcon.colcon_core.package_identification:_identify(install) by extensions ['ignore', 'ignore_ament_install']
[0.793s] Level 1:colcon.colcon_core.package_identification:_identify(install) by extension 'ignore'
[0.793s] Level 1:colcon.colcon_core.package_identification:_identify(install) ignored
[0.793s] Level 1:colcon.colcon_core.package_identification:_identify(log) by extensions ['ignore', 'ignore_ament_install']
[0.793s] Level 1:colcon.colcon_core.package_identification:_identify(log) by extension 'ignore'
[0.793s] Level 1:colcon.colcon_core.package_identification:_identify(log) ignored
[0.793s] Level 1:colcon.colcon_core.package_identification:_identify(src) by extensions ['ignore', 'ignore_ament_install']
[0.793s] Level 1:colcon.colcon_core.package_identification:_identify(src) by extension 'ignore'
[0.793s] Level 1:colcon.colcon_core.package_identification:_identify(src) by extension 'ignore_ament_install'
[0.794s] Level 1:colcon.colcon_core.package_identification:_identify(src) by extensions ['colcon_pkg']
[0.794s] Level 1:colcon.colcon_core.package_identification:_identify(src) by extension 'colcon_pkg'
[0.794s] Level 1:colcon.colcon_core.package_identification:_identify(src) by extensions ['colcon_meta']
[0.794s] Level 1:colcon.colcon_core.package_identification:_identify(src) by extension 'colcon_meta'
[0.794s] Level 1:colcon.colcon_core.package_identification:_identify(src) by extensions ['ros']
[0.794s] Level 1:colcon.colcon_core.package_identification:_identify(src) by extension 'ros'
[0.794s] Level 1:colcon.colcon_core.package_identification:_identify(src) by extensions ['cmake', 'python']
[0.794s] Level 1:colcon.colcon_core.package_identification:_identify(src) by extension 'cmake'
[0.794s] Level 1:colcon.colcon_core.package_identification:_identify(src) by extension 'python'
[0.794s] Level 1:colcon.colcon_core.package_identification:_identify(src) by extensions ['python_setup_py']
[0.794s] Level 1:colcon.colcon_core.package_identification:_identify(src) by extension 'python_setup_py'
[0.794s] Level 1:colcon.colcon_core.package_identification:_identify(src/my_py_pkg) by extensions ['ignore', 'ignore_ament_install']
[0.794s] Level 1:colcon.colcon_core.package_identification:_identify(src/my_py_pkg) by extension 'ignore'
[0.794s] Level 1:colcon.colcon_core.package_identification:_identify(src/my_py_pkg) by extension 'ignore_ament_install'
[0.794s] Level 1:colcon.colcon_core.package_identification:_identify(src/my_py_pkg) by extensions ['colcon_pkg']
[0.794s] Level 1:colcon.colcon_core.package_identification:_identify(src/my_py_pkg) by extension 'colcon_pkg'
[0.794s] Level 1:colcon.colcon_core.package_identification:_identify(src/my_py_pkg) by extensions ['colcon_meta']
[0.794s] Level 1:colcon.colcon_core.package_identification:_identify(src/my_py_pkg) by extension 'colcon_meta'
[0.794s] Level 1:colcon.colcon_core.package_identification:_identify(src/my_py_pkg) by extensions ['ros']
[0.794s] Level 1:colcon.colcon_core.package_identification:_identify(src/my_py_pkg) by extension 'ros'
[0.799s] DEBUG:colcon.colcon_core.package_identification:Package 'src/my_py_pkg' with type 'ros.ament_python' and name 'my_py_pkg'
[0.799s] Level 1:colcon.colcon_core.package_identification:_identify(src/my_robot_bringup) by extensions ['ignore', 'ignore_ament_install']
[0.799s] Level 1:colcon.colcon_core.package_identification:_identify(src/my_robot_bringup) by extension 'ignore'
[0.800s] Level 1:colcon.colcon_core.package_identification:_identify(src/my_robot_bringup) by extension 'ignore_ament_install'
[0.800s] Level 1:colcon.colcon_core.package_identification:_identify(src/my_robot_bringup) by extensions ['colcon_pkg']
[0.800s] Level 1:colcon.colcon_core.package_identification:_identify(src/my_robot_bringup) by extension 'colcon_pkg'
[0.800s] Level 1:colcon.colcon_core.package_identification:_identify(src/my_robot_bringup) by extensions ['colcon_meta']
[0.800s] Level 1:colcon.colcon_core.package_identification:_identify(src/my_robot_bringup) by extension 'colcon_meta'
[0.800s] Level 1:colcon.colcon_core.package_identification:_identify(src/my_robot_bringup) by extensions ['ros']
[0.800s] Level 1:colcon.colcon_core.package_identification:_identify(src/my_robot_bringup) by extension 'ros'
[0.801s] DEBUG:colcon.colcon_core.package_identification:Package 'src/my_robot_bringup' with type 'ros.ament_cmake' and name 'my_robot_bringup'
[0.801s] Level 1:colcon.colcon_core.package_identification:_identify(src/my_robot_interfaces) by extensions ['ignore', 'ignore_ament_install']
[0.801s] Level 1:colcon.colcon_core.package_identification:_identify(src/my_robot_interfaces) by extension 'ignore'
[0.801s] Level 1:colcon.colcon_core.package_identification:_identify(src/my_robot_interfaces) by extension 'ignore_ament_install'
[0.801s] Level 1:colcon.colcon_core.package_identification:_identify(src/my_robot_interfaces) by extensions ['colcon_pkg']
[0.801s] Level 1:colcon.colcon_core.package_identification:_identify(src/my_robot_interfaces) by extension 'colcon_pkg'
[0.801s] Level 1:colcon.colcon_core.package_identification:_identify(src/my_robot_interfaces) by extensions ['colcon_meta']
[0.801s] Level 1:colcon.colcon_core.package_identification:_identify(src/my_robot_interfaces) by extension 'colcon_meta'
[0.801s] Level 1:colcon.colcon_core.package_identification:_identify(src/my_robot_interfaces) by extensions ['ros']
[0.801s] Level 1:colcon.colcon_core.package_identification:_identify(src/my_robot_interfaces) by extension 'ros'
[0.802s] DEBUG:colcon.colcon_core.package_identification:Package 'src/my_robot_interfaces' with type 'ros.ament_cmake' and name 'my_robot_interfaces'
[0.802s] Level 1:colcon.colcon_core.package_identification:_identify(src/turtlesim_catch_sim) by extensions ['ignore', 'ignore_ament_install']
[0.802s] Level 1:colcon.colcon_core.package_identification:_identify(src/turtlesim_catch_sim) by extension 'ignore'
[0.802s] Level 1:colcon.colcon_core.package_identification:_identify(src/turtlesim_catch_sim) by extension 'ignore_ament_install'
[0.802s] Level 1:colcon.colcon_core.package_identification:_identify(src/turtlesim_catch_sim) by extensions ['colcon_pkg']
[0.802s] Level 1:colcon.colcon_core.package_identification:_identify(src/turtlesim_catch_sim) by extension 'colcon_pkg'
[0.802s] Level 1:colcon.colcon_core.package_identification:_identify(src/turtlesim_catch_sim) by extensions ['colcon_meta']
[0.802s] Level 1:colcon.colcon_core.package_identification:_identify(src/turtlesim_catch_sim) by extension 'colcon_meta'
[0.802s] Level 1:colcon.colcon_core.package_identification:_identify(src/turtlesim_catch_sim) by extensions ['ros']
[0.802s] Level 1:colcon.colcon_core.package_identification:_identify(src/turtlesim_catch_sim) by extension 'ros'
[0.803s] DEBUG:colcon.colcon_core.package_identification:Package 'src/turtlesim_catch_sim' with type 'ros.ament_python' and name 'turtlesim_catch_sim'
[0.803s] Level 1:colcon.colcon_core.package_discovery:discover_packages(recursive) using defaults
[0.804s] Level 1:colcon.colcon_core.package_discovery:discover_packages(ignore) discover
[0.804s] Level 1:colcon.colcon_core.package_discovery:discover_packages(ignore) using defaults
[0.804s] Level 1:colcon.colcon_core.package_discovery:discover_packages(path) discover
[0.804s] Level 1:colcon.colcon_core.package_discovery:discover_packages(path) using defaults
[0.854s] Level 1:colcon.colcon_core.package_discovery:discover_packages(prefix_path) check parameters
[0.854s] Level 1:colcon.colcon_core.package_discovery:discover_packages(prefix_path) discover
[0.862s] DEBUG:colcon.colcon_installed_package_information.package_discovery:Found 442 installed packages in /opt/ros/humble
[0.865s] Level 1:colcon.colcon_core.package_discovery:discover_packages(prefix_path) using defaults
[1.076s] Level 5:colcon.colcon_core.verb:set package 'my_py_pkg' build argument 'cmake_args' from command line to 'None'
[1.076s] Level 5:colcon.colcon_core.verb:set package 'my_py_pkg' build argument 'cmake_target' from command line to 'None'
[1.076s] Level 5:colcon.colcon_core.verb:set package 'my_py_pkg' build argument 'cmake_target_skip_unavailable' from command line to 'False'
[1.076s] Level 5:colcon.colcon_core.verb:set package 'my_py_pkg' build argument 'cmake_clean_cache' from command line to 'False'
[1.076s] Level 5:colcon.colcon_core.verb:set package 'my_py_pkg' build argument 'cmake_clean_first' from command line to 'False'
[1.076s] Level 5:colcon.colcon_core.verb:set package 'my_py_pkg' build argument 'cmake_force_configure' from command line to 'False'
[1.076s] Level 5:colcon.colcon_core.verb:set package 'my_py_pkg' build argument 'ament_cmake_args' from command line to 'None'
[1.076s] Level 5:colcon.colcon_core.verb:set package 'my_py_pkg' build argument 'catkin_cmake_args' from command line to 'None'
[1.076s] Level 5:colcon.colcon_core.verb:set package 'my_py_pkg' build argument 'catkin_skip_building_tests' from command line to 'False'
[1.076s] DEBUG:colcon.colcon_core.verb:Building package 'my_py_pkg' with the following arguments: {'ament_cmake_args': None, 'build_base': '/home/fog/ros2_ws/build/my_py_pkg', 'catkin_cmake_args': None, 'catkin_skip_building_tests': False, 'cmake_args': None, 'cmake_clean_cache': False, 'cmake_clean_first': False, 'cmake_force_configure': False, 'cmake_target': None, 'cmake_target_skip_unavailable': False, 'install_base': '/home/fog/ros2_ws/install/my_py_pkg', 'merge_install': False, 'path': '/home/fog/ros2_ws/src/my_py_pkg', 'symlink_install': False, 'test_result_base': None}
[1.076s] Level 5:colcon.colcon_core.verb:set package 'my_robot_interfaces' build argument 'cmake_args' from command line to 'None'
[1.076s] Level 5:colcon.colcon_core.verb:set package 'my_robot_interfaces' build argument 'cmake_target' from command line to 'None'
[1.076s] Level 5:colcon.colcon_core.verb:set package 'my_robot_interfaces' build argument 'cmake_target_skip_unavailable' from command line to 'False'
[1.076s] Level 5:colcon.colcon_core.verb:set package 'my_robot_interfaces' build argument 'cmake_clean_cache' from command line to 'False'
[1.076s] Level 5:colcon.colcon_core.verb:set package 'my_robot_interfaces' build argument 'cmake_clean_first' from command line to 'False'
[1.076s] Level 5:colcon.colcon_core.verb:set package 'my_robot_interfaces' build argument 'cmake_force_configure' from command line to 'False'
[1.076s] Level 5:colcon.colcon_core.verb:set package 'my_robot_interfaces' build argument 'ament_cmake_args' from command line to 'None'
[1.077s] Level 5:colcon.colcon_core.verb:set package 'my_robot_interfaces' build argument 'catkin_cmake_args' from command line to 'None'
[1.077s] Level 5:colcon.colcon_core.verb:set package 'my_robot_interfaces' build argument 'catkin_skip_building_tests' from command line to 'False'
[1.077s] DEBUG:colcon.colcon_core.verb:Building package 'my_robot_interfaces' with the following arguments: {'ament_cmake_args': None, 'build_base': '/home/fog/ros2_ws/build/my_robot_interfaces', 'catkin_cmake_args': None, 'catkin_skip_building_tests': False, 'cmake_args': None, 'cmake_clean_cache': False, 'cmake_clean_first': False, 'cmake_force_configure': False, 'cmake_target': None, 'cmake_target_skip_unavailable': False, 'install_base': '/home/fog/ros2_ws/install/my_robot_interfaces', 'merge_install': False, 'path': '/home/fog/ros2_ws/src/my_robot_interfaces', 'symlink_install': False, 'test_result_base': None}
[1.077s] Level 5:colcon.colcon_core.verb:set package 'my_robot_bringup' build argument 'cmake_args' from command line to 'None'
[1.077s] Level 5:colcon.colcon_core.verb:set package 'my_robot_bringup' build argument 'cmake_target' from command line to 'None'
[1.077s] Level 5:colcon.colcon_core.verb:set package 'my_robot_bringup' build argument 'cmake_target_skip_unavailable' from command line to 'False'
[1.077s] Level 5:colcon.colcon_core.verb:set package 'my_robot_bringup' build argument 'cmake_clean_cache' from command line to 'False'
[1.077s] Level 5:colcon.colcon_core.verb:set package 'my_robot_bringup' build argument 'cmake_clean_first' from command line to 'False'
[1.077s] Level 5:colcon.colcon_core.verb:set package 'my_robot_bringup' build argument 'cmake_force_configure' from command line to 'False'
[1.077s] Level 5:colcon.colcon_core.verb:set package 'my_robot_bringup' build argument 'ament_cmake_args' from command line to 'None'
[1.077s] Level 5:colcon.colcon_core.verb:set package 'my_robot_bringup' build argument 'catkin_cmake_args' from command line to 'None'
[1.077s] Level 5:colcon.colcon_core.verb:set package 'my_robot_bringup' build argument 'catkin_skip_building_tests' from command line to 'False'
[1.077s] DEBUG:colcon.colcon_core.verb:Building package 'my_robot_bringup' with the following arguments: {'ament_cmake_args': None, 'build_base': '/home/fog/ros2_ws/build/my_robot_bringup', 'catkin_cmake_args': None, 'catkin_skip_building_tests': False, 'cmake_args': None, 'cmake_clean_cache': False, 'cmake_clean_first': False, 'cmake_force_configure': False, 'cmake_target': None, 'cmake_target_skip_unavailable': False, 'install_base': '/home/fog/ros2_ws/install/my_robot_bringup', 'merge_install': False, 'path': '/home/fog/ros2_ws/src/my_robot_bringup', 'symlink_install': False, 'test_result_base': None}
[1.077s] Level 5:colcon.colcon_core.verb:set package 'turtlesim_catch_sim' build argument 'cmake_args' from command line to 'None'
[1.077s] Level 5:colcon.colcon_core.verb:set package 'turtlesim_catch_sim' build argument 'cmake_target' from command line to 'None'
[1.077s] Level 5:colcon.colcon_core.verb:set package 'turtlesim_catch_sim' build argument 'cmake_target_skip_unavailable' from command line to 'False'
[1.077s] Level 5:colcon.colcon_core.verb:set package 'turtlesim_catch_sim' build argument 'cmake_clean_cache' from command line to 'False'
[1.077s] Level 5:colcon.colcon_core.verb:set package 'turtlesim_catch_sim' build argument 'cmake_clean_first' from command line to 'False'
[1.077s] Level 5:colcon.colcon_core.verb:set package 'turtlesim_catch_sim' build argument 'cmake_force_configure' from command line to 'False'
[1.077s] Level 5:colcon.colcon_core.verb:set package 'turtlesim_catch_sim' build argument 'ament_cmake_args' from command line to 'None'
[1.077s] Level 5:colcon.colcon_core.verb:set package 'turtlesim_catch_sim' build argument 'catkin_cmake_args' from command line to 'None'
[1.078s] Level 5:colcon.colcon_core.verb:set package 'turtlesim_catch_sim' build argument 'catkin_skip_building_tests' from command line to 'False'
[1.078s] DEBUG:colcon.colcon_core.verb:Building package 'turtlesim_catch_sim' with the following arguments: {'ament_cmake_args': None, 'build_base': '/home/fog/ros2_ws/build/turtlesim_catch_sim', 'catkin_cmake_args': None, 'catkin_skip_building_tests': False, 'cmake_args': None, 'cmake_clean_cache': False, 'cmake_clean_first': False, 'cmake_force_configure': False, 'cmake_target': None, 'cmake_target_skip_unavailable': False, 'install_base': '/home/fog/ros2_ws/install/turtlesim_catch_sim', 'merge_install': False, 'path': '/home/fog/ros2_ws/src/turtlesim_catch_sim', 'symlink_install': False, 'test_result_base': None}
[1.078s] INFO:colcon.colcon_core.executor:Executing jobs using 'parallel' executor
[1.079s] DEBUG:colcon.colcon_parallel_executor.executor.parallel:run_until_complete
[1.079s] INFO:colcon.colcon_ros.task.ament_python.build:Building ROS package in '/home/fog/ros2_ws/src/my_py_pkg' with build type 'ament_python'
[1.080s] Level 1:colcon.colcon_core.shell:create_environment_hook('my_py_pkg', 'ament_prefix_path')
[1.089s] INFO:colcon.colcon_core.plugin_system:Skipping extension 'colcon_core.shell.bat': Not used on non-Windows systems
[1.089s] INFO:colcon.colcon_core.shell:Creating environment hook '/home/fog/ros2_ws/install/my_py_pkg/share/my_py_pkg/hook/ament_prefix_path.ps1'
[1.091s] INFO:colcon.colcon_core.shell:Creating environment descriptor '/home/fog/ros2_ws/install/my_py_pkg/share/my_py_pkg/hook/ament_prefix_path.dsv'
[1.092s] INFO:colcon.colcon_core.shell:Creating environment hook '/home/fog/ros2_ws/install/my_py_pkg/share/my_py_pkg/hook/ament_prefix_path.sh'
[1.093s] INFO:colcon.colcon_core.shell:Skip shell extension 'powershell' for command environment: Not usable outside of PowerShell
[1.093s] DEBUG:colcon.colcon_core.shell:Skip shell extension 'dsv' for command environment
[1.097s] INFO:colcon.colcon_ros.task.ament_cmake.build:Building ROS package in '/home/fog/ros2_ws/src/my_robot_interfaces' with build type 'ament_cmake'
[1.097s] INFO:colcon.colcon_cmake.task.cmake.build:Building CMake package in '/home/fog/ros2_ws/src/my_robot_interfaces'
[1.098s] INFO:colcon.colcon_core.shell:Skip shell extension 'powershell' for command environment: Not usable outside of PowerShell
[1.098s] DEBUG:colcon.colcon_core.shell:Skip shell extension 'dsv' for command environment
[1.347s] INFO:colcon.colcon_core.task.python.build:Building Python package in '/home/fog/ros2_ws/src/my_py_pkg'
[1.348s] INFO:colcon.colcon_core.shell:Skip shell extension 'powershell' for command environment: Not usable outside of PowerShell
[1.348s] DEBUG:colcon.colcon_core.shell:Skip shell extension 'dsv' for command environment
[1.355s] DEBUG:colcon.colcon_core.event_handler.log_command:Invoking command in '/home/fog/ros2_ws/build/my_robot_interfaces': CMAKE_PREFIX_PATH=/opt/ros/humble /usr/bin/cmake --build /home/fog/ros2_ws/build/my_robot_interfaces -- -j16 -l16
[1.847s] DEBUG:colcon.colcon_core.event_handler.log_command:Invoked command in '/home/fog/ros2_ws/build/my_robot_interfaces' returned '0': CMAKE_PREFIX_PATH=/opt/ros/humble /usr/bin/cmake --build /home/fog/ros2_ws/build/my_robot_interfaces -- -j16 -l16
[1.863s] DEBUG:colcon.colcon_core.event_handler.log_command:Invoking command in '/home/fog/ros2_ws/build/my_robot_interfaces': CMAKE_PREFIX_PATH=/opt/ros/humble /usr/bin/cmake --install /home/fog/ros2_ws/build/my_robot_interfaces
[1.940s] DEBUG:colcon.colcon_core.event_handler.log_command:Invoking command in '/home/fog/ros2_ws/build/my_py_pkg': PYTHONPATH=/home/fog/ros2_ws/build/my_py_pkg/prefix_override:/usr/lib/python3/dist-packages/colcon_core/task/python/colcon_distutils_commands:/home/fog/ros2_ws/install/my_py_pkg/lib/python3.10/site-packages:${PYTHONPATH} /usr/bin/python3 -W ignore:setup.py install is deprecated -W ignore:easy_install command is deprecated setup.py develop --uninstall --editable --build-directory /home/fog/ros2_ws/build/my_py_pkg/build
[2.039s] Level 1:colcon.colcon_core.environment:create_environment_scripts_only(my_robot_interfaces)
[2.039s] DEBUG:colcon.colcon_core.event_handler.log_command:Invoked command in '/home/fog/ros2_ws/build/my_robot_interfaces' returned '0': CMAKE_PREFIX_PATH=/opt/ros/humble /usr/bin/cmake --install /home/fog/ros2_ws/build/my_robot_interfaces
[2.049s] Level 1:colcon.colcon_core.environment:checking '/home/fog/ros2_ws/install/my_robot_interfaces' for CMake module files
[2.051s] Level 1:colcon.colcon_core.environment:checking '/home/fog/ros2_ws/install/my_robot_interfaces' for CMake config files
[2.052s] Level 1:colcon.colcon_core.shell:create_environment_hook('my_robot_interfaces', 'cmake_prefix_path')
[2.053s] INFO:colcon.colcon_core.shell:Creating environment hook '/home/fog/ros2_ws/install/my_robot_interfaces/share/my_robot_interfaces/hook/cmake_prefix_path.ps1'
[2.053s] INFO:colcon.colcon_core.shell:Creating environment descriptor '/home/fog/ros2_ws/install/my_robot_interfaces/share/my_robot_interfaces/hook/cmake_prefix_path.dsv'
[2.054s] INFO:colcon.colcon_core.shell:Creating environment hook '/home/fog/ros2_ws/install/my_robot_interfaces/share/my_robot_interfaces/hook/cmake_prefix_path.sh'
[2.054s] Level 1:colcon.colcon_core.environment:checking '/home/fog/ros2_ws/install/my_robot_interfaces/lib'
[2.055s] Level 1:colcon.colcon_core.shell:create_environment_hook('my_robot_interfaces', 'ld_library_path_lib')
[2.055s] INFO:colcon.colcon_core.shell:Creating environment hook '/home/fog/ros2_ws/install/my_robot_interfaces/share/my_robot_interfaces/hook/ld_library_path_lib.ps1'
[2.055s] INFO:colcon.colcon_core.shell:Creating environment descriptor '/home/fog/ros2_ws/install/my_robot_interfaces/share/my_robot_interfaces/hook/ld_library_path_lib.dsv'
[2.056s] INFO:colcon.colcon_core.shell:Creating environment hook '/home/fog/ros2_ws/install/my_robot_interfaces/share/my_robot_interfaces/hook/ld_library_path_lib.sh'
[2.056s] Level 1:colcon.colcon_core.environment:checking '/home/fog/ros2_ws/install/my_robot_interfaces/bin'
[2.056s] Level 1:colcon.colcon_core.environment:checking '/home/fog/ros2_ws/install/my_robot_interfaces/lib/pkgconfig/my_robot_interfaces.pc'
[2.056s] Level 1:colcon.colcon_core.environment:checking '/home/fog/ros2_ws/install/my_robot_interfaces/lib/python3.10/site-packages'
[2.057s] Level 1:colcon.colcon_core.environment:checking '/home/fog/ros2_ws/install/my_robot_interfaces/bin'
[2.057s] INFO:colcon.colcon_core.shell:Creating package script '/home/fog/ros2_ws/install/my_robot_interfaces/share/my_robot_interfaces/package.ps1'
[2.058s] INFO:colcon.colcon_core.shell:Creating package descriptor '/home/fog/ros2_ws/install/my_robot_interfaces/share/my_robot_interfaces/package.dsv'
[2.059s] INFO:colcon.colcon_core.shell:Creating package script '/home/fog/ros2_ws/install/my_robot_interfaces/share/my_robot_interfaces/package.sh'
[2.060s] INFO:colcon.colcon_core.shell:Creating package script '/home/fog/ros2_ws/install/my_robot_interfaces/share/my_robot_interfaces/package.bash'
[2.062s] INFO:colcon.colcon_core.shell:Creating package script '/home/fog/ros2_ws/install/my_robot_interfaces/share/my_robot_interfaces/package.zsh'
[2.063s] Level 1:colcon.colcon_core.environment:create_file_with_runtime_dependencies(/home/fog/ros2_ws/install/my_robot_interfaces/share/colcon-core/packages/my_robot_interfaces)
[2.064s] Level 1:colcon.colcon_core.environment:create_environment_scripts_only(my_robot_interfaces)
[2.064s] Level 1:colcon.colcon_core.environment:checking '/home/fog/ros2_ws/install/my_robot_interfaces' for CMake module files
[2.065s] Level 1:colcon.colcon_core.environment:checking '/home/fog/ros2_ws/install/my_robot_interfaces' for CMake config files
[2.065s] Level 1:colcon.colcon_core.shell:create_environment_hook('my_robot_interfaces', 'cmake_prefix_path')
[2.065s] INFO:colcon.colcon_core.shell:Creating environment hook '/home/fog/ros2_ws/install/my_robot_interfaces/share/my_robot_interfaces/hook/cmake_prefix_path.ps1'
[2.066s] INFO:colcon.colcon_core.shell:Creating environment descriptor '/home/fog/ros2_ws/install/my_robot_interfaces/share/my_robot_interfaces/hook/cmake_prefix_path.dsv'
[2.066s] INFO:colcon.colcon_core.shell:Creating environment hook '/home/fog/ros2_ws/install/my_robot_interfaces/share/my_robot_interfaces/hook/cmake_prefix_path.sh'
[2.067s] Level 1:colcon.colcon_core.environment:checking '/home/fog/ros2_ws/install/my_robot_interfaces/lib'
[2.067s] Level 1:colcon.colcon_core.shell:create_environment_hook('my_robot_interfaces', 'ld_library_path_lib')
[2.067s] INFO:colcon.colcon_core.shell:Creating environment hook '/home/fog/ros2_ws/install/my_robot_interfaces/share/my_robot_interfaces/hook/ld_library_path_lib.ps1'
[2.067s] INFO:colcon.colcon_core.shell:Creating environment descriptor '/home/fog/ros2_ws/install/my_robot_interfaces/share/my_robot_interfaces/hook/ld_library_path_lib.dsv'
[2.068s] INFO:colcon.colcon_core.shell:Creating environment hook '/home/fog/ros2_ws/install/my_robot_interfaces/share/my_robot_interfaces/hook/ld_library_path_lib.sh'
[2.068s] Level 1:colcon.colcon_core.environment:checking '/home/fog/ros2_ws/install/my_robot_interfaces/bin'
[2.068s] Level 1:colcon.colcon_core.environment:checking '/home/fog/ros2_ws/install/my_robot_interfaces/lib/pkgconfig/my_robot_interfaces.pc'
[2.068s] Level 1:colcon.colcon_core.environment:checking '/home/fog/ros2_ws/install/my_robot_interfaces/lib/python3.10/site-packages'
[2.069s] Level 1:colcon.colcon_core.environment:checking '/home/fog/ros2_ws/install/my_robot_interfaces/bin'
[2.069s] INFO:colcon.colcon_core.shell:Creating package script '/home/fog/ros2_ws/install/my_robot_interfaces/share/my_robot_interfaces/package.ps1'
[2.070s] INFO:colcon.colcon_core.shell:Creating package descriptor '/home/fog/ros2_ws/install/my_robot_interfaces/share/my_robot_interfaces/package.dsv'
[2.070s] INFO:colcon.colcon_core.shell:Creating package script '/home/fog/ros2_ws/install/my_robot_interfaces/share/my_robot_interfaces/package.sh'
[2.071s] INFO:colcon.colcon_core.shell:Creating package script '/home/fog/ros2_ws/install/my_robot_interfaces/share/my_robot_interfaces/package.bash'
[2.071s] INFO:colcon.colcon_core.shell:Creating package script '/home/fog/ros2_ws/install/my_robot_interfaces/share/my_robot_interfaces/package.zsh'
[2.072s] Level 1:colcon.colcon_core.environment:create_file_with_runtime_dependencies(/home/fog/ros2_ws/install/my_robot_interfaces/share/colcon-core/packages/my_robot_interfaces)
[2.072s] INFO:colcon.colcon_ros.task.ament_python.build:Building ROS package in '/home/fog/ros2_ws/src/turtlesim_catch_sim' with build type 'ament_python'
[2.072s] Level 1:colcon.colcon_core.shell:create_environment_hook('turtlesim_catch_sim', 'ament_prefix_path')
[2.072s] INFO:colcon.colcon_core.shell:Creating environment hook '/home/fog/ros2_ws/install/turtlesim_catch_sim/share/turtlesim_catch_sim/hook/ament_prefix_path.ps1'
[2.073s] INFO:colcon.colcon_core.shell:Creating environment descriptor '/home/fog/ros2_ws/install/turtlesim_catch_sim/share/turtlesim_catch_sim/hook/ament_prefix_path.dsv'
[2.074s] INFO:colcon.colcon_core.shell:Creating environment hook '/home/fog/ros2_ws/install/turtlesim_catch_sim/share/turtlesim_catch_sim/hook/ament_prefix_path.sh'
[2.075s] INFO:colcon.colcon_core.shell:Skip shell extension 'powershell' for command environment: Not usable outside of PowerShell
[2.075s] DEBUG:colcon.colcon_core.shell:Skip shell extension 'dsv' for command environment
[2.335s] INFO:colcon.colcon_core.task.python.build:Building Python package in '/home/fog/ros2_ws/src/turtlesim_catch_sim'
[2.336s] INFO:colcon.colcon_core.shell:Skip shell extension 'powershell' for command environment: Not usable outside of PowerShell
[2.336s] DEBUG:colcon.colcon_core.shell:Skip shell extension 'dsv' for command environment
[2.373s] DEBUG:colcon.colcon_core.event_handler.log_command:Invoked command in '/home/fog/ros2_ws/build/my_py_pkg' returned '0': PYTHONPATH=/home/fog/ros2_ws/build/my_py_pkg/prefix_override:/usr/lib/python3/dist-packages/colcon_core/task/python/colcon_distutils_commands:/home/fog/ros2_ws/install/my_py_pkg/lib/python3.10/site-packages:${PYTHONPATH} /usr/bin/python3 -W ignore:setup.py install is deprecated -W ignore:easy_install command is deprecated setup.py develop --uninstall --editable --build-directory /home/fog/ros2_ws/build/my_py_pkg/build
[2.375s] DEBUG:colcon.colcon_core.event_handler.log_command:Invoking command in '/home/fog/ros2_ws/src/my_py_pkg': PYTHONPATH=/home/fog/ros2_ws/build/my_py_pkg/prefix_override:/usr/lib/python3/dist-packages/colcon_core/task/python/colcon_distutils_commands:/home/fog/ros2_ws/install/my_py_pkg/lib/python3.10/site-packages:${PYTHONPATH} /usr/bin/python3 -W ignore:setup.py install is deprecated -W ignore:easy_install command is deprecated setup.py egg_info --egg-base ../../build/my_py_pkg build --build-base /home/fog/ros2_ws/build/my_py_pkg/build install --record /home/fog/ros2_ws/build/my_py_pkg/install.log --single-version-externally-managed install_data --force
[2.666s] Level 1:colcon.colcon_core.environment:checking '/home/fog/ros2_ws/install/my_py_pkg' for CMake module files
[2.666s] DEBUG:colcon.colcon_core.event_handler.log_command:Invoked command in '/home/fog/ros2_ws/src/my_py_pkg' returned '0': PYTHONPATH=/home/fog/ros2_ws/build/my_py_pkg/prefix_override:/usr/lib/python3/dist-packages/colcon_core/task/python/colcon_distutils_commands:/home/fog/ros2_ws/install/my_py_pkg/lib/python3.10/site-packages:${PYTHONPATH} /usr/bin/python3 -W ignore:setup.py install is deprecated -W ignore:easy_install command is deprecated setup.py egg_info --egg-base ../../build/my_py_pkg build --build-base /home/fog/ros2_ws/build/my_py_pkg/build install --record /home/fog/ros2_ws/build/my_py_pkg/install.log --single-version-externally-managed install_data --force
[2.667s] Level 1:colcon.colcon_core.environment:checking '/home/fog/ros2_ws/install/my_py_pkg' for CMake config files
[2.670s] Level 1:colcon.colcon_core.environment:checking '/home/fog/ros2_ws/install/my_py_pkg/lib'
[2.670s] Level 1:colcon.colcon_core.environment:checking '/home/fog/ros2_ws/install/my_py_pkg/bin'
[2.670s] Level 1:colcon.colcon_core.environment:checking '/home/fog/ros2_ws/install/my_py_pkg/lib/pkgconfig/my_py_pkg.pc'
[2.671s] Level 1:colcon.colcon_core.environment:checking '/home/fog/ros2_ws/install/my_py_pkg/lib/python3.10/site-packages'
[2.671s] Level 1:colcon.colcon_core.shell:create_environment_hook('my_py_pkg', 'pythonpath')
[2.671s] INFO:colcon.colcon_core.shell:Creating environment hook '/home/fog/ros2_ws/install/my_py_pkg/share/my_py_pkg/hook/pythonpath.ps1'
[2.671s] INFO:colcon.colcon_core.shell:Creating environment descriptor '/home/fog/ros2_ws/install/my_py_pkg/share/my_py_pkg/hook/pythonpath.dsv'
[2.672s] INFO:colcon.colcon_core.shell:Creating environment hook '/home/fog/ros2_ws/install/my_py_pkg/share/my_py_pkg/hook/pythonpath.sh'
[2.673s] Level 1:colcon.colcon_core.environment:checking '/home/fog/ros2_ws/install/my_py_pkg/bin'
[2.673s] Level 1:colcon.colcon_core.environment:create_environment_scripts_only(my_py_pkg)
[2.673s] INFO:colcon.colcon_core.shell:Creating package script '/home/fog/ros2_ws/install/my_py_pkg/share/my_py_pkg/package.ps1'
[2.674s] INFO:colcon.colcon_core.shell:Creating package descriptor '/home/fog/ros2_ws/install/my_py_pkg/share/my_py_pkg/package.dsv'
[2.674s] INFO:colcon.colcon_core.shell:Creating package script '/home/fog/ros2_ws/install/my_py_pkg/share/my_py_pkg/package.sh'
[2.675s] INFO:colcon.colcon_core.shell:Creating package script '/home/fog/ros2_ws/install/my_py_pkg/share/my_py_pkg/package.bash'
[2.675s] INFO:colcon.colcon_core.shell:Creating package script '/home/fog/ros2_ws/install/my_py_pkg/share/my_py_pkg/package.zsh'
[2.676s] Level 1:colcon.colcon_core.environment:create_file_with_runtime_dependencies(/home/fog/ros2_ws/install/my_py_pkg/share/colcon-core/packages/my_py_pkg)
[2.677s] INFO:colcon.colcon_ros.task.ament_cmake.build:Building ROS package in '/home/fog/ros2_ws/src/my_robot_bringup' with build type 'ament_cmake'
[2.677s] INFO:colcon.colcon_cmake.task.cmake.build:Building CMake package in '/home/fog/ros2_ws/src/my_robot_bringup'
[2.677s] INFO:colcon.colcon_core.shell:Skip shell extension 'powershell' for command environment: Not usable outside of PowerShell
[2.677s] DEBUG:colcon.colcon_core.shell:Skip shell extension 'dsv' for command environment
[2.689s] DEBUG:colcon.colcon_core.event_handler.log_command:Invoking command in '/home/fog/ros2_ws/build/turtlesim_catch_sim': AMENT_PREFIX_PATH=/home/fog/ros2_ws/install/my_robot_interfaces:${AMENT_PREFIX_PATH} CMAKE_PREFIX_PATH=/home/fog/ros2_ws/install/my_robot_interfaces LD_LIBRARY_PATH=/home/fog/ros2_ws/install/my_robot_interfaces/lib:/usr/lib/x86_64-linux-gnu/gazebo-11/plugins:/opt/ros/humble/opt/rviz_ogre_vendor/lib:/opt/ros/humble/lib/x86_64-linux-gnu:/opt/ros/humble/lib:/usr/share/gazebo/../../lib/x86_64-linux-gnu/gazebo-11/plugins PYTHONPATH=/home/fog/ros2_ws/build/turtlesim_catch_sim/prefix_override:/usr/lib/python3/dist-packages/colcon_core/task/python/colcon_distutils_commands:/home/fog/ros2_ws/install/turtlesim_catch_sim/lib/python3.10/site-packages:/home/fog/ros2_ws/install/my_robot_interfaces/local/lib/python3.10/dist-packages:${PYTHONPATH} /usr/bin/python3 -W ignore:setup.py install is deprecated -W ignore:easy_install command is deprecated setup.py develop --uninstall --editable --build-directory /home/fog/ros2_ws/build/turtlesim_catch_sim/build
[2.694s] DEBUG:colcon.colcon_core.event_handler.log_command:Invoking command in '/home/fog/ros2_ws/build/my_robot_bringup': AMENT_PREFIX_PATH=/home/fog/ros2_ws/install/my_py_pkg:${AMENT_PREFIX_PATH} CMAKE_PREFIX_PATH=/opt/ros/humble PYTHONPATH=/home/fog/ros2_ws/install/my_py_pkg/lib/python3.10/site-packages:${PYTHONPATH} /usr/bin/cmake /home/fog/ros2_ws/src/my_robot_bringup -DCMAKE_INSTALL_PREFIX=/home/fog/ros2_ws/install/my_robot_bringup
[3.003s] DEBUG:colcon.colcon_core.event_handler.log_command:Invoked command in '/home/fog/ros2_ws/build/my_robot_bringup' returned '0': AMENT_PREFIX_PATH=/home/fog/ros2_ws/install/my_py_pkg:${AMENT_PREFIX_PATH} CMAKE_PREFIX_PATH=/opt/ros/humble PYTHONPATH=/home/fog/ros2_ws/install/my_py_pkg/lib/python3.10/site-packages:${PYTHONPATH} /usr/bin/cmake /home/fog/ros2_ws/src/my_robot_bringup -DCMAKE_INSTALL_PREFIX=/home/fog/ros2_ws/install/my_robot_bringup
[3.003s] DEBUG:colcon.colcon_core.event_handler.log_command:Invoking command in '/home/fog/ros2_ws/build/my_robot_bringup': AMENT_PREFIX_PATH=/home/fog/ros2_ws/install/my_py_pkg:${AMENT_PREFIX_PATH} CMAKE_PREFIX_PATH=/opt/ros/humble PYTHONPATH=/home/fog/ros2_ws/install/my_py_pkg/lib/python3.10/site-packages:${PYTHONPATH} /usr/bin/cmake --build /home/fog/ros2_ws/build/my_robot_bringup -- -j16 -l16
[3.056s] DEBUG:colcon.colcon_core.event_handler.log_command:Invoked command in '/home/fog/ros2_ws/build/my_robot_bringup' returned '0': AMENT_PREFIX_PATH=/home/fog/ros2_ws/install/my_py_pkg:${AMENT_PREFIX_PATH} CMAKE_PREFIX_PATH=/opt/ros/humble PYTHONPATH=/home/fog/ros2_ws/install/my_py_pkg/lib/python3.10/site-packages:${PYTHONPATH} /usr/bin/cmake --build /home/fog/ros2_ws/build/my_robot_bringup -- -j16 -l16
[3.059s] DEBUG:colcon.colcon_core.event_handler.log_command:Invoking command in '/home/fog/ros2_ws/build/my_robot_bringup': AMENT_PREFIX_PATH=/home/fog/ros2_ws/install/my_py_pkg:${AMENT_PREFIX_PATH} CMAKE_PREFIX_PATH=/opt/ros/humble PYTHONPATH=/home/fog/ros2_ws/install/my_py_pkg/lib/python3.10/site-packages:${PYTHONPATH} /usr/bin/cmake --install /home/fog/ros2_ws/build/my_robot_bringup
[3.094s] Level 1:colcon.colcon_core.environment:create_environment_scripts_only(my_robot_bringup)
[3.094s] Level 1:colcon.colcon_core.environment:checking '/home/fog/ros2_ws/install/my_robot_bringup' for CMake module files
[3.095s] DEBUG:colcon.colcon_core.event_handler.log_command:Invoked command in '/home/fog/ros2_ws/build/my_robot_bringup' returned '0': AMENT_PREFIX_PATH=/home/fog/ros2_ws/install/my_py_pkg:${AMENT_PREFIX_PATH} CMAKE_PREFIX_PATH=/opt/ros/humble PYTHONPATH=/home/fog/ros2_ws/install/my_py_pkg/lib/python3.10/site-packages:${PYTHONPATH} /usr/bin/cmake --install /home/fog/ros2_ws/build/my_robot_bringup
[3.096s] Level 1:colcon.colcon_core.environment:checking '/home/fog/ros2_ws/install/my_robot_bringup' for CMake config files
[3.100s] Level 1:colcon.colcon_core.shell:create_environment_hook('my_robot_bringup', 'cmake_prefix_path')
[3.100s] INFO:colcon.colcon_core.shell:Creating environment hook '/home/fog/ros2_ws/install/my_robot_bringup/share/my_robot_bringup/hook/cmake_prefix_path.ps1'
[3.100s] INFO:colcon.colcon_core.shell:Creating environment descriptor '/home/fog/ros2_ws/install/my_robot_bringup/share/my_robot_bringup/hook/cmake_prefix_path.dsv'
[3.101s] INFO:colcon.colcon_core.shell:Creating environment hook '/home/fog/ros2_ws/install/my_robot_bringup/share/my_robot_bringup/hook/cmake_prefix_path.sh'
[3.101s] Level 1:colcon.colcon_core.environment:checking '/home/fog/ros2_ws/install/my_robot_bringup/bin'
[3.101s] Level 1:colcon.colcon_core.environment:checking '/home/fog/ros2_ws/install/my_robot_bringup/lib/pkgconfig/my_robot_bringup.pc'
[3.102s] Level 1:colcon.colcon_core.environment:checking '/home/fog/ros2_ws/install/my_robot_bringup/lib/python3.10/site-packages'
[3.102s] Level 1:colcon.colcon_core.environment:checking '/home/fog/ros2_ws/install/my_robot_bringup/bin'
[3.102s] INFO:colcon.colcon_core.shell:Creating package script '/home/fog/ros2_ws/install/my_robot_bringup/share/my_robot_bringup/package.ps1'
[3.103s] INFO:colcon.colcon_core.shell:Creating package descriptor '/home/fog/ros2_ws/install/my_robot_bringup/share/my_robot_bringup/package.dsv'
[3.103s] INFO:colcon.colcon_core.shell:Creating package script '/home/fog/ros2_ws/install/my_robot_bringup/share/my_robot_bringup/package.sh'
[3.103s] INFO:colcon.colcon_core.shell:Creating package script '/home/fog/ros2_ws/install/my_robot_bringup/share/my_robot_bringup/package.bash'
[3.104s] INFO:colcon.colcon_core.shell:Creating package script '/home/fog/ros2_ws/install/my_robot_bringup/share/my_robot_bringup/package.zsh'
[3.105s] Level 1:colcon.colcon_core.environment:create_file_with_runtime_dependencies(/home/fog/ros2_ws/install/my_robot_bringup/share/colcon-core/packages/my_robot_bringup)
[3.105s] Level 1:colcon.colcon_core.environment:create_environment_scripts_only(my_robot_bringup)
[3.105s] Level 1:colcon.colcon_core.environment:checking '/home/fog/ros2_ws/install/my_robot_bringup' for CMake module files
[3.106s] Level 1:colcon.colcon_core.environment:checking '/home/fog/ros2_ws/install/my_robot_bringup' for CMake config files
[3.106s] Level 1:colcon.colcon_core.shell:create_environment_hook('my_robot_bringup', 'cmake_prefix_path')
[3.106s] INFO:colcon.colcon_core.shell:Creating environment hook '/home/fog/ros2_ws/install/my_robot_bringup/share/my_robot_bringup/hook/cmake_prefix_path.ps1'
[3.107s] INFO:colcon.colcon_core.shell:Creating environment descriptor '/home/fog/ros2_ws/install/my_robot_bringup/share/my_robot_bringup/hook/cmake_prefix_path.dsv'
[3.107s] INFO:colcon.colcon_core.shell:Creating environment hook '/home/fog/ros2_ws/install/my_robot_bringup/share/my_robot_bringup/hook/cmake_prefix_path.sh'
[3.107s] Level 1:colcon.colcon_core.environment:checking '/home/fog/ros2_ws/install/my_robot_bringup/bin'
[3.108s] Level 1:colcon.colcon_core.environment:checking '/home/fog/ros2_ws/install/my_robot_bringup/lib/pkgconfig/my_robot_bringup.pc'
[3.108s] Level 1:colcon.colcon_core.environment:checking '/home/fog/ros2_ws/install/my_robot_bringup/lib/python3.10/site-packages'
[3.108s] Level 1:colcon.colcon_core.environment:checking '/home/fog/ros2_ws/install/my_robot_bringup/bin'
[3.108s] INFO:colcon.colcon_core.shell:Creating package script '/home/fog/ros2_ws/install/my_robot_bringup/share/my_robot_bringup/package.ps1'
[3.109s] INFO:colcon.colcon_core.shell:Creating package descriptor '/home/fog/ros2_ws/install/my_robot_bringup/share/my_robot_bringup/package.dsv'
[3.109s] INFO:colcon.colcon_core.shell:Creating package script '/home/fog/ros2_ws/install/my_robot_bringup/share/my_robot_bringup/package.sh'
[3.110s] INFO:colcon.colcon_core.shell:Creating package script '/home/fog/ros2_ws/install/my_robot_bringup/share/my_robot_bringup/package.bash'
[3.110s] INFO:colcon.colcon_core.shell:Creating package script '/home/fog/ros2_ws/install/my_robot_bringup/share/my_robot_bringup/package.zsh'
[3.111s] Level 1:colcon.colcon_core.environment:create_file_with_runtime_dependencies(/home/fog/ros2_ws/install/my_robot_bringup/share/colcon-core/packages/my_robot_bringup)
[3.127s] DEBUG:colcon.colcon_core.event_handler.log_command:Invoked command in '/home/fog/ros2_ws/build/turtlesim_catch_sim' returned '0': AMENT_PREFIX_PATH=/home/fog/ros2_ws/install/my_robot_interfaces:${AMENT_PREFIX_PATH} CMAKE_PREFIX_PATH=/home/fog/ros2_ws/install/my_robot_interfaces LD_LIBRARY_PATH=/home/fog/ros2_ws/install/my_robot_interfaces/lib:/usr/lib/x86_64-linux-gnu/gazebo-11/plugins:/opt/ros/humble/opt/rviz_ogre_vendor/lib:/opt/ros/humble/lib/x86_64-linux-gnu:/opt/ros/humble/lib:/usr/share/gazebo/../../lib/x86_64-linux-gnu/gazebo-11/plugins PYTHONPATH=/home/fog/ros2_ws/build/turtlesim_catch_sim/prefix_override:/usr/lib/python3/dist-packages/colcon_core/task/python/colcon_distutils_commands:/home/fog/ros2_ws/install/turtlesim_catch_sim/lib/python3.10/site-packages:/home/fog/ros2_ws/install/my_robot_interfaces/local/lib/python3.10/dist-packages:${PYTHONPATH} /usr/bin/python3 -W ignore:setup.py install is deprecated -W ignore:easy_install command is deprecated setup.py develop --uninstall --editable --build-directory /home/fog/ros2_ws/build/turtlesim_catch_sim/build
[3.129s] DEBUG:colcon.colcon_core.event_handler.log_command:Invoking command in '/home/fog/ros2_ws/src/turtlesim_catch_sim': AMENT_PREFIX_PATH=/home/fog/ros2_ws/install/my_robot_interfaces:${AMENT_PREFIX_PATH} CMAKE_PREFIX_PATH=/home/fog/ros2_ws/install/my_robot_interfaces LD_LIBRARY_PATH=/home/fog/ros2_ws/install/my_robot_interfaces/lib:/usr/lib/x86_64-linux-gnu/gazebo-11/plugins:/opt/ros/humble/opt/rviz_ogre_vendor/lib:/opt/ros/humble/lib/x86_64-linux-gnu:/opt/ros/humble/lib:/usr/share/gazebo/../../lib/x86_64-linux-gnu/gazebo-11/plugins PYTHONPATH=/home/fog/ros2_ws/build/turtlesim_catch_sim/prefix_override:/usr/lib/python3/dist-packages/colcon_core/task/python/colcon_distutils_commands:/home/fog/ros2_ws/install/turtlesim_catch_sim/lib/python3.10/site-packages:/home/fog/ros2_ws/install/my_robot_interfaces/local/lib/python3.10/dist-packages:${PYTHONPATH} /usr/bin/python3 -W ignore:setup.py install is deprecated -W ignore:easy_install command is deprecated setup.py egg_info --egg-base ../../build/turtlesim_catch_sim build --build-base /home/fog/ros2_ws/build/turtlesim_catch_sim/build install --record /home/fog/ros2_ws/build/turtlesim_catch_sim/install.log --single-version-externally-managed install_data --force
[3.419s] Level 1:colcon.colcon_core.environment:checking '/home/fog/ros2_ws/install/turtlesim_catch_sim' for CMake module files
[3.420s] DEBUG:colcon.colcon_core.event_handler.log_command:Invoked command in '/home/fog/ros2_ws/src/turtlesim_catch_sim' returned '0': AMENT_PREFIX_PATH=/home/fog/ros2_ws/install/my_robot_interfaces:${AMENT_PREFIX_PATH} CMAKE_PREFIX_PATH=/home/fog/ros2_ws/install/my_robot_interfaces LD_LIBRARY_PATH=/home/fog/ros2_ws/install/my_robot_interfaces/lib:/usr/lib/x86_64-linux-gnu/gazebo-11/plugins:/opt/ros/humble/opt/rviz_ogre_vendor/lib:/opt/ros/humble/lib/x86_64-linux-gnu:/opt/ros/humble/lib:/usr/share/gazebo/../../lib/x86_64-linux-gnu/gazebo-11/plugins PYTHONPATH=/home/fog/ros2_ws/build/turtlesim_catch_sim/prefix_override:/usr/lib/python3/dist-packages/colcon_core/task/python/colcon_distutils_commands:/home/fog/ros2_ws/install/turtlesim_catch_sim/lib/python3.10/site-packages:/home/fog/ros2_ws/install/my_robot_interfaces/local/lib/python3.10/dist-packages:${PYTHONPATH} /usr/bin/python3 -W ignore:setup.py install is deprecated -W ignore:easy_install command is deprecated setup.py egg_info --egg-base ../../build/turtlesim_catch_sim build --build-base /home/fog/ros2_ws/build/turtlesim_catch_sim/build install --record /home/fog/ros2_ws/build/turtlesim_catch_sim/install.log --single-version-externally-managed install_data --force
[3.421s] Level 1:colcon.colcon_core.environment:checking '/home/fog/ros2_ws/install/turtlesim_catch_sim' for CMake config files
[3.425s] Level 1:colcon.colcon_core.environment:checking '/home/fog/ros2_ws/install/turtlesim_catch_sim/lib'
[3.425s] Level 1:colcon.colcon_core.environment:checking '/home/fog/ros2_ws/install/turtlesim_catch_sim/bin'
[3.425s] Level 1:colcon.colcon_core.environment:checking '/home/fog/ros2_ws/install/turtlesim_catch_sim/lib/pkgconfig/turtlesim_catch_sim.pc'
[3.426s] Level 1:colcon.colcon_core.environment:checking '/home/fog/ros2_ws/install/turtlesim_catch_sim/lib/python3.10/site-packages'
[3.426s] Level 1:colcon.colcon_core.shell:create_environment_hook('turtlesim_catch_sim', 'pythonpath')
[3.426s] INFO:colcon.colcon_core.shell:Creating environment hook '/home/fog/ros2_ws/install/turtlesim_catch_sim/share/turtlesim_catch_sim/hook/pythonpath.ps1'
[3.427s] INFO:colcon.colcon_core.shell:Creating environment descriptor '/home/fog/ros2_ws/install/turtlesim_catch_sim/share/turtlesim_catch_sim/hook/pythonpath.dsv'
[3.427s] INFO:colcon.colcon_core.shell:Creating environment hook '/home/fog/ros2_ws/install/turtlesim_catch_sim/share/turtlesim_catch_sim/hook/pythonpath.sh'
[3.428s] Level 1:colcon.colcon_core.environment:checking '/home/fog/ros2_ws/install/turtlesim_catch_sim/bin'
[3.428s] Level 1:colcon.colcon_core.environment:create_environment_scripts_only(turtlesim_catch_sim)
[3.428s] INFO:colcon.colcon_core.shell:Creating package script '/home/fog/ros2_ws/install/turtlesim_catch_sim/share/turtlesim_catch_sim/package.ps1'
[3.429s] INFO:colcon.colcon_core.shell:Creating package descriptor '/home/fog/ros2_ws/install/turtlesim_catch_sim/share/turtlesim_catch_sim/package.dsv'
[3.429s] INFO:colcon.colcon_core.shell:Creating package script '/home/fog/ros2_ws/install/turtlesim_catch_sim/share/turtlesim_catch_sim/package.sh'
[3.430s] INFO:colcon.colcon_core.shell:Creating package script '/home/fog/ros2_ws/install/turtlesim_catch_sim/share/turtlesim_catch_sim/package.bash'
[3.430s] INFO:colcon.colcon_core.shell:Creating package script '/home/fog/ros2_ws/install/turtlesim_catch_sim/share/turtlesim_catch_sim/package.zsh'
[3.430s] Level 1:colcon.colcon_core.environment:create_file_with_runtime_dependencies(/home/fog/ros2_ws/install/turtlesim_catch_sim/share/colcon-core/packages/turtlesim_catch_sim)
[3.431s] DEBUG:colcon.colcon_parallel_executor.executor.parallel:closing loop
[3.431s] DEBUG:colcon.colcon_parallel_executor.executor.parallel:loop closed
[3.431s] DEBUG:colcon.colcon_parallel_executor.executor.parallel:run_until_complete finished with '0'
[3.431s] DEBUG:colcon.colcon_core.event_reactor:joining thread
[3.447s] INFO:colcon.colcon_core.plugin_system:Skipping extension 'colcon_notification.desktop_notification.terminal_notifier': Not used on non-Darwin systems
[3.447s] INFO:colcon.colcon_core.plugin_system:Skipping extension 'colcon_notification.desktop_notification.win32': Not used on non-Windows systems
[3.447s] INFO:colcon.colcon_notification.desktop_notification:Sending desktop notification using 'notify2'
[3.636s] DEBUG:colcon.colcon_core.event_reactor:joined thread
[3.637s] INFO:colcon.colcon_core.shell:Creating prefix script '/home/fog/ros2_ws/install/local_setup.ps1'
[3.638s] INFO:colcon.colcon_core.shell:Creating prefix util module '/home/fog/ros2_ws/install/_local_setup_util_ps1.py'
[3.640s] INFO:colcon.colcon_core.shell:Creating prefix chain script '/home/fog/ros2_ws/install/setup.ps1'
[3.642s] INFO:colcon.colcon_core.shell:Creating prefix script '/home/fog/ros2_ws/install/local_setup.sh'
[3.643s] INFO:colcon.colcon_core.shell:Creating prefix util module '/home/fog/ros2_ws/install/_local_setup_util_sh.py'
[3.643s] INFO:colcon.colcon_core.shell:Creating prefix chain script '/home/fog/ros2_ws/install/setup.sh'
[3.645s] INFO:colcon.colcon_core.shell:Creating prefix script '/home/fog/ros2_ws/install/local_setup.bash'
[3.646s] INFO:colcon.colcon_core.shell:Creating prefix chain script '/home/fog/ros2_ws/install/setup.bash'
[3.647s] INFO:colcon.colcon_core.shell:Creating prefix script '/home/fog/ros2_ws/install/local_setup.zsh'
[3.648s] INFO:colcon.colcon_core.shell:Creating prefix chain script '/home/fog/ros2_ws/install/setup.zsh'
