[0.258s] DEBUG:colcon:Command line arguments: ['/usr/bin/colcon', 'build', '--symlink-install']
[0.258s] DEBUG:colcon:Parsed command line arguments: Namespace(log_base=None, log_level=None, verb_name='build', build_base='build', install_base='install', merge_install=False, symlink_install=True, test_result_base=None, continue_on_error=False, executor='parallel', parallel_workers=16, event_handlers=None, ignore_user_meta=False, metas=['./colcon.meta'], base_paths=['.'], packages_ignore=None, packages_ignore_regex=None, paths=None, packages_up_to=None, packages_up_to_regex=None, packages_above=None, packages_above_and_dependencies=None, packages_above_depth=None, packages_select_by_dep=None, packages_skip_by_dep=None, packages_skip_up_to=None, packages_select_build_failed=False, packages_skip_build_finished=False, packages_select_test_failures=False, packages_skip_test_passed=False, packages_select=None, packages_skip=None, packages_select_regex=None, packages_skip_regex=None, packages_start=None, packages_end=None, allow_overriding=[], cmake_args=None, cmake_target=None, cmake_target_skip_unavailable=False, cmake_clean_cache=False, cmake_clean_first=False, cmake_force_configure=False, ament_cmake_args=None, catkin_cmake_args=None, catkin_skip_building_tests=False, verb_parser=<colcon_defaults.argument_parser.defaults.DefaultArgumentsDecorator object at 0x7fda03f59bd0>, verb_extension=<colcon_core.verb.build.BuildVerb object at 0x7fda040ce2c0>, main=<bound method BuildVerb.main of <colcon_core.verb.build.BuildVerb object at 0x7fda040ce2c0>>)
[0.464s] Level 1:colcon.colcon_core.package_discovery:discover_packages(colcon_meta) check parameters
[0.464s] Level 1:colcon.colcon_core.package_discovery:discover_packages(recursive) check parameters
[0.464s] Level 1:colcon.colcon_core.package_discovery:discover_packages(ignore) check parameters
[0.464s] Level 1:colcon.colcon_core.package_discovery:discover_packages(path) check parameters
[0.464s] Level 1:colcon.colcon_core.package_discovery:discover_packages(colcon_meta) discover
[0.464s] Level 1:colcon.colcon_core.package_discovery:discover_packages(recursive) discover
[0.464s] INFO:colcon.colcon_core.package_discovery:Crawling recursively for packages in '/home/fog/ros2_ws'
[0.464s] Level 1:colcon.colcon_core.package_identification:_identify(.) by extensions ['ignore', 'ignore_ament_install']
[0.465s] Level 1:colcon.colcon_core.package_identification:_identify(.) by extension 'ignore'
[0.465s] Level 1:colcon.colcon_core.package_identification:_identify(.) by extension 'ignore_ament_install'
[0.465s] Level 1:colcon.colcon_core.package_identification:_identify(.) by extensions ['colcon_pkg']
[0.465s] Level 1:colcon.colcon_core.package_identification:_identify(.) by extension 'colcon_pkg'
[0.465s] Level 1:colcon.colcon_core.package_identification:_identify(.) by extensions ['colcon_meta']
[0.465s] Level 1:colcon.colcon_core.package_identification:_identify(.) by extension 'colcon_meta'
[0.465s] Level 1:colcon.colcon_core.package_identification:_identify(.) by extensions ['ros']
[0.465s] Level 1:colcon.colcon_core.package_identification:_identify(.) by extension 'ros'
[0.486s] Level 1:colcon.colcon_core.package_identification:_identify(.) by extensions ['cmake', 'python']
[0.486s] Level 1:colcon.colcon_core.package_identification:_identify(.) by extension 'cmake'
[0.486s] Level 1:colcon.colcon_core.package_identification:_identify(.) by extension 'python'
[0.486s] Level 1:colcon.colcon_core.package_identification:_identify(.) by extensions ['python_setup_py']
[0.486s] Level 1:colcon.colcon_core.package_identification:_identify(.) by extension 'python_setup_py'
[0.486s] Level 1:colcon.colcon_core.package_identification:_identify(build) by extensions ['ignore', 'ignore_ament_install']
[0.486s] Level 1:colcon.colcon_core.package_identification:_identify(build) by extension 'ignore'
[0.486s] Level 1:colcon.colcon_core.package_identification:_identify(build) ignored
[0.487s] Level 1:colcon.colcon_core.package_identification:_identify(install) by extensions ['ignore', 'ignore_ament_install']
[0.487s] Level 1:colcon.colcon_core.package_identification:_identify(install) by extension 'ignore'
[0.487s] Level 1:colcon.colcon_core.package_identification:_identify(install) ignored
[0.487s] Level 1:colcon.colcon_core.package_identification:_identify(log) by extensions ['ignore', 'ignore_ament_install']
[0.487s] Level 1:colcon.colcon_core.package_identification:_identify(log) by extension 'ignore'
[0.487s] Level 1:colcon.colcon_core.package_identification:_identify(log) ignored
[0.487s] Level 1:colcon.colcon_core.package_identification:_identify(src) by extensions ['ignore', 'ignore_ament_install']
[0.487s] Level 1:colcon.colcon_core.package_identification:_identify(src) by extension 'ignore'
[0.487s] Level 1:colcon.colcon_core.package_identification:_identify(src) by extension 'ignore_ament_install'
[0.487s] Level 1:colcon.colcon_core.package_identification:_identify(src) by extensions ['colcon_pkg']
[0.487s] Level 1:colcon.colcon_core.package_identification:_identify(src) by extension 'colcon_pkg'
[0.487s] Level 1:colcon.colcon_core.package_identification:_identify(src) by extensions ['colcon_meta']
[0.487s] Level 1:colcon.colcon_core.package_identification:_identify(src) by extension 'colcon_meta'
[0.487s] Level 1:colcon.colcon_core.package_identification:_identify(src) by extensions ['ros']
[0.487s] Level 1:colcon.colcon_core.package_identification:_identify(src) by extension 'ros'
[0.487s] Level 1:colcon.colcon_core.package_identification:_identify(src) by extensions ['cmake', 'python']
[0.487s] Level 1:colcon.colcon_core.package_identification:_identify(src) by extension 'cmake'
[0.487s] Level 1:colcon.colcon_core.package_identification:_identify(src) by extension 'python'
[0.487s] Level 1:colcon.colcon_core.package_identification:_identify(src) by extensions ['python_setup_py']
[0.487s] Level 1:colcon.colcon_core.package_identification:_identify(src) by extension 'python_setup_py'
[0.487s] Level 1:colcon.colcon_core.package_identification:_identify(src/my_py_pkg) by extensions ['ignore', 'ignore_ament_install']
[0.488s] Level 1:colcon.colcon_core.package_identification:_identify(src/my_py_pkg) by extension 'ignore'
[0.488s] Level 1:colcon.colcon_core.package_identification:_identify(src/my_py_pkg) by extension 'ignore_ament_install'
[0.488s] Level 1:colcon.colcon_core.package_identification:_identify(src/my_py_pkg) by extensions ['colcon_pkg']
[0.488s] Level 1:colcon.colcon_core.package_identification:_identify(src/my_py_pkg) by extension 'colcon_pkg'
[0.488s] Level 1:colcon.colcon_core.package_identification:_identify(src/my_py_pkg) by extensions ['colcon_meta']
[0.488s] Level 1:colcon.colcon_core.package_identification:_identify(src/my_py_pkg) by extension 'colcon_meta'
[0.488s] Level 1:colcon.colcon_core.package_identification:_identify(src/my_py_pkg) by extensions ['ros']
[0.488s] Level 1:colcon.colcon_core.package_identification:_identify(src/my_py_pkg) by extension 'ros'
[0.493s] DEBUG:colcon.colcon_core.package_identification:Package 'src/my_py_pkg' with type 'ros.ament_python' and name 'my_py_pkg'
[0.493s] Level 1:colcon.colcon_core.package_identification:_identify(src/my_robot_bringup) by extensions ['ignore', 'ignore_ament_install']
[0.493s] Level 1:colcon.colcon_core.package_identification:_identify(src/my_robot_bringup) by extension 'ignore'
[0.493s] Level 1:colcon.colcon_core.package_identification:_identify(src/my_robot_bringup) by extension 'ignore_ament_install'
[0.493s] Level 1:colcon.colcon_core.package_identification:_identify(src/my_robot_bringup) by extensions ['colcon_pkg']
[0.493s] Level 1:colcon.colcon_core.package_identification:_identify(src/my_robot_bringup) by extension 'colcon_pkg'
[0.493s] Level 1:colcon.colcon_core.package_identification:_identify(src/my_robot_bringup) by extensions ['colcon_meta']
[0.493s] Level 1:colcon.colcon_core.package_identification:_identify(src/my_robot_bringup) by extension 'colcon_meta'
[0.493s] Level 1:colcon.colcon_core.package_identification:_identify(src/my_robot_bringup) by extensions ['ros']
[0.493s] Level 1:colcon.colcon_core.package_identification:_identify(src/my_robot_bringup) by extension 'ros'
[0.494s] DEBUG:colcon.colcon_core.package_identification:Package 'src/my_robot_bringup' with type 'ros.ament_cmake' and name 'my_robot_bringup'
[0.494s] Level 1:colcon.colcon_core.package_identification:_identify(src/my_robot_interfaces) by extensions ['ignore', 'ignore_ament_install']
[0.494s] Level 1:colcon.colcon_core.package_identification:_identify(src/my_robot_interfaces) by extension 'ignore'
[0.494s] Level 1:colcon.colcon_core.package_identification:_identify(src/my_robot_interfaces) by extension 'ignore_ament_install'
[0.494s] Level 1:colcon.colcon_core.package_identification:_identify(src/my_robot_interfaces) by extensions ['colcon_pkg']
[0.494s] Level 1:colcon.colcon_core.package_identification:_identify(src/my_robot_interfaces) by extension 'colcon_pkg'
[0.494s] Level 1:colcon.colcon_core.package_identification:_identify(src/my_robot_interfaces) by extensions ['colcon_meta']
[0.494s] Level 1:colcon.colcon_core.package_identification:_identify(src/my_robot_interfaces) by extension 'colcon_meta'
[0.494s] Level 1:colcon.colcon_core.package_identification:_identify(src/my_robot_interfaces) by extensions ['ros']
[0.494s] Level 1:colcon.colcon_core.package_identification:_identify(src/my_robot_interfaces) by extension 'ros'
[0.495s] DEBUG:colcon.colcon_core.package_identification:Package 'src/my_robot_interfaces' with type 'ros.ament_cmake' and name 'my_robot_interfaces'
[0.495s] Level 1:colcon.colcon_core.package_identification:_identify(src/turtlesim_catch_sim) by extensions ['ignore', 'ignore_ament_install']
[0.495s] Level 1:colcon.colcon_core.package_identification:_identify(src/turtlesim_catch_sim) by extension 'ignore'
[0.495s] Level 1:colcon.colcon_core.package_identification:_identify(src/turtlesim_catch_sim) by extension 'ignore_ament_install'
[0.495s] Level 1:colcon.colcon_core.package_identification:_identify(src/turtlesim_catch_sim) by extensions ['colcon_pkg']
[0.495s] Level 1:colcon.colcon_core.package_identification:_identify(src/turtlesim_catch_sim) by extension 'colcon_pkg'
[0.495s] Level 1:colcon.colcon_core.package_identification:_identify(src/turtlesim_catch_sim) by extensions ['colcon_meta']
[0.495s] Level 1:colcon.colcon_core.package_identification:_identify(src/turtlesim_catch_sim) by extension 'colcon_meta'
[0.495s] Level 1:colcon.colcon_core.package_identification:_identify(src/turtlesim_catch_sim) by extensions ['ros']
[0.495s] Level 1:colcon.colcon_core.package_identification:_identify(src/turtlesim_catch_sim) by extension 'ros'
[0.496s] DEBUG:colcon.colcon_core.package_identification:Package 'src/turtlesim_catch_sim' with type 'ros.ament_python' and name 'turtlesim_catch_sim'
[0.496s] Level 1:colcon.colcon_core.package_discovery:discover_packages(recursive) using defaults
[0.496s] Level 1:colcon.colcon_core.package_discovery:discover_packages(ignore) discover
[0.496s] Level 1:colcon.colcon_core.package_discovery:discover_packages(ignore) using defaults
[0.496s] Level 1:colcon.colcon_core.package_discovery:discover_packages(path) discover
[0.496s] Level 1:colcon.colcon_core.package_discovery:discover_packages(path) using defaults
[0.542s] Level 1:colcon.colcon_core.package_discovery:discover_packages(prefix_path) check parameters
[0.542s] Level 1:colcon.colcon_core.package_discovery:discover_packages(prefix_path) discover
[0.552s] DEBUG:colcon.colcon_installed_package_information.package_discovery:Found 4 installed packages in /home/fog/ros2_ws/install
[0.554s] DEBUG:colcon.colcon_installed_package_information.package_discovery:Found 442 installed packages in /opt/ros/humble
[0.557s] Level 1:colcon.colcon_core.package_discovery:discover_packages(prefix_path) using defaults
[0.631s] Level 5:colcon.colcon_core.verb:set package 'my_py_pkg' build argument 'cmake_args' from command line to 'None'
[0.632s] Level 5:colcon.colcon_core.verb:set package 'my_py_pkg' build argument 'cmake_target' from command line to 'None'
[0.632s] Level 5:colcon.colcon_core.verb:set package 'my_py_pkg' build argument 'cmake_target_skip_unavailable' from command line to 'False'
[0.632s] Level 5:colcon.colcon_core.verb:set package 'my_py_pkg' build argument 'cmake_clean_cache' from command line to 'False'
[0.632s] Level 5:colcon.colcon_core.verb:set package 'my_py_pkg' build argument 'cmake_clean_first' from command line to 'False'
[0.632s] Level 5:colcon.colcon_core.verb:set package 'my_py_pkg' build argument 'cmake_force_configure' from command line to 'False'
[0.632s] Level 5:colcon.colcon_core.verb:set package 'my_py_pkg' build argument 'ament_cmake_args' from command line to 'None'
[0.632s] Level 5:colcon.colcon_core.verb:set package 'my_py_pkg' build argument 'catkin_cmake_args' from command line to 'None'
[0.632s] Level 5:colcon.colcon_core.verb:set package 'my_py_pkg' build argument 'catkin_skip_building_tests' from command line to 'False'
[0.632s] DEBUG:colcon.colcon_core.verb:Building package 'my_py_pkg' with the following arguments: {'ament_cmake_args': None, 'build_base': '/home/fog/ros2_ws/build/my_py_pkg', 'catkin_cmake_args': None, 'catkin_skip_building_tests': False, 'cmake_args': None, 'cmake_clean_cache': False, 'cmake_clean_first': False, 'cmake_force_configure': False, 'cmake_target': None, 'cmake_target_skip_unavailable': False, 'install_base': '/home/fog/ros2_ws/install/my_py_pkg', 'merge_install': False, 'path': '/home/fog/ros2_ws/src/my_py_pkg', 'symlink_install': True, 'test_result_base': None}
[0.632s] Level 5:colcon.colcon_core.verb:set package 'my_robot_interfaces' build argument 'cmake_args' from command line to 'None'
[0.632s] Level 5:colcon.colcon_core.verb:set package 'my_robot_interfaces' build argument 'cmake_target' from command line to 'None'
[0.632s] Level 5:colcon.colcon_core.verb:set package 'my_robot_interfaces' build argument 'cmake_target_skip_unavailable' from command line to 'False'
[0.632s] Level 5:colcon.colcon_core.verb:set package 'my_robot_interfaces' build argument 'cmake_clean_cache' from command line to 'False'
[0.632s] Level 5:colcon.colcon_core.verb:set package 'my_robot_interfaces' build argument 'cmake_clean_first' from command line to 'False'
[0.632s] Level 5:colcon.colcon_core.verb:set package 'my_robot_interfaces' build argument 'cmake_force_configure' from command line to 'False'
[0.632s] Level 5:colcon.colcon_core.verb:set package 'my_robot_interfaces' build argument 'ament_cmake_args' from command line to 'None'
[0.632s] Level 5:colcon.colcon_core.verb:set package 'my_robot_interfaces' build argument 'catkin_cmake_args' from command line to 'None'
[0.632s] Level 5:colcon.colcon_core.verb:set package 'my_robot_interfaces' build argument 'catkin_skip_building_tests' from command line to 'False'
[0.632s] DEBUG:colcon.colcon_core.verb:Building package 'my_robot_interfaces' with the following arguments: {'ament_cmake_args': None, 'build_base': '/home/fog/ros2_ws/build/my_robot_interfaces', 'catkin_cmake_args': None, 'catkin_skip_building_tests': False, 'cmake_args': None, 'cmake_clean_cache': False, 'cmake_clean_first': False, 'cmake_force_configure': False, 'cmake_target': None, 'cmake_target_skip_unavailable': False, 'install_base': '/home/fog/ros2_ws/install/my_robot_interfaces', 'merge_install': False, 'path': '/home/fog/ros2_ws/src/my_robot_interfaces', 'symlink_install': True, 'test_result_base': None}
[0.633s] Level 5:colcon.colcon_core.verb:set package 'turtlesim_catch_sim' build argument 'cmake_args' from command line to 'None'
[0.633s] Level 5:colcon.colcon_core.verb:set package 'turtlesim_catch_sim' build argument 'cmake_target' from command line to 'None'
[0.633s] Level 5:colcon.colcon_core.verb:set package 'turtlesim_catch_sim' build argument 'cmake_target_skip_unavailable' from command line to 'False'
[0.633s] Level 5:colcon.colcon_core.verb:set package 'turtlesim_catch_sim' build argument 'cmake_clean_cache' from command line to 'False'
[0.633s] Level 5:colcon.colcon_core.verb:set package 'turtlesim_catch_sim' build argument 'cmake_clean_first' from command line to 'False'
[0.633s] Level 5:colcon.colcon_core.verb:set package 'turtlesim_catch_sim' build argument 'cmake_force_configure' from command line to 'False'
[0.633s] Level 5:colcon.colcon_core.verb:set package 'turtlesim_catch_sim' build argument 'ament_cmake_args' from command line to 'None'
[0.633s] Level 5:colcon.colcon_core.verb:set package 'turtlesim_catch_sim' build argument 'catkin_cmake_args' from command line to 'None'
[0.633s] Level 5:colcon.colcon_core.verb:set package 'turtlesim_catch_sim' build argument 'catkin_skip_building_tests' from command line to 'False'
[0.633s] DEBUG:colcon.colcon_core.verb:Building package 'turtlesim_catch_sim' with the following arguments: {'ament_cmake_args': None, 'build_base': '/home/fog/ros2_ws/build/turtlesim_catch_sim', 'catkin_cmake_args': None, 'catkin_skip_building_tests': False, 'cmake_args': None, 'cmake_clean_cache': False, 'cmake_clean_first': False, 'cmake_force_configure': False, 'cmake_target': None, 'cmake_target_skip_unavailable': False, 'install_base': '/home/fog/ros2_ws/install/turtlesim_catch_sim', 'merge_install': False, 'path': '/home/fog/ros2_ws/src/turtlesim_catch_sim', 'symlink_install': True, 'test_result_base': None}
[0.633s] Level 5:colcon.colcon_core.verb:set package 'my_robot_bringup' build argument 'cmake_args' from command line to 'None'
[0.633s] Level 5:colcon.colcon_core.verb:set package 'my_robot_bringup' build argument 'cmake_target' from command line to 'None'
[0.633s] Level 5:colcon.colcon_core.verb:set package 'my_robot_bringup' build argument 'cmake_target_skip_unavailable' from command line to 'False'
[0.633s] Level 5:colcon.colcon_core.verb:set package 'my_robot_bringup' build argument 'cmake_clean_cache' from command line to 'False'
[0.633s] Level 5:colcon.colcon_core.verb:set package 'my_robot_bringup' build argument 'cmake_clean_first' from command line to 'False'
[0.633s] Level 5:colcon.colcon_core.verb:set package 'my_robot_bringup' build argument 'cmake_force_configure' from command line to 'False'
[0.633s] Level 5:colcon.colcon_core.verb:set package 'my_robot_bringup' build argument 'ament_cmake_args' from command line to 'None'
[0.633s] Level 5:colcon.colcon_core.verb:set package 'my_robot_bringup' build argument 'catkin_cmake_args' from command line to 'None'
[0.633s] Level 5:colcon.colcon_core.verb:set package 'my_robot_bringup' build argument 'catkin_skip_building_tests' from command line to 'False'
[0.633s] DEBUG:colcon.colcon_core.verb:Building package 'my_robot_bringup' with the following arguments: {'ament_cmake_args': None, 'build_base': '/home/fog/ros2_ws/build/my_robot_bringup', 'catkin_cmake_args': None, 'catkin_skip_building_tests': False, 'cmake_args': None, 'cmake_clean_cache': False, 'cmake_clean_first': False, 'cmake_force_configure': False, 'cmake_target': None, 'cmake_target_skip_unavailable': False, 'install_base': '/home/fog/ros2_ws/install/my_robot_bringup', 'merge_install': False, 'path': '/home/fog/ros2_ws/src/my_robot_bringup', 'symlink_install': True, 'test_result_base': None}
[0.634s] INFO:colcon.colcon_core.executor:Executing jobs using 'parallel' executor
[0.635s] DEBUG:colcon.colcon_parallel_executor.executor.parallel:run_until_complete
[0.635s] INFO:colcon.colcon_ros.task.ament_cmake.build:Building ROS package in '/home/fog/ros2_ws/src/my_robot_interfaces' with build type 'ament_cmake'
[0.636s] INFO:colcon.colcon_cmake.task.cmake.build:Building CMake package in '/home/fog/ros2_ws/src/my_robot_interfaces'
[0.644s] INFO:colcon.colcon_core.plugin_system:Skipping extension 'colcon_core.shell.bat': Not used on non-Windows systems
[0.644s] INFO:colcon.colcon_core.shell:Skip shell extension 'powershell' for command environment: Not usable outside of PowerShell
[0.644s] DEBUG:colcon.colcon_core.shell:Skip shell extension 'dsv' for command environment
[0.648s] INFO:colcon.colcon_ros.task.ament_python.build:Building ROS package in '/home/fog/ros2_ws/src/my_py_pkg' with build type 'ament_python'
[0.648s] Level 1:colcon.colcon_core.shell:create_environment_hook('my_py_pkg', 'ament_prefix_path')
[0.649s] INFO:colcon.colcon_core.shell:Creating environment hook '/home/fog/ros2_ws/install/my_py_pkg/share/my_py_pkg/hook/ament_prefix_path.ps1'
[0.649s] INFO:colcon.colcon_core.shell:Creating environment descriptor '/home/fog/ros2_ws/install/my_py_pkg/share/my_py_pkg/hook/ament_prefix_path.dsv'
[0.650s] INFO:colcon.colcon_core.shell:Creating environment hook '/home/fog/ros2_ws/install/my_py_pkg/share/my_py_pkg/hook/ament_prefix_path.sh'
[0.651s] INFO:colcon.colcon_core.shell:Skip shell extension 'powershell' for command environment: Not usable outside of PowerShell
[0.651s] DEBUG:colcon.colcon_core.shell:Skip shell extension 'dsv' for command environment
[0.659s] DEBUG:colcon.colcon_core.event_handler.log_command:Invoking command in '/home/fog/ros2_ws/build/my_robot_interfaces': CMAKE_PREFIX_PATH=${CMAKE_PREFIX_PATH}:/home/fog/ros2_ws/install/turtlesim_catch_sim:/home/fog/ros2_ws/install/my_py_pkg:/opt/ros/humble /usr/bin/cmake --build /home/fog/ros2_ws/build/my_robot_interfaces -- -j16 -l16
[0.923s] INFO:colcon.colcon_core.task.python.build:Building Python package in '/home/fog/ros2_ws/src/my_py_pkg'
[0.923s] INFO:colcon.colcon_core.shell:Skip shell extension 'powershell' for command environment: Not usable outside of PowerShell
[0.923s] DEBUG:colcon.colcon_core.shell:Skip shell extension 'dsv' for command environment
[1.103s] DEBUG:colcon.colcon_core.event_handler.log_command:Invoked command in '/home/fog/ros2_ws/build/my_robot_interfaces' returned '0': CMAKE_PREFIX_PATH=${CMAKE_PREFIX_PATH}:/home/fog/ros2_ws/install/turtlesim_catch_sim:/home/fog/ros2_ws/install/my_py_pkg:/opt/ros/humble /usr/bin/cmake --build /home/fog/ros2_ws/build/my_robot_interfaces -- -j16 -l16
[1.119s] DEBUG:colcon.colcon_core.event_handler.log_command:Invoking command in '/home/fog/ros2_ws/build/my_robot_interfaces': CMAKE_PREFIX_PATH=${CMAKE_PREFIX_PATH}:/home/fog/ros2_ws/install/turtlesim_catch_sim:/home/fog/ros2_ws/install/my_py_pkg:/opt/ros/humble /usr/bin/cmake --install /home/fog/ros2_ws/build/my_robot_interfaces
[1.308s] Level 1:colcon.colcon_core.environment:create_environment_scripts_only(my_robot_interfaces)
[1.309s] DEBUG:colcon.colcon_core.event_handler.log_command:Invoked command in '/home/fog/ros2_ws/build/my_robot_interfaces' returned '0': CMAKE_PREFIX_PATH=${CMAKE_PREFIX_PATH}:/home/fog/ros2_ws/install/turtlesim_catch_sim:/home/fog/ros2_ws/install/my_py_pkg:/opt/ros/humble /usr/bin/cmake --install /home/fog/ros2_ws/build/my_robot_interfaces
[1.316s] Level 1:colcon.colcon_core.environment:checking '/home/fog/ros2_ws/install/my_robot_interfaces' for CMake module files
[1.317s] Level 1:colcon.colcon_core.environment:checking '/home/fog/ros2_ws/install/my_robot_interfaces' for CMake config files
[1.318s] Level 1:colcon.colcon_core.shell:create_environment_hook('my_robot_interfaces', 'cmake_prefix_path')
[1.318s] INFO:colcon.colcon_core.shell:Creating environment hook '/home/fog/ros2_ws/install/my_robot_interfaces/share/my_robot_interfaces/hook/cmake_prefix_path.ps1'
[1.319s] INFO:colcon.colcon_core.shell:Creating environment descriptor '/home/fog/ros2_ws/install/my_robot_interfaces/share/my_robot_interfaces/hook/cmake_prefix_path.dsv'
[1.319s] INFO:colcon.colcon_core.shell:Creating environment hook '/home/fog/ros2_ws/install/my_robot_interfaces/share/my_robot_interfaces/hook/cmake_prefix_path.sh'
[1.320s] Level 1:colcon.colcon_core.environment:checking '/home/fog/ros2_ws/install/my_robot_interfaces/lib'
[1.320s] Level 1:colcon.colcon_core.shell:create_environment_hook('my_robot_interfaces', 'ld_library_path_lib')
[1.320s] INFO:colcon.colcon_core.shell:Creating environment hook '/home/fog/ros2_ws/install/my_robot_interfaces/share/my_robot_interfaces/hook/ld_library_path_lib.ps1'
[1.321s] INFO:colcon.colcon_core.shell:Creating environment descriptor '/home/fog/ros2_ws/install/my_robot_interfaces/share/my_robot_interfaces/hook/ld_library_path_lib.dsv'
[1.321s] INFO:colcon.colcon_core.shell:Creating environment hook '/home/fog/ros2_ws/install/my_robot_interfaces/share/my_robot_interfaces/hook/ld_library_path_lib.sh'
[1.322s] Level 1:colcon.colcon_core.environment:checking '/home/fog/ros2_ws/install/my_robot_interfaces/bin'
[1.322s] Level 1:colcon.colcon_core.environment:checking '/home/fog/ros2_ws/install/my_robot_interfaces/lib/pkgconfig/my_robot_interfaces.pc'
[1.322s] Level 1:colcon.colcon_core.environment:checking '/home/fog/ros2_ws/install/my_robot_interfaces/lib/python3.10/site-packages'
[1.322s] Level 1:colcon.colcon_core.environment:checking '/home/fog/ros2_ws/install/my_robot_interfaces/bin'
[1.322s] INFO:colcon.colcon_core.shell:Creating package script '/home/fog/ros2_ws/install/my_robot_interfaces/share/my_robot_interfaces/package.ps1'
[1.324s] INFO:colcon.colcon_core.shell:Creating package descriptor '/home/fog/ros2_ws/install/my_robot_interfaces/share/my_robot_interfaces/package.dsv'
[1.325s] INFO:colcon.colcon_core.shell:Creating package script '/home/fog/ros2_ws/install/my_robot_interfaces/share/my_robot_interfaces/package.sh'
[1.326s] INFO:colcon.colcon_core.shell:Creating package script '/home/fog/ros2_ws/install/my_robot_interfaces/share/my_robot_interfaces/package.bash'
[1.327s] INFO:colcon.colcon_core.shell:Creating package script '/home/fog/ros2_ws/install/my_robot_interfaces/share/my_robot_interfaces/package.zsh'
[1.328s] Level 1:colcon.colcon_core.environment:create_file_with_runtime_dependencies(/home/fog/ros2_ws/install/my_robot_interfaces/share/colcon-core/packages/my_robot_interfaces)
[1.329s] Level 1:colcon.colcon_core.environment:create_environment_scripts_only(my_robot_interfaces)
[1.329s] Level 1:colcon.colcon_core.environment:checking '/home/fog/ros2_ws/install/my_robot_interfaces' for CMake module files
[1.330s] Level 1:colcon.colcon_core.environment:checking '/home/fog/ros2_ws/install/my_robot_interfaces' for CMake config files
[1.330s] Level 1:colcon.colcon_core.shell:create_environment_hook('my_robot_interfaces', 'cmake_prefix_path')
[1.330s] INFO:colcon.colcon_core.shell:Creating environment hook '/home/fog/ros2_ws/install/my_robot_interfaces/share/my_robot_interfaces/hook/cmake_prefix_path.ps1'
[1.331s] INFO:colcon.colcon_core.shell:Creating environment descriptor '/home/fog/ros2_ws/install/my_robot_interfaces/share/my_robot_interfaces/hook/cmake_prefix_path.dsv'
[1.331s] INFO:colcon.colcon_core.shell:Creating environment hook '/home/fog/ros2_ws/install/my_robot_interfaces/share/my_robot_interfaces/hook/cmake_prefix_path.sh'
[1.332s] Level 1:colcon.colcon_core.environment:checking '/home/fog/ros2_ws/install/my_robot_interfaces/lib'
[1.332s] Level 1:colcon.colcon_core.shell:create_environment_hook('my_robot_interfaces', 'ld_library_path_lib')
[1.332s] INFO:colcon.colcon_core.shell:Creating environment hook '/home/fog/ros2_ws/install/my_robot_interfaces/share/my_robot_interfaces/hook/ld_library_path_lib.ps1'
[1.332s] INFO:colcon.colcon_core.shell:Creating environment descriptor '/home/fog/ros2_ws/install/my_robot_interfaces/share/my_robot_interfaces/hook/ld_library_path_lib.dsv'
[1.333s] INFO:colcon.colcon_core.shell:Creating environment hook '/home/fog/ros2_ws/install/my_robot_interfaces/share/my_robot_interfaces/hook/ld_library_path_lib.sh'
[1.333s] Level 1:colcon.colcon_core.environment:checking '/home/fog/ros2_ws/install/my_robot_interfaces/bin'
[1.333s] Level 1:colcon.colcon_core.environment:checking '/home/fog/ros2_ws/install/my_robot_interfaces/lib/pkgconfig/my_robot_interfaces.pc'
[1.333s] Level 1:colcon.colcon_core.environment:checking '/home/fog/ros2_ws/install/my_robot_interfaces/lib/python3.10/site-packages'
[1.334s] Level 1:colcon.colcon_core.environment:checking '/home/fog/ros2_ws/install/my_robot_interfaces/bin'
[1.334s] INFO:colcon.colcon_core.shell:Creating package script '/home/fog/ros2_ws/install/my_robot_interfaces/share/my_robot_interfaces/package.ps1'
[1.334s] INFO:colcon.colcon_core.shell:Creating package descriptor '/home/fog/ros2_ws/install/my_robot_interfaces/share/my_robot_interfaces/package.dsv'
[1.335s] INFO:colcon.colcon_core.shell:Creating package script '/home/fog/ros2_ws/install/my_robot_interfaces/share/my_robot_interfaces/package.sh'
[1.336s] INFO:colcon.colcon_core.shell:Creating package script '/home/fog/ros2_ws/install/my_robot_interfaces/share/my_robot_interfaces/package.bash'
[1.336s] INFO:colcon.colcon_core.shell:Creating package script '/home/fog/ros2_ws/install/my_robot_interfaces/share/my_robot_interfaces/package.zsh'
[1.337s] Level 1:colcon.colcon_core.environment:create_file_with_runtime_dependencies(/home/fog/ros2_ws/install/my_robot_interfaces/share/colcon-core/packages/my_robot_interfaces)
[1.337s] INFO:colcon.colcon_ros.task.ament_python.build:Building ROS package in '/home/fog/ros2_ws/src/turtlesim_catch_sim' with build type 'ament_python'
[1.337s] Level 1:colcon.colcon_core.shell:create_environment_hook('turtlesim_catch_sim', 'ament_prefix_path')
[1.338s] INFO:colcon.colcon_core.shell:Creating environment hook '/home/fog/ros2_ws/install/turtlesim_catch_sim/share/turtlesim_catch_sim/hook/ament_prefix_path.ps1'
[1.338s] INFO:colcon.colcon_core.shell:Creating environment descriptor '/home/fog/ros2_ws/install/turtlesim_catch_sim/share/turtlesim_catch_sim/hook/ament_prefix_path.dsv'
[1.339s] INFO:colcon.colcon_core.shell:Creating environment hook '/home/fog/ros2_ws/install/turtlesim_catch_sim/share/turtlesim_catch_sim/hook/ament_prefix_path.sh'
[1.340s] INFO:colcon.colcon_core.shell:Skip shell extension 'powershell' for command environment: Not usable outside of PowerShell
[1.340s] DEBUG:colcon.colcon_core.shell:Skip shell extension 'dsv' for command environment
[1.610s] INFO:colcon.colcon_core.task.python.build:Building Python package in '/home/fog/ros2_ws/src/turtlesim_catch_sim'
[1.610s] INFO:colcon.colcon_core.shell:Skip shell extension 'powershell' for command environment: Not usable outside of PowerShell
[1.610s] DEBUG:colcon.colcon_core.shell:Skip shell extension 'dsv' for command environment
[1.617s] DEBUG:colcon.colcon_core.event_handler.log_command:Invoking command in '/home/fog/ros2_ws/build/my_py_pkg': PYTHONPATH=/home/fog/ros2_ws/build/my_py_pkg/prefix_override:/usr/lib/python3/dist-packages/colcon_core/task/python/colcon_distutils_commands:/home/fog/ros2_ws/install/my_py_pkg/lib/python3.10/site-packages:${PYTHONPATH} /usr/bin/python3 -W ignore:setup.py install is deprecated -W ignore:easy_install command is deprecated setup.py develop --editable --build-directory /home/fog/ros2_ws/build/my_py_pkg/build --no-deps symlink_data
[1.978s] DEBUG:colcon.colcon_core.event_handler.log_command:Invoking command in '/home/fog/ros2_ws/build/turtlesim_catch_sim': LD_LIBRARY_PATH=/home/fog/ros2_ws/install/my_robot_interfaces/lib:/usr/lib/x86_64-linux-gnu/gazebo-11/plugins:/opt/ros/humble/opt/rviz_ogre_vendor/lib:/opt/ros/humble/lib/x86_64-linux-gnu:/opt/ros/humble/lib:/usr/share/gazebo/../../lib/x86_64-linux-gnu/gazebo-11/plugins PYTHONPATH=/home/fog/ros2_ws/build/turtlesim_catch_sim/prefix_override:/usr/lib/python3/dist-packages/colcon_core/task/python/colcon_distutils_commands:/home/fog/ros2_ws/install/turtlesim_catch_sim/lib/python3.10/site-packages:${PYTHONPATH} /usr/bin/python3 -W ignore:setup.py install is deprecated -W ignore:easy_install command is deprecated setup.py develop --editable --build-directory /home/fog/ros2_ws/build/turtlesim_catch_sim/build --no-deps symlink_data
[2.070s] Level 1:colcon.colcon_core.shell:create_environment_hook('my_py_pkg', 'pythonpath_develop')
[2.070s] INFO:colcon.colcon_core.shell:Creating environment hook '/home/fog/ros2_ws/build/my_py_pkg/share/my_py_pkg/hook/pythonpath_develop.ps1'
[2.071s] DEBUG:colcon.colcon_core.event_handler.log_command:Invoked command in '/home/fog/ros2_ws/build/my_py_pkg' returned '0': PYTHONPATH=/home/fog/ros2_ws/build/my_py_pkg/prefix_override:/usr/lib/python3/dist-packages/colcon_core/task/python/colcon_distutils_commands:/home/fog/ros2_ws/install/my_py_pkg/lib/python3.10/site-packages:${PYTHONPATH} /usr/bin/python3 -W ignore:setup.py install is deprecated -W ignore:easy_install command is deprecated setup.py develop --editable --build-directory /home/fog/ros2_ws/build/my_py_pkg/build --no-deps symlink_data
[2.072s] INFO:colcon.colcon_core.shell:Creating environment descriptor '/home/fog/ros2_ws/build/my_py_pkg/share/my_py_pkg/hook/pythonpath_develop.dsv'
[2.072s] INFO:colcon.colcon_core.shell:Creating environment hook '/home/fog/ros2_ws/build/my_py_pkg/share/my_py_pkg/hook/pythonpath_develop.sh'
[2.073s] Level 1:colcon.colcon_core.environment:checking '/home/fog/ros2_ws/install/my_py_pkg' for CMake module files
[2.074s] Level 1:colcon.colcon_core.environment:checking '/home/fog/ros2_ws/install/my_py_pkg' for CMake config files
[2.078s] Level 1:colcon.colcon_core.environment:checking '/home/fog/ros2_ws/install/my_py_pkg/lib'
[2.078s] Level 1:colcon.colcon_core.environment:checking '/home/fog/ros2_ws/install/my_py_pkg/bin'
[2.078s] Level 1:colcon.colcon_core.environment:checking '/home/fog/ros2_ws/install/my_py_pkg/lib/pkgconfig/my_py_pkg.pc'
[2.078s] Level 1:colcon.colcon_core.environment:checking '/home/fog/ros2_ws/install/my_py_pkg/lib/python3.10/site-packages'
[2.078s] Level 1:colcon.colcon_core.shell:create_environment_hook('my_py_pkg', 'pythonpath')
[2.078s] INFO:colcon.colcon_core.shell:Creating environment hook '/home/fog/ros2_ws/install/my_py_pkg/share/my_py_pkg/hook/pythonpath.ps1'
[2.079s] INFO:colcon.colcon_core.shell:Creating environment descriptor '/home/fog/ros2_ws/install/my_py_pkg/share/my_py_pkg/hook/pythonpath.dsv'
[2.079s] INFO:colcon.colcon_core.shell:Creating environment hook '/home/fog/ros2_ws/install/my_py_pkg/share/my_py_pkg/hook/pythonpath.sh'
[2.080s] Level 1:colcon.colcon_core.environment:checking '/home/fog/ros2_ws/install/my_py_pkg/bin'
[2.080s] Level 1:colcon.colcon_core.environment:create_environment_scripts_only(my_py_pkg)
[2.080s] INFO:colcon.colcon_core.shell:Creating package script '/home/fog/ros2_ws/install/my_py_pkg/share/my_py_pkg/package.ps1'
[2.081s] INFO:colcon.colcon_core.shell:Creating package descriptor '/home/fog/ros2_ws/install/my_py_pkg/share/my_py_pkg/package.dsv'
[2.082s] INFO:colcon.colcon_core.shell:Creating package script '/home/fog/ros2_ws/install/my_py_pkg/share/my_py_pkg/package.sh'
[2.082s] INFO:colcon.colcon_core.shell:Creating package script '/home/fog/ros2_ws/install/my_py_pkg/share/my_py_pkg/package.bash'
[2.083s] INFO:colcon.colcon_core.shell:Creating package script '/home/fog/ros2_ws/install/my_py_pkg/share/my_py_pkg/package.zsh'
[2.083s] Level 1:colcon.colcon_core.environment:create_file_with_runtime_dependencies(/home/fog/ros2_ws/install/my_py_pkg/share/colcon-core/packages/my_py_pkg)
[2.429s] Level 1:colcon.colcon_core.shell:create_environment_hook('turtlesim_catch_sim', 'pythonpath_develop')
[2.430s] INFO:colcon.colcon_core.shell:Creating environment hook '/home/fog/ros2_ws/build/turtlesim_catch_sim/share/turtlesim_catch_sim/hook/pythonpath_develop.ps1'
[2.430s] DEBUG:colcon.colcon_core.event_handler.log_command:Invoked command in '/home/fog/ros2_ws/build/turtlesim_catch_sim' returned '0': LD_LIBRARY_PATH=/home/fog/ros2_ws/install/my_robot_interfaces/lib:/usr/lib/x86_64-linux-gnu/gazebo-11/plugins:/opt/ros/humble/opt/rviz_ogre_vendor/lib:/opt/ros/humble/lib/x86_64-linux-gnu:/opt/ros/humble/lib:/usr/share/gazebo/../../lib/x86_64-linux-gnu/gazebo-11/plugins PYTHONPATH=/home/fog/ros2_ws/build/turtlesim_catch_sim/prefix_override:/usr/lib/python3/dist-packages/colcon_core/task/python/colcon_distutils_commands:/home/fog/ros2_ws/install/turtlesim_catch_sim/lib/python3.10/site-packages:${PYTHONPATH} /usr/bin/python3 -W ignore:setup.py install is deprecated -W ignore:easy_install command is deprecated setup.py develop --editable --build-directory /home/fog/ros2_ws/build/turtlesim_catch_sim/build --no-deps symlink_data
[2.431s] INFO:colcon.colcon_core.shell:Creating environment descriptor '/home/fog/ros2_ws/build/turtlesim_catch_sim/share/turtlesim_catch_sim/hook/pythonpath_develop.dsv'
[2.431s] INFO:colcon.colcon_core.shell:Creating environment hook '/home/fog/ros2_ws/build/turtlesim_catch_sim/share/turtlesim_catch_sim/hook/pythonpath_develop.sh'
[2.432s] Level 1:colcon.colcon_core.environment:checking '/home/fog/ros2_ws/install/turtlesim_catch_sim' for CMake module files
[2.433s] Level 1:colcon.colcon_core.environment:checking '/home/fog/ros2_ws/install/turtlesim_catch_sim' for CMake config files
[2.436s] Level 1:colcon.colcon_core.environment:checking '/home/fog/ros2_ws/install/turtlesim_catch_sim/lib'
[2.437s] Level 1:colcon.colcon_core.environment:checking '/home/fog/ros2_ws/install/turtlesim_catch_sim/bin'
[2.437s] Level 1:colcon.colcon_core.environment:checking '/home/fog/ros2_ws/install/turtlesim_catch_sim/lib/pkgconfig/turtlesim_catch_sim.pc'
[2.437s] Level 1:colcon.colcon_core.environment:checking '/home/fog/ros2_ws/install/turtlesim_catch_sim/lib/python3.10/site-packages'
[2.437s] Level 1:colcon.colcon_core.shell:create_environment_hook('turtlesim_catch_sim', 'pythonpath')
[2.437s] INFO:colcon.colcon_core.shell:Creating environment hook '/home/fog/ros2_ws/install/turtlesim_catch_sim/share/turtlesim_catch_sim/hook/pythonpath.ps1'
[2.438s] INFO:colcon.colcon_core.shell:Creating environment descriptor '/home/fog/ros2_ws/install/turtlesim_catch_sim/share/turtlesim_catch_sim/hook/pythonpath.dsv'
[2.438s] INFO:colcon.colcon_core.shell:Creating environment hook '/home/fog/ros2_ws/install/turtlesim_catch_sim/share/turtlesim_catch_sim/hook/pythonpath.sh'
[2.439s] Level 1:colcon.colcon_core.environment:checking '/home/fog/ros2_ws/install/turtlesim_catch_sim/bin'
[2.439s] Level 1:colcon.colcon_core.environment:create_environment_scripts_only(turtlesim_catch_sim)
[2.439s] INFO:colcon.colcon_core.shell:Creating package script '/home/fog/ros2_ws/install/turtlesim_catch_sim/share/turtlesim_catch_sim/package.ps1'
[2.440s] INFO:colcon.colcon_core.shell:Creating package descriptor '/home/fog/ros2_ws/install/turtlesim_catch_sim/share/turtlesim_catch_sim/package.dsv'
[2.441s] INFO:colcon.colcon_core.shell:Creating package script '/home/fog/ros2_ws/install/turtlesim_catch_sim/share/turtlesim_catch_sim/package.sh'
[2.441s] INFO:colcon.colcon_core.shell:Creating package script '/home/fog/ros2_ws/install/turtlesim_catch_sim/share/turtlesim_catch_sim/package.bash'
[2.442s] INFO:colcon.colcon_core.shell:Creating package script '/home/fog/ros2_ws/install/turtlesim_catch_sim/share/turtlesim_catch_sim/package.zsh'
[2.442s] Level 1:colcon.colcon_core.environment:create_file_with_runtime_dependencies(/home/fog/ros2_ws/install/turtlesim_catch_sim/share/colcon-core/packages/turtlesim_catch_sim)
[2.443s] INFO:colcon.colcon_ros.task.ament_cmake.build:Building ROS package in '/home/fog/ros2_ws/src/my_robot_bringup' with build type 'ament_cmake'
[2.443s] INFO:colcon.colcon_cmake.task.cmake.build:Building CMake package in '/home/fog/ros2_ws/src/my_robot_bringup'
[2.443s] INFO:colcon.colcon_core.shell:Skip shell extension 'powershell' for command environment: Not usable outside of PowerShell
[2.443s] DEBUG:colcon.colcon_core.shell:Skip shell extension 'dsv' for command environment
[2.464s] DEBUG:colcon.colcon_core.event_handler.log_command:Invoking command in '/home/fog/ros2_ws/build/my_robot_bringup': AMENT_PREFIX_PATH=/home/fog/ros2_ws/install/turtlesim_catch_sim:/home/fog/ros2_ws/install/my_py_pkg:/home/fog/ros2_ws/install/my_robot_interfaces:/home/fog/ros2_ws/install/my_robot_bringup:/opt/ros/humble CMAKE_PREFIX_PATH=${CMAKE_PREFIX_PATH}:/home/fog/ros2_ws/install/turtlesim_catch_sim:/home/fog/ros2_ws/install/my_py_pkg:/opt/ros/humble LD_LIBRARY_PATH=/home/fog/ros2_ws/install/my_robot_interfaces/lib:/usr/lib/x86_64-linux-gnu/gazebo-11/plugins:/opt/ros/humble/opt/rviz_ogre_vendor/lib:/opt/ros/humble/lib/x86_64-linux-gnu:/opt/ros/humble/lib:/usr/share/gazebo/../../lib/x86_64-linux-gnu/gazebo-11/plugins PYTHONPATH=/home/fog/ros2_ws/build/turtlesim_catch_sim:/home/fog/ros2_ws/install/turtlesim_catch_sim/lib/python3.10/site-packages:/home/fog/ros2_ws/build/my_py_pkg:/home/fog/ros2_ws/install/my_py_pkg/lib/python3.10/site-packages:/home/fog/ros2_ws/install/my_robot_interfaces/local/lib/python3.10/dist-packages:/opt/ros/humble/lib/python3.10/site-packages:/opt/ros/humble/local/lib/python3.10/dist-packages /usr/bin/cmake --build /home/fog/ros2_ws/build/my_robot_bringup -- -j16 -l16
[2.828s] DEBUG:colcon.colcon_core.event_handler.log_command:Invoked command in '/home/fog/ros2_ws/build/my_robot_bringup' returned '0': AMENT_PREFIX_PATH=/home/fog/ros2_ws/install/turtlesim_catch_sim:/home/fog/ros2_ws/install/my_py_pkg:/home/fog/ros2_ws/install/my_robot_interfaces:/home/fog/ros2_ws/install/my_robot_bringup:/opt/ros/humble CMAKE_PREFIX_PATH=${CMAKE_PREFIX_PATH}:/home/fog/ros2_ws/install/turtlesim_catch_sim:/home/fog/ros2_ws/install/my_py_pkg:/opt/ros/humble LD_LIBRARY_PATH=/home/fog/ros2_ws/install/my_robot_interfaces/lib:/usr/lib/x86_64-linux-gnu/gazebo-11/plugins:/opt/ros/humble/opt/rviz_ogre_vendor/lib:/opt/ros/humble/lib/x86_64-linux-gnu:/opt/ros/humble/lib:/usr/share/gazebo/../../lib/x86_64-linux-gnu/gazebo-11/plugins PYTHONPATH=/home/fog/ros2_ws/build/turtlesim_catch_sim:/home/fog/ros2_ws/install/turtlesim_catch_sim/lib/python3.10/site-packages:/home/fog/ros2_ws/build/my_py_pkg:/home/fog/ros2_ws/install/my_py_pkg/lib/python3.10/site-packages:/home/fog/ros2_ws/install/my_robot_interfaces/local/lib/python3.10/dist-packages:/opt/ros/humble/lib/python3.10/site-packages:/opt/ros/humble/local/lib/python3.10/dist-packages /usr/bin/cmake --build /home/fog/ros2_ws/build/my_robot_bringup -- -j16 -l16
[2.830s] DEBUG:colcon.colcon_core.event_handler.log_command:Invoking command in '/home/fog/ros2_ws/build/my_robot_bringup': AMENT_PREFIX_PATH=/home/fog/ros2_ws/install/turtlesim_catch_sim:/home/fog/ros2_ws/install/my_py_pkg:/home/fog/ros2_ws/install/my_robot_interfaces:/home/fog/ros2_ws/install/my_robot_bringup:/opt/ros/humble CMAKE_PREFIX_PATH=${CMAKE_PREFIX_PATH}:/home/fog/ros2_ws/install/turtlesim_catch_sim:/home/fog/ros2_ws/install/my_py_pkg:/opt/ros/humble LD_LIBRARY_PATH=/home/fog/ros2_ws/install/my_robot_interfaces/lib:/usr/lib/x86_64-linux-gnu/gazebo-11/plugins:/opt/ros/humble/opt/rviz_ogre_vendor/lib:/opt/ros/humble/lib/x86_64-linux-gnu:/opt/ros/humble/lib:/usr/share/gazebo/../../lib/x86_64-linux-gnu/gazebo-11/plugins PYTHONPATH=/home/fog/ros2_ws/build/turtlesim_catch_sim:/home/fog/ros2_ws/install/turtlesim_catch_sim/lib/python3.10/site-packages:/home/fog/ros2_ws/build/my_py_pkg:/home/fog/ros2_ws/install/my_py_pkg/lib/python3.10/site-packages:/home/fog/ros2_ws/install/my_robot_interfaces/local/lib/python3.10/dist-packages:/opt/ros/humble/lib/python3.10/site-packages:/opt/ros/humble/local/lib/python3.10/dist-packages /usr/bin/cmake --install /home/fog/ros2_ws/build/my_robot_bringup
[2.891s] Level 1:colcon.colcon_core.environment:create_environment_scripts_only(my_robot_bringup)
[2.892s] Level 1:colcon.colcon_core.environment:checking '/home/fog/ros2_ws/install/my_robot_bringup' for CMake module files
[2.893s] DEBUG:colcon.colcon_core.event_handler.log_command:Invoked command in '/home/fog/ros2_ws/build/my_robot_bringup' returned '0': AMENT_PREFIX_PATH=/home/fog/ros2_ws/install/turtlesim_catch_sim:/home/fog/ros2_ws/install/my_py_pkg:/home/fog/ros2_ws/install/my_robot_interfaces:/home/fog/ros2_ws/install/my_robot_bringup:/opt/ros/humble CMAKE_PREFIX_PATH=${CMAKE_PREFIX_PATH}:/home/fog/ros2_ws/install/turtlesim_catch_sim:/home/fog/ros2_ws/install/my_py_pkg:/opt/ros/humble LD_LIBRARY_PATH=/home/fog/ros2_ws/install/my_robot_interfaces/lib:/usr/lib/x86_64-linux-gnu/gazebo-11/plugins:/opt/ros/humble/opt/rviz_ogre_vendor/lib:/opt/ros/humble/lib/x86_64-linux-gnu:/opt/ros/humble/lib:/usr/share/gazebo/../../lib/x86_64-linux-gnu/gazebo-11/plugins PYTHONPATH=/home/fog/ros2_ws/build/turtlesim_catch_sim:/home/fog/ros2_ws/install/turtlesim_catch_sim/lib/python3.10/site-packages:/home/fog/ros2_ws/build/my_py_pkg:/home/fog/ros2_ws/install/my_py_pkg/lib/python3.10/site-packages:/home/fog/ros2_ws/install/my_robot_interfaces/local/lib/python3.10/dist-packages:/opt/ros/humble/lib/python3.10/site-packages:/opt/ros/humble/local/lib/python3.10/dist-packages /usr/bin/cmake --install /home/fog/ros2_ws/build/my_robot_bringup
[2.893s] Level 1:colcon.colcon_core.environment:checking '/home/fog/ros2_ws/install/my_robot_bringup' for CMake config files
[2.896s] Level 1:colcon.colcon_core.shell:create_environment_hook('my_robot_bringup', 'cmake_prefix_path')
[2.896s] INFO:colcon.colcon_core.shell:Creating environment hook '/home/fog/ros2_ws/install/my_robot_bringup/share/my_robot_bringup/hook/cmake_prefix_path.ps1'
[2.897s] INFO:colcon.colcon_core.shell:Creating environment descriptor '/home/fog/ros2_ws/install/my_robot_bringup/share/my_robot_bringup/hook/cmake_prefix_path.dsv'
[2.898s] INFO:colcon.colcon_core.shell:Creating environment hook '/home/fog/ros2_ws/install/my_robot_bringup/share/my_robot_bringup/hook/cmake_prefix_path.sh'
[2.898s] Level 1:colcon.colcon_core.environment:checking '/home/fog/ros2_ws/install/my_robot_bringup/bin'
[2.898s] Level 1:colcon.colcon_core.environment:checking '/home/fog/ros2_ws/install/my_robot_bringup/lib/pkgconfig/my_robot_bringup.pc'
[2.898s] Level 1:colcon.colcon_core.environment:checking '/home/fog/ros2_ws/install/my_robot_bringup/lib/python3.10/site-packages'
[2.899s] Level 1:colcon.colcon_core.environment:checking '/home/fog/ros2_ws/install/my_robot_bringup/bin'
[2.899s] INFO:colcon.colcon_core.shell:Creating package script '/home/fog/ros2_ws/install/my_robot_bringup/share/my_robot_bringup/package.ps1'
[2.900s] INFO:colcon.colcon_core.shell:Creating package descriptor '/home/fog/ros2_ws/install/my_robot_bringup/share/my_robot_bringup/package.dsv'
[2.900s] INFO:colcon.colcon_core.shell:Creating package script '/home/fog/ros2_ws/install/my_robot_bringup/share/my_robot_bringup/package.sh'
[2.900s] INFO:colcon.colcon_core.shell:Creating package script '/home/fog/ros2_ws/install/my_robot_bringup/share/my_robot_bringup/package.bash'
[2.901s] INFO:colcon.colcon_core.shell:Creating package script '/home/fog/ros2_ws/install/my_robot_bringup/share/my_robot_bringup/package.zsh'
[2.901s] Level 1:colcon.colcon_core.environment:create_file_with_runtime_dependencies(/home/fog/ros2_ws/install/my_robot_bringup/share/colcon-core/packages/my_robot_bringup)
[2.902s] Level 1:colcon.colcon_core.environment:create_environment_scripts_only(my_robot_bringup)
[2.902s] Level 1:colcon.colcon_core.environment:checking '/home/fog/ros2_ws/install/my_robot_bringup' for CMake module files
[2.902s] Level 1:colcon.colcon_core.environment:checking '/home/fog/ros2_ws/install/my_robot_bringup' for CMake config files
[2.903s] Level 1:colcon.colcon_core.shell:create_environment_hook('my_robot_bringup', 'cmake_prefix_path')
[2.903s] INFO:colcon.colcon_core.shell:Creating environment hook '/home/fog/ros2_ws/install/my_robot_bringup/share/my_robot_bringup/hook/cmake_prefix_path.ps1'
[2.904s] INFO:colcon.colcon_core.shell:Creating environment descriptor '/home/fog/ros2_ws/install/my_robot_bringup/share/my_robot_bringup/hook/cmake_prefix_path.dsv'
[2.904s] INFO:colcon.colcon_core.shell:Creating environment hook '/home/fog/ros2_ws/install/my_robot_bringup/share/my_robot_bringup/hook/cmake_prefix_path.sh'
[2.905s] Level 1:colcon.colcon_core.environment:checking '/home/fog/ros2_ws/install/my_robot_bringup/bin'
[2.905s] Level 1:colcon.colcon_core.environment:checking '/home/fog/ros2_ws/install/my_robot_bringup/lib/pkgconfig/my_robot_bringup.pc'
[2.905s] Level 1:colcon.colcon_core.environment:checking '/home/fog/ros2_ws/install/my_robot_bringup/lib/python3.10/site-packages'
[2.905s] Level 1:colcon.colcon_core.environment:checking '/home/fog/ros2_ws/install/my_robot_bringup/bin'
[2.905s] INFO:colcon.colcon_core.shell:Creating package script '/home/fog/ros2_ws/install/my_robot_bringup/share/my_robot_bringup/package.ps1'
[2.906s] INFO:colcon.colcon_core.shell:Creating package descriptor '/home/fog/ros2_ws/install/my_robot_bringup/share/my_robot_bringup/package.dsv'
[2.907s] INFO:colcon.colcon_core.shell:Creating package script '/home/fog/ros2_ws/install/my_robot_bringup/share/my_robot_bringup/package.sh'
[2.908s] INFO:colcon.colcon_core.shell:Creating package script '/home/fog/ros2_ws/install/my_robot_bringup/share/my_robot_bringup/package.bash'
[2.908s] INFO:colcon.colcon_core.shell:Creating package script '/home/fog/ros2_ws/install/my_robot_bringup/share/my_robot_bringup/package.zsh'
[2.908s] Level 1:colcon.colcon_core.environment:create_file_with_runtime_dependencies(/home/fog/ros2_ws/install/my_robot_bringup/share/colcon-core/packages/my_robot_bringup)
[2.909s] DEBUG:colcon.colcon_parallel_executor.executor.parallel:closing loop
[2.910s] DEBUG:colcon.colcon_parallel_executor.executor.parallel:loop closed
[2.910s] DEBUG:colcon.colcon_parallel_executor.executor.parallel:run_until_complete finished with '0'
[2.910s] DEBUG:colcon.colcon_core.event_reactor:joining thread
[2.924s] INFO:colcon.colcon_core.plugin_system:Skipping extension 'colcon_notification.desktop_notification.terminal_notifier': Not used on non-Darwin systems
[2.924s] INFO:colcon.colcon_core.plugin_system:Skipping extension 'colcon_notification.desktop_notification.win32': Not used on non-Windows systems
[2.924s] INFO:colcon.colcon_notification.desktop_notification:Sending desktop notification using 'notify2'
[2.943s] DEBUG:colcon.colcon_core.event_reactor:joined thread
[2.944s] INFO:colcon.colcon_core.shell:Creating prefix script '/home/fog/ros2_ws/install/local_setup.ps1'
[2.945s] INFO:colcon.colcon_core.shell:Creating prefix util module '/home/fog/ros2_ws/install/_local_setup_util_ps1.py'
[2.947s] INFO:colcon.colcon_core.shell:Creating prefix chain script '/home/fog/ros2_ws/install/setup.ps1'
[2.949s] INFO:colcon.colcon_core.shell:Creating prefix script '/home/fog/ros2_ws/install/local_setup.sh'
[2.951s] INFO:colcon.colcon_core.shell:Creating prefix util module '/home/fog/ros2_ws/install/_local_setup_util_sh.py'
[2.953s] INFO:colcon.colcon_core.shell:Creating prefix chain script '/home/fog/ros2_ws/install/setup.sh'
[2.958s] INFO:colcon.colcon_core.shell:Creating prefix script '/home/fog/ros2_ws/install/local_setup.bash'
[2.959s] INFO:colcon.colcon_core.shell:Creating prefix chain script '/home/fog/ros2_ws/install/setup.bash'
[2.961s] INFO:colcon.colcon_core.shell:Creating prefix script '/home/fog/ros2_ws/install/local_setup.zsh'
[2.962s] INFO:colcon.colcon_core.shell:Creating prefix chain script '/home/fog/ros2_ws/install/setup.zsh'
