[0.373s] DEBUG:colcon:Command line arguments: ['/usr/bin/colcon', 'build']
[0.373s] DEBUG:colcon:Parsed command line arguments: Namespace(log_base=None, log_level=None, verb_name='build', build_base='build', install_base='install', merge_install=False, symlink_install=False, test_result_base=None, continue_on_error=False, executor='parallel', parallel_workers=16, event_handlers=None, ignore_user_meta=False, metas=['./colcon.meta'], base_paths=['.'], packages_ignore=None, packages_ignore_regex=None, paths=None, packages_up_to=None, packages_up_to_regex=None, packages_above=None, packages_above_and_dependencies=None, packages_above_depth=None, packages_select_by_dep=None, packages_skip_by_dep=None, packages_skip_up_to=None, packages_select_build_failed=False, packages_skip_build_finished=False, packages_select_test_failures=False, packages_skip_test_passed=False, packages_select=None, packages_skip=None, packages_select_regex=None, packages_skip_regex=None, packages_start=None, packages_end=None, allow_overriding=[], cmake_args=None, cmake_target=None, cmake_target_skip_unavailable=False, cmake_clean_cache=False, cmake_clean_first=False, cmake_force_configure=False, ament_cmake_args=None, catkin_cmake_args=None, catkin_skip_building_tests=False, verb_parser=<colcon_defaults.argument_parser.defaults.DefaultArgumentsDecorator object at 0x7053a1638820>, verb_extension=<colcon_core.verb.build.BuildVerb object at 0x7053a17c4f10>, main=<bound method BuildVerb.main of <colcon_core.verb.build.BuildVerb object at 0x7053a17c4f10>>)
[0.978s] Level 1:colcon.colcon_core.package_discovery:discover_packages(colcon_meta) check parameters
[0.978s] Level 1:colcon.colcon_core.package_discovery:discover_packages(recursive) check parameters
[0.978s] Level 1:colcon.colcon_core.package_discovery:discover_packages(ignore) check parameters
[0.978s] Level 1:colcon.colcon_core.package_discovery:discover_packages(path) check parameters
[0.978s] Level 1:colcon.colcon_core.package_discovery:discover_packages(colcon_meta) discover
[0.978s] Level 1:colcon.colcon_core.package_discovery:discover_packages(recursive) discover
[0.978s] INFO:colcon.colcon_core.package_discovery:Crawling recursively for packages in '/home/fog/rob_ws'
[0.978s] Level 1:colcon.colcon_core.package_identification:_identify(.) by extensions ['ignore', 'ignore_ament_install']
[0.979s] Level 1:colcon.colcon_core.package_identification:_identify(.) by extension 'ignore'
[0.979s] Level 1:colcon.colcon_core.package_identification:_identify(.) by extension 'ignore_ament_install'
[0.979s] Level 1:colcon.colcon_core.package_identification:_identify(.) by extensions ['colcon_pkg']
[0.979s] Level 1:colcon.colcon_core.package_identification:_identify(.) by extension 'colcon_pkg'
[0.979s] Level 1:colcon.colcon_core.package_identification:_identify(.) by extensions ['colcon_meta']
[0.979s] Level 1:colcon.colcon_core.package_identification:_identify(.) by extension 'colcon_meta'
[0.979s] Level 1:colcon.colcon_core.package_identification:_identify(.) by extensions ['ros']
[0.979s] Level 1:colcon.colcon_core.package_identification:_identify(.) by extension 'ros'
[1.002s] Level 1:colcon.colcon_core.package_identification:_identify(.) by extensions ['cmake', 'python']
[1.003s] Level 1:colcon.colcon_core.package_identification:_identify(.) by extension 'cmake'
[1.003s] Level 1:colcon.colcon_core.package_identification:_identify(.) by extension 'python'
[1.003s] Level 1:colcon.colcon_core.package_identification:_identify(.) by extensions ['python_setup_py']
[1.003s] Level 1:colcon.colcon_core.package_identification:_identify(.) by extension 'python_setup_py'
[1.003s] Level 1:colcon.colcon_core.package_identification:_identify(build) by extensions ['ignore', 'ignore_ament_install']
[1.003s] Level 1:colcon.colcon_core.package_identification:_identify(build) by extension 'ignore'
[1.003s] Level 1:colcon.colcon_core.package_identification:_identify(build) ignored
[1.003s] Level 1:colcon.colcon_core.package_identification:_identify(install) by extensions ['ignore', 'ignore_ament_install']
[1.003s] Level 1:colcon.colcon_core.package_identification:_identify(install) by extension 'ignore'
[1.003s] Level 1:colcon.colcon_core.package_identification:_identify(install) ignored
[1.003s] Level 1:colcon.colcon_core.package_identification:_identify(log) by extensions ['ignore', 'ignore_ament_install']
[1.003s] Level 1:colcon.colcon_core.package_identification:_identify(log) by extension 'ignore'
[1.003s] Level 1:colcon.colcon_core.package_identification:_identify(log) ignored
[1.003s] Level 1:colcon.colcon_core.package_identification:_identify(src) by extensions ['ignore', 'ignore_ament_install']
[1.004s] Level 1:colcon.colcon_core.package_identification:_identify(src) by extension 'ignore'
[1.004s] Level 1:colcon.colcon_core.package_identification:_identify(src) by extension 'ignore_ament_install'
[1.004s] Level 1:colcon.colcon_core.package_identification:_identify(src) by extensions ['colcon_pkg']
[1.004s] Level 1:colcon.colcon_core.package_identification:_identify(src) by extension 'colcon_pkg'
[1.004s] Level 1:colcon.colcon_core.package_identification:_identify(src) by extensions ['colcon_meta']
[1.004s] Level 1:colcon.colcon_core.package_identification:_identify(src) by extension 'colcon_meta'
[1.004s] Level 1:colcon.colcon_core.package_identification:_identify(src) by extensions ['ros']
[1.004s] Level 1:colcon.colcon_core.package_identification:_identify(src) by extension 'ros'
[1.004s] Level 1:colcon.colcon_core.package_identification:_identify(src) by extensions ['cmake', 'python']
[1.004s] Level 1:colcon.colcon_core.package_identification:_identify(src) by extension 'cmake'
[1.004s] Level 1:colcon.colcon_core.package_identification:_identify(src) by extension 'python'
[1.004s] Level 1:colcon.colcon_core.package_identification:_identify(src) by extensions ['python_setup_py']
[1.004s] Level 1:colcon.colcon_core.package_identification:_identify(src) by extension 'python_setup_py'
[1.004s] Level 1:colcon.colcon_core.package_identification:_identify(src/three_car_bringup) by extensions ['ignore', 'ignore_ament_install']
[1.004s] Level 1:colcon.colcon_core.package_identification:_identify(src/three_car_bringup) by extension 'ignore'
[1.004s] Level 1:colcon.colcon_core.package_identification:_identify(src/three_car_bringup) by extension 'ignore_ament_install'
[1.004s] Level 1:colcon.colcon_core.package_identification:_identify(src/three_car_bringup) by extensions ['colcon_pkg']
[1.005s] Level 1:colcon.colcon_core.package_identification:_identify(src/three_car_bringup) by extension 'colcon_pkg'
[1.005s] Level 1:colcon.colcon_core.package_identification:_identify(src/three_car_bringup) by extensions ['colcon_meta']
[1.005s] Level 1:colcon.colcon_core.package_identification:_identify(src/three_car_bringup) by extension 'colcon_meta'
[1.005s] Level 1:colcon.colcon_core.package_identification:_identify(src/three_car_bringup) by extensions ['ros']
[1.005s] Level 1:colcon.colcon_core.package_identification:_identify(src/three_car_bringup) by extension 'ros'
[1.010s] DEBUG:colcon.colcon_core.package_identification:Package 'src/three_car_bringup' with type 'ros.ament_cmake' and name 'three_car_bringup'
[1.010s] Level 1:colcon.colcon_core.package_identification:_identify(src/three_car_description) by extensions ['ignore', 'ignore_ament_install']
[1.010s] Level 1:colcon.colcon_core.package_identification:_identify(src/three_car_description) by extension 'ignore'
[1.010s] Level 1:colcon.colcon_core.package_identification:_identify(src/three_car_description) by extension 'ignore_ament_install'
[1.010s] Level 1:colcon.colcon_core.package_identification:_identify(src/three_car_description) by extensions ['colcon_pkg']
[1.010s] Level 1:colcon.colcon_core.package_identification:_identify(src/three_car_description) by extension 'colcon_pkg'
[1.010s] Level 1:colcon.colcon_core.package_identification:_identify(src/three_car_description) by extensions ['colcon_meta']
[1.010s] Level 1:colcon.colcon_core.package_identification:_identify(src/three_car_description) by extension 'colcon_meta'
[1.010s] Level 1:colcon.colcon_core.package_identification:_identify(src/three_car_description) by extensions ['ros']
[1.011s] Level 1:colcon.colcon_core.package_identification:_identify(src/three_car_description) by extension 'ros'
[1.012s] DEBUG:colcon.colcon_core.package_identification:Package 'src/three_car_description' with type 'ros.ament_cmake' and name 'three_car_description'
[1.012s] Level 1:colcon.colcon_core.package_discovery:discover_packages(recursive) using defaults
[1.012s] Level 1:colcon.colcon_core.package_discovery:discover_packages(ignore) discover
[1.012s] Level 1:colcon.colcon_core.package_discovery:discover_packages(ignore) using defaults
[1.012s] Level 1:colcon.colcon_core.package_discovery:discover_packages(path) discover
[1.012s] Level 1:colcon.colcon_core.package_discovery:discover_packages(path) using defaults
[1.061s] Level 1:colcon.colcon_core.package_discovery:discover_packages(prefix_path) check parameters
[1.061s] Level 1:colcon.colcon_core.package_discovery:discover_packages(prefix_path) discover
[1.074s] DEBUG:colcon.colcon_installed_package_information.package_discovery:Found 2 installed packages in /home/fog/rob_ws/install
[1.080s] DEBUG:colcon.colcon_installed_package_information.package_discovery:Found 457 installed packages in /opt/ros/humble
[1.082s] Level 1:colcon.colcon_core.package_discovery:discover_packages(prefix_path) using defaults
[1.276s] Level 5:colcon.colcon_core.verb:set package 'three_car_bringup' build argument 'cmake_args' from command line to 'None'
[1.276s] Level 5:colcon.colcon_core.verb:set package 'three_car_bringup' build argument 'cmake_target' from command line to 'None'
[1.276s] Level 5:colcon.colcon_core.verb:set package 'three_car_bringup' build argument 'cmake_target_skip_unavailable' from command line to 'False'
[1.276s] Level 5:colcon.colcon_core.verb:set package 'three_car_bringup' build argument 'cmake_clean_cache' from command line to 'False'
[1.276s] Level 5:colcon.colcon_core.verb:set package 'three_car_bringup' build argument 'cmake_clean_first' from command line to 'False'
[1.276s] Level 5:colcon.colcon_core.verb:set package 'three_car_bringup' build argument 'cmake_force_configure' from command line to 'False'
[1.276s] Level 5:colcon.colcon_core.verb:set package 'three_car_bringup' build argument 'ament_cmake_args' from command line to 'None'
[1.276s] Level 5:colcon.colcon_core.verb:set package 'three_car_bringup' build argument 'catkin_cmake_args' from command line to 'None'
[1.276s] Level 5:colcon.colcon_core.verb:set package 'three_car_bringup' build argument 'catkin_skip_building_tests' from command line to 'False'
[1.276s] DEBUG:colcon.colcon_core.verb:Building package 'three_car_bringup' with the following arguments: {'ament_cmake_args': None, 'build_base': '/home/fog/rob_ws/build/three_car_bringup', 'catkin_cmake_args': None, 'catkin_skip_building_tests': False, 'cmake_args': None, 'cmake_clean_cache': False, 'cmake_clean_first': False, 'cmake_force_configure': False, 'cmake_target': None, 'cmake_target_skip_unavailable': False, 'install_base': '/home/fog/rob_ws/install/three_car_bringup', 'merge_install': False, 'path': '/home/fog/rob_ws/src/three_car_bringup', 'symlink_install': False, 'test_result_base': None}
[1.277s] Level 5:colcon.colcon_core.verb:set package 'three_car_description' build argument 'cmake_args' from command line to 'None'
[1.277s] Level 5:colcon.colcon_core.verb:set package 'three_car_description' build argument 'cmake_target' from command line to 'None'
[1.277s] Level 5:colcon.colcon_core.verb:set package 'three_car_description' build argument 'cmake_target_skip_unavailable' from command line to 'False'
[1.277s] Level 5:colcon.colcon_core.verb:set package 'three_car_description' build argument 'cmake_clean_cache' from command line to 'False'
[1.277s] Level 5:colcon.colcon_core.verb:set package 'three_car_description' build argument 'cmake_clean_first' from command line to 'False'
[1.277s] Level 5:colcon.colcon_core.verb:set package 'three_car_description' build argument 'cmake_force_configure' from command line to 'False'
[1.277s] Level 5:colcon.colcon_core.verb:set package 'three_car_description' build argument 'ament_cmake_args' from command line to 'None'
[1.277s] Level 5:colcon.colcon_core.verb:set package 'three_car_description' build argument 'catkin_cmake_args' from command line to 'None'
[1.277s] Level 5:colcon.colcon_core.verb:set package 'three_car_description' build argument 'catkin_skip_building_tests' from command line to 'False'
[1.277s] DEBUG:colcon.colcon_core.verb:Building package 'three_car_description' with the following arguments: {'ament_cmake_args': None, 'build_base': '/home/fog/rob_ws/build/three_car_description', 'catkin_cmake_args': None, 'catkin_skip_building_tests': False, 'cmake_args': None, 'cmake_clean_cache': False, 'cmake_clean_first': False, 'cmake_force_configure': False, 'cmake_target': None, 'cmake_target_skip_unavailable': False, 'install_base': '/home/fog/rob_ws/install/three_car_description', 'merge_install': False, 'path': '/home/fog/rob_ws/src/three_car_description', 'symlink_install': False, 'test_result_base': None}
[1.277s] INFO:colcon.colcon_core.executor:Executing jobs using 'parallel' executor
[1.278s] DEBUG:colcon.colcon_parallel_executor.executor.parallel:run_until_complete
[1.279s] INFO:colcon.colcon_ros.task.ament_cmake.build:Building ROS package in '/home/fog/rob_ws/src/three_car_bringup' with build type 'ament_cmake'
[1.279s] INFO:colcon.colcon_cmake.task.cmake.build:Building CMake package in '/home/fog/rob_ws/src/three_car_bringup'
[1.291s] INFO:colcon.colcon_core.plugin_system:Skipping extension 'colcon_core.shell.bat': Not used on non-Windows systems
[1.291s] INFO:colcon.colcon_core.shell:Skip shell extension 'powershell' for command environment: Not usable outside of PowerShell
[1.291s] DEBUG:colcon.colcon_core.shell:Skip shell extension 'dsv' for command environment
[1.296s] INFO:colcon.colcon_ros.task.ament_cmake.build:Building ROS package in '/home/fog/rob_ws/src/three_car_description' with build type 'ament_cmake'
[1.296s] INFO:colcon.colcon_cmake.task.cmake.build:Building CMake package in '/home/fog/rob_ws/src/three_car_description'
[1.296s] INFO:colcon.colcon_core.shell:Skip shell extension 'powershell' for command environment: Not usable outside of PowerShell
[1.296s] DEBUG:colcon.colcon_core.shell:Skip shell extension 'dsv' for command environment
[1.305s] DEBUG:colcon.colcon_core.event_handler.log_command:Invoking command in '/home/fog/rob_ws/build/three_car_bringup': CMAKE_PREFIX_PATH=${CMAKE_PREFIX_PATH}:/opt/ros/humble /usr/bin/cmake --build /home/fog/rob_ws/build/three_car_bringup -- -j16 -l16
[1.318s] DEBUG:colcon.colcon_core.event_handler.log_command:Invoking command in '/home/fog/rob_ws/build/three_car_description': CMAKE_PREFIX_PATH=${CMAKE_PREFIX_PATH}:/opt/ros/humble /usr/bin/cmake --build /home/fog/rob_ws/build/three_car_description -- -j16 -l16
[1.384s] DEBUG:colcon.colcon_core.event_handler.log_command:Invoked command in '/home/fog/rob_ws/build/three_car_bringup' returned '0': CMAKE_PREFIX_PATH=${CMAKE_PREFIX_PATH}:/opt/ros/humble /usr/bin/cmake --build /home/fog/rob_ws/build/three_car_bringup -- -j16 -l16
[1.400s] DEBUG:colcon.colcon_core.event_handler.log_command:Invoking command in '/home/fog/rob_ws/build/three_car_bringup': CMAKE_PREFIX_PATH=${CMAKE_PREFIX_PATH}:/opt/ros/humble /usr/bin/cmake --install /home/fog/rob_ws/build/three_car_bringup
[1.400s] DEBUG:colcon.colcon_core.event_handler.log_command:Invoked command in '/home/fog/rob_ws/build/three_car_description' returned '0': CMAKE_PREFIX_PATH=${CMAKE_PREFIX_PATH}:/opt/ros/humble /usr/bin/cmake --build /home/fog/rob_ws/build/three_car_description -- -j16 -l16
[1.403s] DEBUG:colcon.colcon_core.event_handler.log_command:Invoking command in '/home/fog/rob_ws/build/three_car_description': CMAKE_PREFIX_PATH=${CMAKE_PREFIX_PATH}:/opt/ros/humble /usr/bin/cmake --install /home/fog/rob_ws/build/three_car_description
[1.413s] Level 1:colcon.colcon_core.environment:create_environment_scripts_only(three_car_bringup)
[1.414s] DEBUG:colcon.colcon_core.event_handler.log_command:Invoked command in '/home/fog/rob_ws/build/three_car_bringup' returned '0': CMAKE_PREFIX_PATH=${CMAKE_PREFIX_PATH}:/opt/ros/humble /usr/bin/cmake --install /home/fog/rob_ws/build/three_car_bringup
[1.427s] Level 1:colcon.colcon_core.environment:checking '/home/fog/rob_ws/install/three_car_bringup' for CMake module files
[1.428s] Level 1:colcon.colcon_core.environment:checking '/home/fog/rob_ws/install/three_car_bringup' for CMake config files
[1.428s] Level 1:colcon.colcon_core.shell:create_environment_hook('three_car_bringup', 'cmake_prefix_path')
[1.428s] INFO:colcon.colcon_core.shell:Creating environment hook '/home/fog/rob_ws/install/three_car_bringup/share/three_car_bringup/hook/cmake_prefix_path.ps1'
[1.430s] INFO:colcon.colcon_core.shell:Creating environment descriptor '/home/fog/rob_ws/install/three_car_bringup/share/three_car_bringup/hook/cmake_prefix_path.dsv'
[1.430s] INFO:colcon.colcon_core.shell:Creating environment hook '/home/fog/rob_ws/install/three_car_bringup/share/three_car_bringup/hook/cmake_prefix_path.sh'
[1.432s] Level 1:colcon.colcon_core.environment:checking '/home/fog/rob_ws/install/three_car_bringup/bin'
[1.432s] Level 1:colcon.colcon_core.environment:checking '/home/fog/rob_ws/install/three_car_bringup/lib/pkgconfig/three_car_bringup.pc'
[1.432s] Level 1:colcon.colcon_core.environment:checking '/home/fog/rob_ws/install/three_car_bringup/lib/python3.10/site-packages'
[1.432s] Level 1:colcon.colcon_core.environment:checking '/home/fog/rob_ws/install/three_car_bringup/bin'
[1.433s] INFO:colcon.colcon_core.shell:Creating package script '/home/fog/rob_ws/install/three_car_bringup/share/three_car_bringup/package.ps1'
[1.435s] INFO:colcon.colcon_core.shell:Creating package descriptor '/home/fog/rob_ws/install/three_car_bringup/share/three_car_bringup/package.dsv'
[1.436s] INFO:colcon.colcon_core.shell:Creating package script '/home/fog/rob_ws/install/three_car_bringup/share/three_car_bringup/package.sh'
[1.437s] INFO:colcon.colcon_core.shell:Creating package script '/home/fog/rob_ws/install/three_car_bringup/share/three_car_bringup/package.bash'
[1.438s] INFO:colcon.colcon_core.shell:Creating package script '/home/fog/rob_ws/install/three_car_bringup/share/three_car_bringup/package.zsh'
[1.439s] Level 1:colcon.colcon_core.environment:create_file_with_runtime_dependencies(/home/fog/rob_ws/install/three_car_bringup/share/colcon-core/packages/three_car_bringup)
[1.440s] Level 1:colcon.colcon_core.environment:create_environment_scripts_only(three_car_bringup)
[1.440s] Level 1:colcon.colcon_core.environment:checking '/home/fog/rob_ws/install/three_car_bringup' for CMake module files
[1.440s] Level 1:colcon.colcon_core.environment:checking '/home/fog/rob_ws/install/three_car_bringup' for CMake config files
[1.440s] Level 1:colcon.colcon_core.shell:create_environment_hook('three_car_bringup', 'cmake_prefix_path')
[1.441s] INFO:colcon.colcon_core.shell:Creating environment hook '/home/fog/rob_ws/install/three_car_bringup/share/three_car_bringup/hook/cmake_prefix_path.ps1'
[1.441s] INFO:colcon.colcon_core.shell:Creating environment descriptor '/home/fog/rob_ws/install/three_car_bringup/share/three_car_bringup/hook/cmake_prefix_path.dsv'
[1.442s] INFO:colcon.colcon_core.shell:Creating environment hook '/home/fog/rob_ws/install/three_car_bringup/share/three_car_bringup/hook/cmake_prefix_path.sh'
[1.442s] Level 1:colcon.colcon_core.environment:checking '/home/fog/rob_ws/install/three_car_bringup/bin'
[1.442s] Level 1:colcon.colcon_core.environment:checking '/home/fog/rob_ws/install/three_car_bringup/lib/pkgconfig/three_car_bringup.pc'
[1.443s] Level 1:colcon.colcon_core.environment:checking '/home/fog/rob_ws/install/three_car_bringup/lib/python3.10/site-packages'
[1.443s] Level 1:colcon.colcon_core.environment:checking '/home/fog/rob_ws/install/three_car_bringup/bin'
[1.443s] INFO:colcon.colcon_core.shell:Creating package script '/home/fog/rob_ws/install/three_car_bringup/share/three_car_bringup/package.ps1'
[1.444s] INFO:colcon.colcon_core.shell:Creating package descriptor '/home/fog/rob_ws/install/three_car_bringup/share/three_car_bringup/package.dsv'
[1.444s] INFO:colcon.colcon_core.shell:Creating package script '/home/fog/rob_ws/install/three_car_bringup/share/three_car_bringup/package.sh'
[1.445s] INFO:colcon.colcon_core.shell:Creating package script '/home/fog/rob_ws/install/three_car_bringup/share/three_car_bringup/package.bash'
[1.446s] INFO:colcon.colcon_core.shell:Creating package script '/home/fog/rob_ws/install/three_car_bringup/share/three_car_bringup/package.zsh'
[1.446s] Level 1:colcon.colcon_core.environment:create_file_with_runtime_dependencies(/home/fog/rob_ws/install/three_car_bringup/share/colcon-core/packages/three_car_bringup)
[1.448s] Level 1:colcon.colcon_core.environment:create_environment_scripts_only(three_car_description)
[1.448s] Level 1:colcon.colcon_core.environment:checking '/home/fog/rob_ws/install/three_car_description' for CMake module files
[1.449s] Level 1:colcon.colcon_core.environment:checking '/home/fog/rob_ws/install/three_car_description' for CMake config files
[1.450s] DEBUG:colcon.colcon_core.event_handler.log_command:Invoked command in '/home/fog/rob_ws/build/three_car_description' returned '0': CMAKE_PREFIX_PATH=${CMAKE_PREFIX_PATH}:/opt/ros/humble /usr/bin/cmake --install /home/fog/rob_ws/build/three_car_description
[1.450s] Level 1:colcon.colcon_core.shell:create_environment_hook('three_car_description', 'cmake_prefix_path')
[1.450s] INFO:colcon.colcon_core.shell:Creating environment hook '/home/fog/rob_ws/install/three_car_description/share/three_car_description/hook/cmake_prefix_path.ps1'
[1.451s] INFO:colcon.colcon_core.shell:Creating environment descriptor '/home/fog/rob_ws/install/three_car_description/share/three_car_description/hook/cmake_prefix_path.dsv'
[1.451s] INFO:colcon.colcon_core.shell:Creating environment hook '/home/fog/rob_ws/install/three_car_description/share/three_car_description/hook/cmake_prefix_path.sh'
[1.452s] Level 1:colcon.colcon_core.environment:checking '/home/fog/rob_ws/install/three_car_description/bin'
[1.452s] Level 1:colcon.colcon_core.environment:checking '/home/fog/rob_ws/install/three_car_description/lib/pkgconfig/three_car_description.pc'
[1.452s] Level 1:colcon.colcon_core.environment:checking '/home/fog/rob_ws/install/three_car_description/lib/python3.10/site-packages'
[1.453s] Level 1:colcon.colcon_core.environment:checking '/home/fog/rob_ws/install/three_car_description/bin'
[1.453s] INFO:colcon.colcon_core.shell:Creating package script '/home/fog/rob_ws/install/three_car_description/share/three_car_description/package.ps1'
[1.454s] INFO:colcon.colcon_core.shell:Creating package descriptor '/home/fog/rob_ws/install/three_car_description/share/three_car_description/package.dsv'
[1.454s] INFO:colcon.colcon_core.shell:Creating package script '/home/fog/rob_ws/install/three_car_description/share/three_car_description/package.sh'
[1.455s] INFO:colcon.colcon_core.shell:Creating package script '/home/fog/rob_ws/install/three_car_description/share/three_car_description/package.bash'
[1.455s] INFO:colcon.colcon_core.shell:Creating package script '/home/fog/rob_ws/install/three_car_description/share/three_car_description/package.zsh'
[1.456s] Level 1:colcon.colcon_core.environment:create_file_with_runtime_dependencies(/home/fog/rob_ws/install/three_car_description/share/colcon-core/packages/three_car_description)
[1.456s] Level 1:colcon.colcon_core.environment:create_environment_scripts_only(three_car_description)
[1.456s] Level 1:colcon.colcon_core.environment:checking '/home/fog/rob_ws/install/three_car_description' for CMake module files
[1.457s] Level 1:colcon.colcon_core.environment:checking '/home/fog/rob_ws/install/three_car_description' for CMake config files
[1.457s] Level 1:colcon.colcon_core.shell:create_environment_hook('three_car_description', 'cmake_prefix_path')
[1.457s] INFO:colcon.colcon_core.shell:Creating environment hook '/home/fog/rob_ws/install/three_car_description/share/three_car_description/hook/cmake_prefix_path.ps1'
[1.458s] INFO:colcon.colcon_core.shell:Creating environment descriptor '/home/fog/rob_ws/install/three_car_description/share/three_car_description/hook/cmake_prefix_path.dsv'
[1.458s] INFO:colcon.colcon_core.shell:Creating environment hook '/home/fog/rob_ws/install/three_car_description/share/three_car_description/hook/cmake_prefix_path.sh'
[1.459s] Level 1:colcon.colcon_core.environment:checking '/home/fog/rob_ws/install/three_car_description/bin'
[1.459s] Level 1:colcon.colcon_core.environment:checking '/home/fog/rob_ws/install/three_car_description/lib/pkgconfig/three_car_description.pc'
[1.459s] Level 1:colcon.colcon_core.environment:checking '/home/fog/rob_ws/install/three_car_description/lib/python3.10/site-packages'
[1.459s] Level 1:colcon.colcon_core.environment:checking '/home/fog/rob_ws/install/three_car_description/bin'
[1.460s] INFO:colcon.colcon_core.shell:Creating package script '/home/fog/rob_ws/install/three_car_description/share/three_car_description/package.ps1'
[1.460s] INFO:colcon.colcon_core.shell:Creating package descriptor '/home/fog/rob_ws/install/three_car_description/share/three_car_description/package.dsv'
[1.461s] INFO:colcon.colcon_core.shell:Creating package script '/home/fog/rob_ws/install/three_car_description/share/three_car_description/package.sh'
[1.461s] INFO:colcon.colcon_core.shell:Creating package script '/home/fog/rob_ws/install/three_car_description/share/three_car_description/package.bash'
[1.462s] INFO:colcon.colcon_core.shell:Creating package script '/home/fog/rob_ws/install/three_car_description/share/three_car_description/package.zsh'
[1.462s] Level 1:colcon.colcon_core.environment:create_file_with_runtime_dependencies(/home/fog/rob_ws/install/three_car_description/share/colcon-core/packages/three_car_description)
[1.463s] DEBUG:colcon.colcon_parallel_executor.executor.parallel:closing loop
[1.463s] DEBUG:colcon.colcon_parallel_executor.executor.parallel:loop closed
[1.463s] DEBUG:colcon.colcon_parallel_executor.executor.parallel:run_until_complete finished with '0'
[1.464s] DEBUG:colcon.colcon_core.event_reactor:joining thread
[1.477s] INFO:colcon.colcon_core.plugin_system:Skipping extension 'colcon_notification.desktop_notification.terminal_notifier': Not used on non-Darwin systems
[1.477s] INFO:colcon.colcon_core.plugin_system:Skipping extension 'colcon_notification.desktop_notification.win32': Not used on non-Windows systems
[1.477s] INFO:colcon.colcon_notification.desktop_notification:Sending desktop notification using 'notify2'
[1.493s] DEBUG:colcon.colcon_core.event_reactor:joined thread
[1.493s] INFO:colcon.colcon_core.shell:Creating prefix script '/home/fog/rob_ws/install/local_setup.ps1'
[1.495s] INFO:colcon.colcon_core.shell:Creating prefix util module '/home/fog/rob_ws/install/_local_setup_util_ps1.py'
[1.496s] INFO:colcon.colcon_core.shell:Creating prefix chain script '/home/fog/rob_ws/install/setup.ps1'
[1.498s] INFO:colcon.colcon_core.shell:Creating prefix script '/home/fog/rob_ws/install/local_setup.sh'
[1.499s] INFO:colcon.colcon_core.shell:Creating prefix util module '/home/fog/rob_ws/install/_local_setup_util_sh.py'
[1.500s] INFO:colcon.colcon_core.shell:Creating prefix chain script '/home/fog/rob_ws/install/setup.sh'
[1.502s] INFO:colcon.colcon_core.shell:Creating prefix script '/home/fog/rob_ws/install/local_setup.bash'
[1.503s] INFO:colcon.colcon_core.shell:Creating prefix chain script '/home/fog/rob_ws/install/setup.bash'
[1.504s] INFO:colcon.colcon_core.shell:Creating prefix script '/home/fog/rob_ws/install/local_setup.zsh'
[1.505s] INFO:colcon.colcon_core.shell:Creating prefix chain script '/home/fog/rob_ws/install/setup.zsh'
