[0.867s] Invoking command in '/home/fog/ros2_ws/build/turtlesim_catch_sim': PYTHONPATH=/home/fog/ros2_ws/build/turtlesim_catch_sim/prefix_override:/usr/lib/python3/dist-packages/colcon_core/task/python/colcon_distutils_commands:/home/fog/ros2_ws/install/turtlesim_catch_sim/lib/python3.10/site-packages:${PYTHONPATH} /usr/bin/python3 -W ignore:setup.py install is deprecated -W ignore:easy_install command is deprecated setup.py develop --editable --build-directory /home/fog/ros2_ws/build/turtlesim_catch_sim/build --no-deps symlink_data
[1.114s] running develop
[1.271s] running egg_info
[1.271s] creating turtlesim_catch_sim.egg-info
[1.271s] writing turtlesim_catch_sim.egg-info/PKG-INFO
[1.271s] writing dependency_links to turtlesim_catch_sim.egg-info/dependency_links.txt
[1.271s] writing entry points to turtlesim_catch_sim.egg-info/entry_points.txt
[1.271s] writing requirements to turtlesim_catch_sim.egg-info/requires.txt
[1.271s] writing top-level names to turtlesim_catch_sim.egg-info/top_level.txt
[1.272s] writing manifest file 'turtlesim_catch_sim.egg-info/SOURCES.txt'
[1.274s] reading manifest file 'turtlesim_catch_sim.egg-info/SOURCES.txt'
[1.274s] writing manifest file 'turtlesim_catch_sim.egg-info/SOURCES.txt'
[1.275s] running build_ext
[1.275s] Creating /home/fog/ros2_ws/install/turtlesim_catch_sim/lib/python3.10/site-packages/turtlesim-catch-sim.egg-link (link to .)
[1.276s] Installing turtle_controller_node script to /home/fog/ros2_ws/install/turtlesim_catch_sim/lib/turtlesim_catch_sim
[1.276s] Installing turtle_spawner_node script to /home/fog/ros2_ws/install/turtlesim_catch_sim/lib/turtlesim_catch_sim
[1.276s] 
[1.276s] Installed /home/fog/ros2_ws/build/turtlesim_catch_sim
[1.276s] running symlink_data
[1.276s] creating /home/fog/ros2_ws/install/turtlesim_catch_sim/share/ament_index
[1.276s] creating /home/fog/ros2_ws/install/turtlesim_catch_sim/share/ament_index/resource_index
[1.277s] creating /home/fog/ros2_ws/install/turtlesim_catch_sim/share/ament_index/resource_index/packages
[1.277s] symbolically linking /home/fog/ros2_ws/build/turtlesim_catch_sim/resource/turtlesim_catch_sim -> /home/fog/ros2_ws/install/turtlesim_catch_sim/share/ament_index/resource_index/packages
[1.277s] symbolically linking /home/fog/ros2_ws/build/turtlesim_catch_sim/package.xml -> /home/fog/ros2_ws/install/turtlesim_catch_sim/share/turtlesim_catch_sim
[1.312s] Invoked command in '/home/fog/ros2_ws/build/turtlesim_catch_sim' returned '0': PYTHONPATH=/home/fog/ros2_ws/build/turtlesim_catch_sim/prefix_override:/usr/lib/python3/dist-packages/colcon_core/task/python/colcon_distutils_commands:/home/fog/ros2_ws/install/turtlesim_catch_sim/lib/python3.10/site-packages:${PYTHONPATH} /usr/bin/python3 -W ignore:setup.py install is deprecated -W ignore:easy_install command is deprecated setup.py develop --editable --build-directory /home/fog/ros2_ws/build/turtlesim_catch_sim/build --no-deps symlink_data
